FF..FF                                                                   [100%]
=================================== FAILURES ===================================
_______________________ test_PYSEC_2025_185_fix_pinning ________________________

    def test_PYSEC_2025_185_fix_pinning():
        """A JWE whose compressed payload decompresses beyond the size limit must be rejected with JWEError."""
        cek = b'0' * 32
        iv = b'1' * 16
        token = _make_gzip_jwe(b'A' * (300 * 1024), cek, iv)
        with pytest.raises(JWEError):
>           jwe.decrypt(token, cek)

tests/test_python_jose_cve_cve_2024_29370.py:33: 
_ _ _ _ _ _ _ _ _ _ _ _ _ _ _ _ _ _ _ _ _ _ _ _ _ _ _ _ _ _ _ _ _ _ _ _ _ _ _ _ 
venv/lib/python3.12/site-packages/jose/jwe.py:86: in decrypt
    header, encoded_header, encrypted_key, iv, cipher_text, auth_tag = _jwe_compact_deserialize(jwe_str)
                                                                       ^^^^^^^^^^^^^^^^^^^^^^^^^^^^^^^^^
_ _ _ _ _ _ _ _ _ _ _ _ _ _ _ _ _ _ _ _ _ _ _ _ _ _ _ _ _ _ _ _ _ _ _ _ _ _ _ _ 

jwe_bytes = None

    def _jwe_compact_deserialize(jwe_bytes):
        """
        Deserialize and verify the header and segments are appropriate.
    
        Args:
            jwe_bytes (bytes): The compact serialized JWE
        Returns:
            (dict, bytes, bytes, bytes, bytes, bytes)
        """
    
        # Base64url decode the encoded representations of the JWE
        # Protected Header, the JWE Encrypted Key, the JWE Initialization
        # Vector, the JWE Ciphertext, the JWE Authentication Tag, and the
        # JWE AAD, following the restriction that no line breaks,
        # whitespace, or other additional characters have been used.
        jwe_bytes = ensure_binary(jwe_bytes)
        try:
>           header_segment, encrypted_key_segment, iv_segment, cipher_text_segment, auth_tag_segment = jwe_bytes.split(
                                                                                                       ^^^^^^^^^^^^^^^
                b".", 4
            )
E           AttributeError: 'NoneType' object has no attribute 'split'

venv/lib/python3.12/site-packages/jose/jwe.py:280: AttributeError
_________________________ test_PYSEC_2025_185_exposure _________________________

    def test_PYSEC_2025_185_exposure():
        """Same oversized-compression trigger via the app's jwe.decrypt call pattern must raise JWEError."""
        cek = b'0' * 32
        iv = b'1' * 16
        token = _make_gzip_jwe(b'B' * (300 * 1024), cek, iv)
        with pytest.raises(JWEError):
>           jwe.decrypt(token, cek)

tests/test_python_jose_cve_cve_2024_29370.py:41: 
_ _ _ _ _ _ _ _ _ _ _ _ _ _ _ _ _ _ _ _ _ _ _ _ _ _ _ _ _ _ _ _ _ _ _ _ _ _ _ _ 
venv/lib/python3.12/site-packages/jose/jwe.py:86: in decrypt
    header, encoded_header, encrypted_key, iv, cipher_text, auth_tag = _jwe_compact_deserialize(jwe_str)
                                                                       ^^^^^^^^^^^^^^^^^^^^^^^^^^^^^^^^^
_ _ _ _ _ _ _ _ _ _ _ _ _ _ _ _ _ _ _ _ _ _ _ _ _ _ _ _ _ _ _ _ _ _ _ _ _ _ _ _ 

jwe_bytes = None

    def _jwe_compact_deserialize(jwe_bytes):
        """
        Deserialize and verify the header and segments are appropriate.
    
        Args:
            jwe_bytes (bytes): The compact serialized JWE
        Returns:
            (dict, bytes, bytes, bytes, bytes, bytes)
        """
    
        # Base64url decode the encoded representations of the JWE
        # Protected Header, the JWE Encrypted Key, the JWE Initialization
        # Vector, the JWE Ciphertext, the JWE Authentication Tag, and the
        # JWE AAD, following the restriction that no line breaks,
        # whitespace, or other additional characters have been used.
        jwe_bytes = ensure_binary(jwe_bytes)
        try:
>           header_segment, encrypted_key_segment, iv_segment, cipher_text_segment, auth_tag_segment = jwe_bytes.split(
                                                                                                       ^^^^^^^^^^^^^^^
                b".", 4
            )
E           AttributeError: 'NoneType' object has no attribute 'split'

venv/lib/python3.12/site-packages/jose/jwe.py:280: AttributeError
_____________________ test_ghsa_cjwg_qfpm_7377_fix_pinning _____________________

    def test_ghsa_cjwg_qfpm_7377_fix_pinning():
        """Decompressing a bomb JWE must be capped: new version raises JWEError, old version returns 100 MB."""
        token = _bomb_token()
        with pytest.raises(JWEError):
>           jwe.decrypt(token, KEY)

tests/test_python_jose_cve_cve_2024_33664.py:24: 
_ _ _ _ _ _ _ _ _ _ _ _ _ _ _ _ _ _ _ _ _ _ _ _ _ _ _ _ _ _ _ _ _ _ _ _ _ _ _ _ 
venv/lib/python3.12/site-packages/jose/jwe.py:86: in decrypt
    header, encoded_header, encrypted_key, iv, cipher_text, auth_tag = _jwe_compact_deserialize(jwe_str)
                                                                       ^^^^^^^^^^^^^^^^^^^^^^^^^^^^^^^^^
_ _ _ _ _ _ _ _ _ _ _ _ _ _ _ _ _ _ _ _ _ _ _ _ _ _ _ _ _ _ _ _ _ _ _ _ _ _ _ _ 

jwe_bytes = None

    def _jwe_compact_deserialize(jwe_bytes):
        """
        Deserialize and verify the header and segments are appropriate.
    
        Args:
            jwe_bytes (bytes): The compact serialized JWE
        Returns:
            (dict, bytes, bytes, bytes, bytes, bytes)
        """
    
        # Base64url decode the encoded representations of the JWE
        # Protected Header, the JWE Encrypted Key, the JWE Initialization
        # Vector, the JWE Ciphertext, the JWE Authentication Tag, and the
        # JWE AAD, following the restriction that no line breaks,
        # whitespace, or other additional characters have been used.
        jwe_bytes = ensure_binary(jwe_bytes)
        try:
>           header_segment, encrypted_key_segment, iv_segment, cipher_text_segment, auth_tag_segment = jwe_bytes.split(
                                                                                                       ^^^^^^^^^^^^^^^
                b".", 4
            )
E           AttributeError: 'NoneType' object has no attribute 'split'

venv/lib/python3.12/site-packages/jose/jwe.py:280: AttributeError
______________________ test_ghsa_cjwg_qfpm_7377_exposure _______________________

    def test_ghsa_cjwg_qfpm_7377_exposure():
        """Same bomb token through the app's jwe.decrypt call pattern must not expand unbounded."""
        token = _bomb_token()
        with pytest.raises(JWEError):
>           result = jwe.decrypt(token, KEY)
                     ^^^^^^^^^^^^^^^^^^^^^^^

tests/test_python_jose_cve_cve_2024_33664.py:30: 
_ _ _ _ _ _ _ _ _ _ _ _ _ _ _ _ _ _ _ _ _ _ _ _ _ _ _ _ _ _ _ _ _ _ _ _ _ _ _ _ 
venv/lib/python3.12/site-packages/jose/jwe.py:86: in decrypt
    header, encoded_header, encrypted_key, iv, cipher_text, auth_tag = _jwe_compact_deserialize(jwe_str)
                                                                       ^^^^^^^^^^^^^^^^^^^^^^^^^^^^^^^^^
_ _ _ _ _ _ _ _ _ _ _ _ _ _ _ _ _ _ _ _ _ _ _ _ _ _ _ _ _ _ _ _ _ _ _ _ _ _ _ _ 

jwe_bytes = None

    def _jwe_compact_deserialize(jwe_bytes):
        """
        Deserialize and verify the header and segments are appropriate.
    
        Args:
            jwe_bytes (bytes): The compact serialized JWE
        Returns:
            (dict, bytes, bytes, bytes, bytes, bytes)
        """
    
        # Base64url decode the encoded representations of the JWE
        # Protected Header, the JWE Encrypted Key, the JWE Initialization
        # Vector, the JWE Ciphertext, the JWE Authentication Tag, and the
        # JWE AAD, following the restriction that no line breaks,
        # whitespace, or other additional characters have been used.
        jwe_bytes = ensure_binary(jwe_bytes)
        try:
>           header_segment, encrypted_key_segment, iv_segment, cipher_text_segment, auth_tag_segment = jwe_bytes.split(
                                                                                                       ^^^^^^^^^^^^^^^
                b".", 4
            )
E           AttributeError: 'NoneType' object has no attribute 'split'

venv/lib/python3.12/site-packages/jose/jwe.py:280: AttributeError
=========================== short test summary info ============================
FAILED tests/test_python_jose_cve_cve_2024_29370.py::test_PYSEC_2025_185_fix_pinning
FAILED tests/test_python_jose_cve_cve_2024_29370.py::test_PYSEC_2025_185_exposure
FAILED tests/test_python_jose_cve_cve_2024_33664.py::test_ghsa_cjwg_qfpm_7377_fix_pinning
FAILED tests/test_python_jose_cve_cve_2024_33664.py::test_ghsa_cjwg_qfpm_7377_exposure
4 failed, 2 passed in 1.18s
