....FF..........                                                         [100%]
=================================== FAILURES ===================================
_____________________ test_ghsa_8ppf_4f7h_5ppj_fix_pinning _____________________

    def test_ghsa_8ppf_4f7h_5ppj_fix_pinning():
        """Decoding an OID with an arc of >20 continuation octets must raise PyAsn1Error in fixed 0.6.4; vulnerable 0.4.8 accepts it."""
        arc = b'\x80' * 20 + b'\x01'
        body = b'\x00' + arc * 30
>       payload = b'\x06' + bytes([len(body)]) + body
                            ^^^^^^^^^^^^^^^^^^
E       ValueError: bytes must be in range(0, 256)

tests/test_pyasn1_cve_cve_2026_59885.py:18: ValueError
______________________ test_ghsa_8ppf_4f7h_5ppj_exposure _______________________

    def test_ghsa_8ppf_4f7h_5ppj_exposure():
        """Same trigger via the application's call pattern (ber decoder decode of an ObjectIdentifier) must raise PyAsn1Error in fixed 0.6.4."""
        arc = b'\x80' * 20 + b'\x01'
        body = b'\x00' + arc * 30
>       payload = b'\x06' + bytes([len(body)]) + body
                            ^^^^^^^^^^^^^^^^^^
E       ValueError: bytes must be in range(0, 256)

tests/test_pyasn1_cve_cve_2026_59885.py:26: ValueError
=========================== short test summary info ============================
FAILED tests/test_pyasn1_cve_cve_2026_59885.py::test_ghsa_8ppf_4f7h_5ppj_fix_pinning
FAILED tests/test_pyasn1_cve_cve_2026_59885.py::test_ghsa_8ppf_4f7h_5ppj_exposure
2 failed, 14 passed in 0.15s
