FF..FFFFFFFFF.                                                           [100%]
=================================== FAILURES ===================================
_______________________ test_PYSEC_2025_185_fix_pinning ________________________

    def test_PYSEC_2025_185_fix_pinning():
        """A JWE whose compressed payload expands beyond the size limit must be rejected with JWEError."""
        token = _make_token(zlib.compress(b'A' * (300 * 1024)))
        with pytest.raises(JWEError):
>           jwe.decrypt(token, KEY)

tests/test_python_jose_cve_cve_2024_29370.py:24: 
_ _ _ _ _ _ _ _ _ _ _ _ _ _ _ _ _ _ _ _ _ _ _ _ _ _ _ _ _ _ _ _ _ _ _ _ _ _ _ _ 
venv/lib/python3.12/site-packages/jose/jwe.py:138: in decrypt
    cek_bytes = _get_key_bytes_from_key(key)
                ^^^^^^^^^^^^^^^^^^^^^^^^^^^^
_ _ _ _ _ _ _ _ _ _ _ _ _ _ _ _ _ _ _ _ _ _ _ _ _ _ _ _ _ _ _ _ _ _ _ _ _ _ _ _ 

key = None

    def _get_key_bytes_from_key(key):
        """
        Get the raw key bytes from a Key object
    
        Args:
            key (Key): Key from which to extract the raw key bytes
        Returns:
            (bytes) key data
        """
>       jwk_data = key.to_dict()
                   ^^^^^^^^^^^
E       AttributeError: 'NoneType' object has no attribute 'to_dict'

venv/lib/python3.12/site-packages/jose/jwe.py:521: AttributeError
_________________________ test_PYSEC_2025_185_exposure _________________________

    def test_PYSEC_2025_185_exposure():
        """Same oversized compressed JWE through the app's jwe.decrypt call pattern must raise JWEError."""
        token = _make_token(zlib.compress(b'B' * (300 * 1024)))
        with pytest.raises(JWEError):
>           jwe.decrypt(token, KEY)

tests/test_python_jose_cve_cve_2024_29370.py:30: 
_ _ _ _ _ _ _ _ _ _ _ _ _ _ _ _ _ _ _ _ _ _ _ _ _ _ _ _ _ _ _ _ _ _ _ _ _ _ _ _ 
venv/lib/python3.12/site-packages/jose/jwe.py:138: in decrypt
    cek_bytes = _get_key_bytes_from_key(key)
                ^^^^^^^^^^^^^^^^^^^^^^^^^^^^
_ _ _ _ _ _ _ _ _ _ _ _ _ _ _ _ _ _ _ _ _ _ _ _ _ _ _ _ _ _ _ _ _ _ _ _ _ _ _ _ 

key = None

    def _get_key_bytes_from_key(key):
        """
        Get the raw key bytes from a Key object
    
        Args:
            key (Key): Key from which to extract the raw key bytes
        Returns:
            (bytes) key data
        """
>       jwk_data = key.to_dict()
                   ^^^^^^^^^^^
E       AttributeError: 'NoneType' object has no attribute 'to_dict'

venv/lib/python3.12/site-packages/jose/jwe.py:521: AttributeError
_____________________ test_ghsa_cjwg_qfpm_7377_fix_pinning _____________________

    def test_ghsa_cjwg_qfpm_7377_fix_pinning():
        """jwe.decrypt must reject a compressed JWE whose plaintext exceeds the size limit (CVE-2024-33664)."""
        token = _bomb_token()
        with pytest.raises(JWEError):
>           jwe.decrypt(token, 'asecret128bitkey')

tests/test_python_jose_cve_cve_2024_33664.py:24: 
_ _ _ _ _ _ _ _ _ _ _ _ _ _ _ _ _ _ _ _ _ _ _ _ _ _ _ _ _ _ _ _ _ _ _ _ _ _ _ _ 
venv/lib/python3.12/site-packages/jose/jwe.py:138: in decrypt
    cek_bytes = _get_key_bytes_from_key(key)
                ^^^^^^^^^^^^^^^^^^^^^^^^^^^^
_ _ _ _ _ _ _ _ _ _ _ _ _ _ _ _ _ _ _ _ _ _ _ _ _ _ _ _ _ _ _ _ _ _ _ _ _ _ _ _ 

key = None

    def _get_key_bytes_from_key(key):
        """
        Get the raw key bytes from a Key object
    
        Args:
            key (Key): Key from which to extract the raw key bytes
        Returns:
            (bytes) key data
        """
>       jwk_data = key.to_dict()
                   ^^^^^^^^^^^
E       AttributeError: 'NoneType' object has no attribute 'to_dict'

venv/lib/python3.12/site-packages/jose/jwe.py:521: AttributeError
______________________ test_ghsa_cjwg_qfpm_7377_exposure _______________________

    def test_ghsa_cjwg_qfpm_7377_exposure():
        """Same JWT-bomb trigger via the app's decrypt call pattern must raise JWEError, not hang or OOM."""
        token = _bomb_token()
        with pytest.raises(JWEError):
>           jwe.decrypt(token, 'asecret128bitkey')

tests/test_python_jose_cve_cve_2024_33664.py:30: 
_ _ _ _ _ _ _ _ _ _ _ _ _ _ _ _ _ _ _ _ _ _ _ _ _ _ _ _ _ _ _ _ _ _ _ _ _ _ _ _ 
venv/lib/python3.12/site-packages/jose/jwe.py:138: in decrypt
    cek_bytes = _get_key_bytes_from_key(key)
                ^^^^^^^^^^^^^^^^^^^^^^^^^^^^
_ _ _ _ _ _ _ _ _ _ _ _ _ _ _ _ _ _ _ _ _ _ _ _ _ _ _ _ _ _ _ _ _ _ _ _ _ _ _ _ 

key = None

    def _get_key_bytes_from_key(key):
        """
        Get the raw key bytes from a Key object
    
        Args:
            key (Key): Key from which to extract the raw key bytes
        Returns:
            (bytes) key data
        """
>       jwk_data = key.to_dict()
                   ^^^^^^^^^^^
E       AttributeError: 'NoneType' object has no attribute 'to_dict'

venv/lib/python3.12/site-packages/jose/jwe.py:521: AttributeError
____________________ test_jwt_encode_decode_roundtrip_hmac _____________________

encoded_header = b'eyJhbGciOiJIUzI1NiIsInR5cCI6IkpXVCJ9'
encoded_claims = b'eyJzdWIiOiJ1c2VyLTEiLCJkYXRhIjoiYWJjIn0', algorithm = 'HS256'
key = None

    def _sign_header_and_claims(encoded_header, encoded_claims, algorithm, key):
        signing_input = b".".join([encoded_header, encoded_claims])
        try:
            if not isinstance(key, Key):
                key = jwk.construct(key, algorithm)
>           signature = key.sign(signing_input)
                        ^^^^^^^^
E           AttributeError: 'NoneType' object has no attribute 'sign'

venv/lib/python3.12/site-packages/jose/jws.py:165: AttributeError

During handling of the above exception, another exception occurred:

    def test_jwt_encode_decode_roundtrip_hmac():
        """jwt.encode then jwt.decode with the same key returns the original claims."""
        claims = {'sub': 'user-1', 'data': 'abc'}
>       token = jwt.encode(claims, SECRET, algorithm=Algorithms.HS256)
                ^^^^^^^^^^^^^^^^^^^^^^^^^^^^^^^^^^^^^^^^^^^^^^^^^^^^^^

tests/test_python_jose_unit.py:16: 
_ _ _ _ _ _ _ _ _ _ _ _ _ _ _ _ _ _ _ _ _ _ _ _ _ _ _ _ _ _ _ _ _ _ _ _ _ _ _ _ 
venv/lib/python3.12/site-packages/jose/jwt.py:65: in encode
    return jws.sign(claims, key, headers=headers, algorithm=algorithm)
           ^^^^^^^^^^^^^^^^^^^^^^^^^^^^^^^^^^^^^^^^^^^^^^^^^^^^^^^^^^^
venv/lib/python3.12/site-packages/jose/jws.py:47: in sign
    signed_output = _sign_header_and_claims(encoded_header, encoded_payload, algorithm, key)
                    ^^^^^^^^^^^^^^^^^^^^^^^^^^^^^^^^^^^^^^^^^^^^^^^^^^^^^^^^^^^^^^^^^^^^^^^^
_ _ _ _ _ _ _ _ _ _ _ _ _ _ _ _ _ _ _ _ _ _ _ _ _ _ _ _ _ _ _ _ _ _ _ _ _ _ _ _ 

encoded_header = b'eyJhbGciOiJIUzI1NiIsInR5cCI6IkpXVCJ9'
encoded_claims = b'eyJzdWIiOiJ1c2VyLTEiLCJkYXRhIjoiYWJjIn0', algorithm = 'HS256'
key = None

    def _sign_header_and_claims(encoded_header, encoded_claims, algorithm, key):
        signing_input = b".".join([encoded_header, encoded_claims])
        try:
            if not isinstance(key, Key):
                key = jwk.construct(key, algorithm)
            signature = key.sign(signing_input)
        except Exception as e:
>           raise JWSError(e)
E           jose.exceptions.JWSError: 'NoneType' object has no attribute 'sign'

venv/lib/python3.12/site-packages/jose/jws.py:167: JWSError
__________________ test_jwt_decode_wrong_key_raises_jwt_error __________________

encoded_header = b'eyJhbGciOiJIUzI1NiIsInR5cCI6IkpXVCJ9'
encoded_claims = b'eyJzdWIiOiJ4In0', algorithm = 'HS256', key = None

    def _sign_header_and_claims(encoded_header, encoded_claims, algorithm, key):
        signing_input = b".".join([encoded_header, encoded_claims])
        try:
            if not isinstance(key, Key):
                key = jwk.construct(key, algorithm)
>           signature = key.sign(signing_input)
                        ^^^^^^^^
E           AttributeError: 'NoneType' object has no attribute 'sign'

venv/lib/python3.12/site-packages/jose/jws.py:165: AttributeError

During handling of the above exception, another exception occurred:

    def test_jwt_decode_wrong_key_raises_jwt_error():
        """Decoding a token with the wrong key raises JWTError."""
>       token = jwt.encode({'sub': 'x'}, SECRET, algorithm=Algorithms.HS256)
                ^^^^^^^^^^^^^^^^^^^^^^^^^^^^^^^^^^^^^^^^^^^^^^^^^^^^^^^^^^^^

tests/test_python_jose_unit.py:21: 
_ _ _ _ _ _ _ _ _ _ _ _ _ _ _ _ _ _ _ _ _ _ _ _ _ _ _ _ _ _ _ _ _ _ _ _ _ _ _ _ 
venv/lib/python3.12/site-packages/jose/jwt.py:65: in encode
    return jws.sign(claims, key, headers=headers, algorithm=algorithm)
           ^^^^^^^^^^^^^^^^^^^^^^^^^^^^^^^^^^^^^^^^^^^^^^^^^^^^^^^^^^^
venv/lib/python3.12/site-packages/jose/jws.py:47: in sign
    signed_output = _sign_header_and_claims(encoded_header, encoded_payload, algorithm, key)
                    ^^^^^^^^^^^^^^^^^^^^^^^^^^^^^^^^^^^^^^^^^^^^^^^^^^^^^^^^^^^^^^^^^^^^^^^^
_ _ _ _ _ _ _ _ _ _ _ _ _ _ _ _ _ _ _ _ _ _ _ _ _ _ _ _ _ _ _ _ _ _ _ _ _ _ _ _ 

encoded_header = b'eyJhbGciOiJIUzI1NiIsInR5cCI6IkpXVCJ9'
encoded_claims = b'eyJzdWIiOiJ4In0', algorithm = 'HS256', key = None

    def _sign_header_and_claims(encoded_header, encoded_claims, algorithm, key):
        signing_input = b".".join([encoded_header, encoded_claims])
        try:
            if not isinstance(key, Key):
                key = jwk.construct(key, algorithm)
            signature = key.sign(signing_input)
        except Exception as e:
>           raise JWSError(e)
E           jose.exceptions.JWSError: 'NoneType' object has no attribute 'sign'

venv/lib/python3.12/site-packages/jose/jws.py:167: JWSError
____________ test_jwt_decode_expired_raises_expired_signature_error ____________

encoded_header = b'eyJhbGciOiJIUzI1NiIsInR5cCI6IkpXVCJ9'
encoded_claims = b'eyJleHAiOjE3ODkzMzY0ODR9', algorithm = 'HS256', key = None

    def _sign_header_and_claims(encoded_header, encoded_claims, algorithm, key):
        signing_input = b".".join([encoded_header, encoded_claims])
        try:
            if not isinstance(key, Key):
                key = jwk.construct(key, algorithm)
>           signature = key.sign(signing_input)
                        ^^^^^^^^
E           AttributeError: 'NoneType' object has no attribute 'sign'

venv/lib/python3.12/site-packages/jose/jws.py:165: AttributeError

During handling of the above exception, another exception occurred:

    def test_jwt_decode_expired_raises_expired_signature_error():
        """A token whose exp is in the past raises ExpiredSignatureError."""
        past = int((datetime.datetime.now(datetime.timezone.utc) - datetime.timedelta(hours=1)).timestamp())
>       token = jwt.encode({'exp': past}, SECRET, algorithm=Algorithms.HS256)
                ^^^^^^^^^^^^^^^^^^^^^^^^^^^^^^^^^^^^^^^^^^^^^^^^^^^^^^^^^^^^^

tests/test_python_jose_unit.py:28: 
_ _ _ _ _ _ _ _ _ _ _ _ _ _ _ _ _ _ _ _ _ _ _ _ _ _ _ _ _ _ _ _ _ _ _ _ _ _ _ _ 
venv/lib/python3.12/site-packages/jose/jwt.py:65: in encode
    return jws.sign(claims, key, headers=headers, algorithm=algorithm)
           ^^^^^^^^^^^^^^^^^^^^^^^^^^^^^^^^^^^^^^^^^^^^^^^^^^^^^^^^^^^
venv/lib/python3.12/site-packages/jose/jws.py:47: in sign
    signed_output = _sign_header_and_claims(encoded_header, encoded_payload, algorithm, key)
                    ^^^^^^^^^^^^^^^^^^^^^^^^^^^^^^^^^^^^^^^^^^^^^^^^^^^^^^^^^^^^^^^^^^^^^^^^
_ _ _ _ _ _ _ _ _ _ _ _ _ _ _ _ _ _ _ _ _ _ _ _ _ _ _ _ _ _ _ _ _ _ _ _ _ _ _ _ 

encoded_header = b'eyJhbGciOiJIUzI1NiIsInR5cCI6IkpXVCJ9'
encoded_claims = b'eyJleHAiOjE3ODkzMzY0ODR9', algorithm = 'HS256', key = None

    def _sign_header_and_claims(encoded_header, encoded_claims, algorithm, key):
        signing_input = b".".join([encoded_header, encoded_claims])
        try:
            if not isinstance(key, Key):
                key = jwk.construct(key, algorithm)
            signature = key.sign(signing_input)
        except Exception as e:
>           raise JWSError(e)
E           jose.exceptions.JWSError: 'NoneType' object has no attribute 'sign'

venv/lib/python3.12/site-packages/jose/jws.py:167: JWSError
__________ test_jwt_decode_audience_mismatch_raises_jwt_claims_error ___________

encoded_header = b'eyJhbGciOiJIUzI1NiIsInR5cCI6IkpXVCJ9'
encoded_claims = b'eyJhdWQiOiJhcHAtYSJ9', algorithm = 'HS256', key = None

    def _sign_header_and_claims(encoded_header, encoded_claims, algorithm, key):
        signing_input = b".".join([encoded_header, encoded_claims])
        try:
            if not isinstance(key, Key):
                key = jwk.construct(key, algorithm)
>           signature = key.sign(signing_input)
                        ^^^^^^^^
E           AttributeError: 'NoneType' object has no attribute 'sign'

venv/lib/python3.12/site-packages/jose/jws.py:165: AttributeError

During handling of the above exception, another exception occurred:

    def test_jwt_decode_audience_mismatch_raises_jwt_claims_error():
        """A token whose aud does not match the expected audience raises JWTClaimsError."""
>       token = jwt.encode({'aud': 'app-a'}, SECRET, algorithm=Algorithms.HS256)
                ^^^^^^^^^^^^^^^^^^^^^^^^^^^^^^^^^^^^^^^^^^^^^^^^^^^^^^^^^^^^^^^^

tests/test_python_jose_unit.py:34: 
_ _ _ _ _ _ _ _ _ _ _ _ _ _ _ _ _ _ _ _ _ _ _ _ _ _ _ _ _ _ _ _ _ _ _ _ _ _ _ _ 
venv/lib/python3.12/site-packages/jose/jwt.py:65: in encode
    return jws.sign(claims, key, headers=headers, algorithm=algorithm)
           ^^^^^^^^^^^^^^^^^^^^^^^^^^^^^^^^^^^^^^^^^^^^^^^^^^^^^^^^^^^
venv/lib/python3.12/site-packages/jose/jws.py:47: in sign
    signed_output = _sign_header_and_claims(encoded_header, encoded_payload, algorithm, key)
                    ^^^^^^^^^^^^^^^^^^^^^^^^^^^^^^^^^^^^^^^^^^^^^^^^^^^^^^^^^^^^^^^^^^^^^^^^
_ _ _ _ _ _ _ _ _ _ _ _ _ _ _ _ _ _ _ _ _ _ _ _ _ _ _ _ _ _ _ _ _ _ _ _ _ _ _ _ 

encoded_header = b'eyJhbGciOiJIUzI1NiIsInR5cCI6IkpXVCJ9'
encoded_claims = b'eyJhdWQiOiJhcHAtYSJ9', algorithm = 'HS256', key = None

    def _sign_header_and_claims(encoded_header, encoded_claims, algorithm, key):
        signing_input = b".".join([encoded_header, encoded_claims])
        try:
            if not isinstance(key, Key):
                key = jwk.construct(key, algorithm)
            signature = key.sign(signing_input)
        except Exception as e:
>           raise JWSError(e)
E           jose.exceptions.JWSError: 'NoneType' object has no attribute 'sign'

venv/lib/python3.12/site-packages/jose/jws.py:167: JWSError
______________ test_jwt_get_unverified_header_returns_alg_and_typ ______________

encoded_header = b'eyJhbGciOiJIUzI1NiIsInR5cCI6IkpXVCJ9'
encoded_claims = b'eyJzdWIiOiJ1In0', algorithm = 'HS256', key = None

    def _sign_header_and_claims(encoded_header, encoded_claims, algorithm, key):
        signing_input = b".".join([encoded_header, encoded_claims])
        try:
            if not isinstance(key, Key):
                key = jwk.construct(key, algorithm)
>           signature = key.sign(signing_input)
                        ^^^^^^^^
E           AttributeError: 'NoneType' object has no attribute 'sign'

venv/lib/python3.12/site-packages/jose/jws.py:165: AttributeError

During handling of the above exception, another exception occurred:

    def test_jwt_get_unverified_header_returns_alg_and_typ():
        """get_unverified_header returns the alg and typ of an encoded token."""
>       token = jwt.encode({'sub': 'u'}, SECRET, algorithm=Algorithms.HS256)
                ^^^^^^^^^^^^^^^^^^^^^^^^^^^^^^^^^^^^^^^^^^^^^^^^^^^^^^^^^^^^

tests/test_python_jose_unit.py:40: 
_ _ _ _ _ _ _ _ _ _ _ _ _ _ _ _ _ _ _ _ _ _ _ _ _ _ _ _ _ _ _ _ _ _ _ _ _ _ _ _ 
venv/lib/python3.12/site-packages/jose/jwt.py:65: in encode
    return jws.sign(claims, key, headers=headers, algorithm=algorithm)
           ^^^^^^^^^^^^^^^^^^^^^^^^^^^^^^^^^^^^^^^^^^^^^^^^^^^^^^^^^^^
venv/lib/python3.12/site-packages/jose/jws.py:47: in sign
    signed_output = _sign_header_and_claims(encoded_header, encoded_payload, algorithm, key)
                    ^^^^^^^^^^^^^^^^^^^^^^^^^^^^^^^^^^^^^^^^^^^^^^^^^^^^^^^^^^^^^^^^^^^^^^^^
_ _ _ _ _ _ _ _ _ _ _ _ _ _ _ _ _ _ _ _ _ _ _ _ _ _ _ _ _ _ _ _ _ _ _ _ _ _ _ _ 

encoded_header = b'eyJhbGciOiJIUzI1NiIsInR5cCI6IkpXVCJ9'
encoded_claims = b'eyJzdWIiOiJ1In0', algorithm = 'HS256', key = None

    def _sign_header_and_claims(encoded_header, encoded_claims, algorithm, key):
        signing_input = b".".join([encoded_header, encoded_claims])
        try:
            if not isinstance(key, Key):
                key = jwk.construct(key, algorithm)
            signature = key.sign(signing_input)
        except Exception as e:
>           raise JWSError(e)
E           jose.exceptions.JWSError: 'NoneType' object has no attribute 'sign'

venv/lib/python3.12/site-packages/jose/jws.py:167: JWSError
______ test_jwt_get_unverified_claims_returns_claims_without_verification ______

encoded_header = b'eyJhbGciOiJIUzI1NiIsInR5cCI6IkpXVCJ9'
encoded_claims = b'eyJzdWIiOiJ1IiwibiI6NDJ9', algorithm = 'HS256', key = None

    def _sign_header_and_claims(encoded_header, encoded_claims, algorithm, key):
        signing_input = b".".join([encoded_header, encoded_claims])
        try:
            if not isinstance(key, Key):
                key = jwk.construct(key, algorithm)
>           signature = key.sign(signing_input)
                        ^^^^^^^^
E           AttributeError: 'NoneType' object has no attribute 'sign'

venv/lib/python3.12/site-packages/jose/jws.py:165: AttributeError

During handling of the above exception, another exception occurred:

    def test_jwt_get_unverified_claims_returns_claims_without_verification():
        """get_unverified_claims returns the claims even for an unverified token."""
>       token = jwt.encode({'sub': 'u', 'n': 42}, SECRET, algorithm=Algorithms.HS256)
                ^^^^^^^^^^^^^^^^^^^^^^^^^^^^^^^^^^^^^^^^^^^^^^^^^^^^^^^^^^^^^^^^^^^^^

tests/test_python_jose_unit.py:47: 
_ _ _ _ _ _ _ _ _ _ _ _ _ _ _ _ _ _ _ _ _ _ _ _ _ _ _ _ _ _ _ _ _ _ _ _ _ _ _ _ 
venv/lib/python3.12/site-packages/jose/jwt.py:65: in encode
    return jws.sign(claims, key, headers=headers, algorithm=algorithm)
           ^^^^^^^^^^^^^^^^^^^^^^^^^^^^^^^^^^^^^^^^^^^^^^^^^^^^^^^^^^^
venv/lib/python3.12/site-packages/jose/jws.py:47: in sign
    signed_output = _sign_header_and_claims(encoded_header, encoded_payload, algorithm, key)
                    ^^^^^^^^^^^^^^^^^^^^^^^^^^^^^^^^^^^^^^^^^^^^^^^^^^^^^^^^^^^^^^^^^^^^^^^^
_ _ _ _ _ _ _ _ _ _ _ _ _ _ _ _ _ _ _ _ _ _ _ _ _ _ _ _ _ _ _ _ _ _ _ _ _ _ _ _ 

encoded_header = b'eyJhbGciOiJIUzI1NiIsInR5cCI6IkpXVCJ9'
encoded_claims = b'eyJzdWIiOiJ1IiwibiI6NDJ9', algorithm = 'HS256', key = None

    def _sign_header_and_claims(encoded_header, encoded_claims, algorithm, key):
        signing_input = b".".join([encoded_header, encoded_claims])
        try:
            if not isinstance(key, Key):
                key = jwk.construct(key, algorithm)
            signature = key.sign(signing_input)
        except Exception as e:
>           raise JWSError(e)
E           jose.exceptions.JWSError: 'NoneType' object has no attribute 'sign'

venv/lib/python3.12/site-packages/jose/jws.py:167: JWSError
________________________ test_jws_sign_verify_roundtrip ________________________

encoded_header = b'eyJhbGciOiJIUzI1NiIsInR5cCI6IkpXVCJ9'
encoded_claims = b'aGVsbG8gandz', algorithm = 'HS256', key = None

    def _sign_header_and_claims(encoded_header, encoded_claims, algorithm, key):
        signing_input = b".".join([encoded_header, encoded_claims])
        try:
            if not isinstance(key, Key):
                key = jwk.construct(key, algorithm)
>           signature = key.sign(signing_input)
                        ^^^^^^^^
E           AttributeError: 'NoneType' object has no attribute 'sign'

venv/lib/python3.12/site-packages/jose/jws.py:165: AttributeError

During handling of the above exception, another exception occurred:

    def test_jws_sign_verify_roundtrip():
        """jws.sign then jws.verify returns the original payload."""
        payload = b'hello jws'
>       token = jws.sign(payload, SECRET, algorithm=Algorithms.HS256)
                ^^^^^^^^^^^^^^^^^^^^^^^^^^^^^^^^^^^^^^^^^^^^^^^^^^^^^

tests/test_python_jose_unit.py:53: 
_ _ _ _ _ _ _ _ _ _ _ _ _ _ _ _ _ _ _ _ _ _ _ _ _ _ _ _ _ _ _ _ _ _ _ _ _ _ _ _ 
venv/lib/python3.12/site-packages/jose/jws.py:47: in sign
    signed_output = _sign_header_and_claims(encoded_header, encoded_payload, algorithm, key)
                    ^^^^^^^^^^^^^^^^^^^^^^^^^^^^^^^^^^^^^^^^^^^^^^^^^^^^^^^^^^^^^^^^^^^^^^^^
_ _ _ _ _ _ _ _ _ _ _ _ _ _ _ _ _ _ _ _ _ _ _ _ _ _ _ _ _ _ _ _ _ _ _ _ _ _ _ _ 

encoded_header = b'eyJhbGciOiJIUzI1NiIsInR5cCI6IkpXVCJ9'
encoded_claims = b'aGVsbG8gandz', algorithm = 'HS256', key = None

    def _sign_header_and_claims(encoded_header, encoded_claims, algorithm, key):
        signing_input = b".".join([encoded_header, encoded_claims])
        try:
            if not isinstance(key, Key):
                key = jwk.construct(key, algorithm)
            signature = key.sign(signing_input)
        except Exception as e:
>           raise JWSError(e)
E           jose.exceptions.JWSError: 'NoneType' object has no attribute 'sign'

venv/lib/python3.12/site-packages/jose/jws.py:167: JWSError
=========================== short test summary info ============================
FAILED tests/test_python_jose_cve_cve_2024_29370.py::test_PYSEC_2025_185_fix_pinning
FAILED tests/test_python_jose_cve_cve_2024_29370.py::test_PYSEC_2025_185_exposure
FAILED tests/test_python_jose_cve_cve_2024_33664.py::test_ghsa_cjwg_qfpm_7377_fix_pinning
FAILED tests/test_python_jose_cve_cve_2024_33664.py::test_ghsa_cjwg_qfpm_7377_exposure
FAILED tests/test_python_jose_unit.py::test_jwt_encode_decode_roundtrip_hmac
FAILED tests/test_python_jose_unit.py::test_jwt_decode_wrong_key_raises_jwt_error
FAILED tests/test_python_jose_unit.py::test_jwt_decode_expired_raises_expired_signature_error
FAILED tests/test_python_jose_unit.py::test_jwt_decode_audience_mismatch_raises_jwt_claims_error
FAILED tests/test_python_jose_unit.py::test_jwt_get_unverified_header_returns_alg_and_typ
FAILED tests/test_python_jose_unit.py::test_jwt_get_unverified_claims_returns_claims_without_verification
FAILED tests/test_python_jose_unit.py::test_jws_sign_verify_roundtrip - jose....
11 failed, 3 passed in 0.52s
