....FFFFF                                                                [100%]
=================================== FAILURES ===================================
_______________________ test_jwt_encode_decode_roundtrip _______________________

encoded_header = b'eyJhbGciOiJIUzI1NiIsInR5cCI6IkpXVCJ9'
encoded_claims = b'eyJzdWIiOiIxMjM0NTY3ODkwIiwibmFtZSI6IkFsaWNlIiwiaWF0IjoxNzAwMDAwMDAwfQ'
algorithm = 'HS256', key = b'unit-test-secret-key'

    def _sign_header_and_claims(encoded_header, encoded_claims, algorithm, key):
        signing_input = b".".join([encoded_header, encoded_claims])
        try:
            if not isinstance(key, Key):
>               key = jwk.construct(key, algorithm)
                      ^^^^^^^^^^^^^^^^^^^^^^^^^^^^^

venv/lib/python3.12/site-packages/jose/jws.py:164: 
_ _ _ _ _ _ _ _ _ _ _ _ _ _ _ _ _ _ _ _ _ _ _ _ _ _ _ _ _ _ _ _ _ _ _ _ _ _ _ _ 
venv/lib/python3.12/site-packages/jose/jwk.py:79: in construct
    return key_class(key_data, algorithm)
           ^^^^^^^^^^^^^^^^^^^^^^^^^^^^^^
_ _ _ _ _ _ _ _ _ _ _ _ _ _ _ _ _ _ _ _ _ _ _ _ _ _ _ _ _ _ _ _ _ _ _ _ _ _ _ _ 

self = <jose.backends.cryptography_backend.CryptographyHMACKey object at 0x7f345b7ff200>
key = b'unit-test-secret-key', algorithm = 'HS256'

    def __init__(self, key, algorithm):
        if algorithm not in ALGORITHMS.HMAC:
            raise JWKError("hash_alg: %s is not a valid hash algorithm" % algorithm)
        self._algorithm = algorithm
        self._hash_alg = self.ALG_MAP.get(algorithm)
    
        if isinstance(key, dict):
            self.prepared_key = self._process_jwk(key)
            return
    
        if not isinstance(key, str) and not isinstance(key, bytes):
            raise JWKError("Expecting a string- or bytes-formatted key.")
    
        if isinstance(key, str):
            key = key.encode("utf-8")
    
        if is_pem_format(key) or is_ssh_key(key):
>           raise JWKError(
                "The specified key is an asymmetric key or x509 certificate and"
                " should not be used as an HMAC secret."
            )
E           jose.exceptions.JWKError: The specified key is an asymmetric key or x509 certificate and should not be used as an HMAC secret.

venv/lib/python3.12/site-packages/jose/backends/cryptography_backend.py:567: JWKError

During handling of the above exception, another exception occurred:

    def test_jwt_encode_decode_roundtrip():
        """jwt.encode then jwt.decode with HS256 returns the original claims."""
        key = b'unit-test-secret-key'
        claims = {'sub': '1234567890', 'name': 'Alice', 'iat': 1700000000}
>       token = jwt.encode(claims, key, algorithm=Algorithms.HS256)
                ^^^^^^^^^^^^^^^^^^^^^^^^^^^^^^^^^^^^^^^^^^^^^^^^^^^

tests/test_python_jose_unit.py:12: 
_ _ _ _ _ _ _ _ _ _ _ _ _ _ _ _ _ _ _ _ _ _ _ _ _ _ _ _ _ _ _ _ _ _ _ _ _ _ _ _ 
venv/lib/python3.12/site-packages/jose/jwt.py:65: in encode
    return jws.sign(claims, key, headers=headers, algorithm=algorithm)
           ^^^^^^^^^^^^^^^^^^^^^^^^^^^^^^^^^^^^^^^^^^^^^^^^^^^^^^^^^^^
venv/lib/python3.12/site-packages/jose/jws.py:47: in sign
    signed_output = _sign_header_and_claims(encoded_header, encoded_payload, algorithm, key)
                    ^^^^^^^^^^^^^^^^^^^^^^^^^^^^^^^^^^^^^^^^^^^^^^^^^^^^^^^^^^^^^^^^^^^^^^^^
_ _ _ _ _ _ _ _ _ _ _ _ _ _ _ _ _ _ _ _ _ _ _ _ _ _ _ _ _ _ _ _ _ _ _ _ _ _ _ _ 

encoded_header = b'eyJhbGciOiJIUzI1NiIsInR5cCI6IkpXVCJ9'
encoded_claims = b'eyJzdWIiOiIxMjM0NTY3ODkwIiwibmFtZSI6IkFsaWNlIiwiaWF0IjoxNzAwMDAwMDAwfQ'
algorithm = 'HS256', key = b'unit-test-secret-key'

    def _sign_header_and_claims(encoded_header, encoded_claims, algorithm, key):
        signing_input = b".".join([encoded_header, encoded_claims])
        try:
            if not isinstance(key, Key):
                key = jwk.construct(key, algorithm)
            signature = key.sign(signing_input)
        except Exception as e:
>           raise JWSError(e)
E           jose.exceptions.JWSError: The specified key is an asymmetric key or x509 certificate and should not be used as an HMAC secret.

venv/lib/python3.12/site-packages/jose/jws.py:167: JWSError
__________________ test_jwt_decode_wrong_key_raises_jwterror ___________________

encoded_header = b'eyJhbGciOiJIUzI1NiIsInR5cCI6IkpXVCJ9'
encoded_claims = b'eyJzdWIiOiJ4In0', algorithm = 'HS256', key = b'key-one'

    def _sign_header_and_claims(encoded_header, encoded_claims, algorithm, key):
        signing_input = b".".join([encoded_header, encoded_claims])
        try:
            if not isinstance(key, Key):
>               key = jwk.construct(key, algorithm)
                      ^^^^^^^^^^^^^^^^^^^^^^^^^^^^^

venv/lib/python3.12/site-packages/jose/jws.py:164: 
_ _ _ _ _ _ _ _ _ _ _ _ _ _ _ _ _ _ _ _ _ _ _ _ _ _ _ _ _ _ _ _ _ _ _ _ _ _ _ _ 
venv/lib/python3.12/site-packages/jose/jwk.py:79: in construct
    return key_class(key_data, algorithm)
           ^^^^^^^^^^^^^^^^^^^^^^^^^^^^^^
_ _ _ _ _ _ _ _ _ _ _ _ _ _ _ _ _ _ _ _ _ _ _ _ _ _ _ _ _ _ _ _ _ _ _ _ _ _ _ _ 

self = <jose.backends.cryptography_backend.CryptographyHMACKey object at 0x7f345b85bce0>
key = b'key-one', algorithm = 'HS256'

    def __init__(self, key, algorithm):
        if algorithm not in ALGORITHMS.HMAC:
            raise JWKError("hash_alg: %s is not a valid hash algorithm" % algorithm)
        self._algorithm = algorithm
        self._hash_alg = self.ALG_MAP.get(algorithm)
    
        if isinstance(key, dict):
            self.prepared_key = self._process_jwk(key)
            return
    
        if not isinstance(key, str) and not isinstance(key, bytes):
            raise JWKError("Expecting a string- or bytes-formatted key.")
    
        if isinstance(key, str):
            key = key.encode("utf-8")
    
        if is_pem_format(key) or is_ssh_key(key):
>           raise JWKError(
                "The specified key is an asymmetric key or x509 certificate and"
                " should not be used as an HMAC secret."
            )
E           jose.exceptions.JWKError: The specified key is an asymmetric key or x509 certificate and should not be used as an HMAC secret.

venv/lib/python3.12/site-packages/jose/backends/cryptography_backend.py:567: JWKError

During handling of the above exception, another exception occurred:

    def test_jwt_decode_wrong_key_raises_jwterror():
        """jwt.decode with a different key raises JWTError."""
>       token = jwt.encode({'sub': 'x'}, b'key-one', algorithm=Algorithms.HS256)
                ^^^^^^^^^^^^^^^^^^^^^^^^^^^^^^^^^^^^^^^^^^^^^^^^^^^^^^^^^^^^^^^^

tests/test_python_jose_unit.py:19: 
_ _ _ _ _ _ _ _ _ _ _ _ _ _ _ _ _ _ _ _ _ _ _ _ _ _ _ _ _ _ _ _ _ _ _ _ _ _ _ _ 
venv/lib/python3.12/site-packages/jose/jwt.py:65: in encode
    return jws.sign(claims, key, headers=headers, algorithm=algorithm)
           ^^^^^^^^^^^^^^^^^^^^^^^^^^^^^^^^^^^^^^^^^^^^^^^^^^^^^^^^^^^
venv/lib/python3.12/site-packages/jose/jws.py:47: in sign
    signed_output = _sign_header_and_claims(encoded_header, encoded_payload, algorithm, key)
                    ^^^^^^^^^^^^^^^^^^^^^^^^^^^^^^^^^^^^^^^^^^^^^^^^^^^^^^^^^^^^^^^^^^^^^^^^
_ _ _ _ _ _ _ _ _ _ _ _ _ _ _ _ _ _ _ _ _ _ _ _ _ _ _ _ _ _ _ _ _ _ _ _ _ _ _ _ 

encoded_header = b'eyJhbGciOiJIUzI1NiIsInR5cCI6IkpXVCJ9'
encoded_claims = b'eyJzdWIiOiJ4In0', algorithm = 'HS256', key = b'key-one'

    def _sign_header_and_claims(encoded_header, encoded_claims, algorithm, key):
        signing_input = b".".join([encoded_header, encoded_claims])
        try:
            if not isinstance(key, Key):
                key = jwk.construct(key, algorithm)
            signature = key.sign(signing_input)
        except Exception as e:
>           raise JWSError(e)
E           jose.exceptions.JWSError: The specified key is an asymmetric key or x509 certificate and should not be used as an HMAC secret.

venv/lib/python3.12/site-packages/jose/jws.py:167: JWSError
________________________ test_jwt_get_unverified_header ________________________

encoded_header = b'eyJhbGciOiJIUzI1NiIsInR5cCI6IkpXVCJ9'
encoded_claims = b'eyJhIjoxfQ', algorithm = 'HS256', key = b'k'

    def _sign_header_and_claims(encoded_header, encoded_claims, algorithm, key):
        signing_input = b".".join([encoded_header, encoded_claims])
        try:
            if not isinstance(key, Key):
>               key = jwk.construct(key, algorithm)
                      ^^^^^^^^^^^^^^^^^^^^^^^^^^^^^

venv/lib/python3.12/site-packages/jose/jws.py:164: 
_ _ _ _ _ _ _ _ _ _ _ _ _ _ _ _ _ _ _ _ _ _ _ _ _ _ _ _ _ _ _ _ _ _ _ _ _ _ _ _ 
venv/lib/python3.12/site-packages/jose/jwk.py:79: in construct
    return key_class(key_data, algorithm)
           ^^^^^^^^^^^^^^^^^^^^^^^^^^^^^^
_ _ _ _ _ _ _ _ _ _ _ _ _ _ _ _ _ _ _ _ _ _ _ _ _ _ _ _ _ _ _ _ _ _ _ _ _ _ _ _ 

self = <jose.backends.cryptography_backend.CryptographyHMACKey object at 0x7f345b85a180>
key = b'k', algorithm = 'HS256'

    def __init__(self, key, algorithm):
        if algorithm not in ALGORITHMS.HMAC:
            raise JWKError("hash_alg: %s is not a valid hash algorithm" % algorithm)
        self._algorithm = algorithm
        self._hash_alg = self.ALG_MAP.get(algorithm)
    
        if isinstance(key, dict):
            self.prepared_key = self._process_jwk(key)
            return
    
        if not isinstance(key, str) and not isinstance(key, bytes):
            raise JWKError("Expecting a string- or bytes-formatted key.")
    
        if isinstance(key, str):
            key = key.encode("utf-8")
    
        if is_pem_format(key) or is_ssh_key(key):
>           raise JWKError(
                "The specified key is an asymmetric key or x509 certificate and"
                " should not be used as an HMAC secret."
            )
E           jose.exceptions.JWKError: The specified key is an asymmetric key or x509 certificate and should not be used as an HMAC secret.

venv/lib/python3.12/site-packages/jose/backends/cryptography_backend.py:567: JWKError

During handling of the above exception, another exception occurred:

    def test_jwt_get_unverified_header():
        """jwt.get_unverified_header returns the alg and typ without verification."""
>       token = jwt.encode({'a': 1}, b'k', algorithm=Algorithms.HS256)
                ^^^^^^^^^^^^^^^^^^^^^^^^^^^^^^^^^^^^^^^^^^^^^^^^^^^^^^

tests/test_python_jose_unit.py:25: 
_ _ _ _ _ _ _ _ _ _ _ _ _ _ _ _ _ _ _ _ _ _ _ _ _ _ _ _ _ _ _ _ _ _ _ _ _ _ _ _ 
venv/lib/python3.12/site-packages/jose/jwt.py:65: in encode
    return jws.sign(claims, key, headers=headers, algorithm=algorithm)
           ^^^^^^^^^^^^^^^^^^^^^^^^^^^^^^^^^^^^^^^^^^^^^^^^^^^^^^^^^^^
venv/lib/python3.12/site-packages/jose/jws.py:47: in sign
    signed_output = _sign_header_and_claims(encoded_header, encoded_payload, algorithm, key)
                    ^^^^^^^^^^^^^^^^^^^^^^^^^^^^^^^^^^^^^^^^^^^^^^^^^^^^^^^^^^^^^^^^^^^^^^^^
_ _ _ _ _ _ _ _ _ _ _ _ _ _ _ _ _ _ _ _ _ _ _ _ _ _ _ _ _ _ _ _ _ _ _ _ _ _ _ _ 

encoded_header = b'eyJhbGciOiJIUzI1NiIsInR5cCI6IkpXVCJ9'
encoded_claims = b'eyJhIjoxfQ', algorithm = 'HS256', key = b'k'

    def _sign_header_and_claims(encoded_header, encoded_claims, algorithm, key):
        signing_input = b".".join([encoded_header, encoded_claims])
        try:
            if not isinstance(key, Key):
                key = jwk.construct(key, algorithm)
            signature = key.sign(signing_input)
        except Exception as e:
>           raise JWSError(e)
E           jose.exceptions.JWSError: The specified key is an asymmetric key or x509 certificate and should not be used as an HMAC secret.

venv/lib/python3.12/site-packages/jose/jws.py:167: JWSError
________________________ test_jwt_get_unverified_claims ________________________

encoded_header = b'eyJhbGciOiJIUzI1NiIsInR5cCI6IkpXVCJ9'
encoded_claims = b'eyJzdWIiOiJhYmMiLCJjdXN0b20iOjQyfQ', algorithm = 'HS256'
key = b'k'

    def _sign_header_and_claims(encoded_header, encoded_claims, algorithm, key):
        signing_input = b".".join([encoded_header, encoded_claims])
        try:
            if not isinstance(key, Key):
>               key = jwk.construct(key, algorithm)
                      ^^^^^^^^^^^^^^^^^^^^^^^^^^^^^

venv/lib/python3.12/site-packages/jose/jws.py:164: 
_ _ _ _ _ _ _ _ _ _ _ _ _ _ _ _ _ _ _ _ _ _ _ _ _ _ _ _ _ _ _ _ _ _ _ _ _ _ _ _ 
venv/lib/python3.12/site-packages/jose/jwk.py:79: in construct
    return key_class(key_data, algorithm)
           ^^^^^^^^^^^^^^^^^^^^^^^^^^^^^^
_ _ _ _ _ _ _ _ _ _ _ _ _ _ _ _ _ _ _ _ _ _ _ _ _ _ _ _ _ _ _ _ _ _ _ _ _ _ _ _ 

self = <jose.backends.cryptography_backend.CryptographyHMACKey object at 0x7f345b859520>
key = b'k', algorithm = 'HS256'

    def __init__(self, key, algorithm):
        if algorithm not in ALGORITHMS.HMAC:
            raise JWKError("hash_alg: %s is not a valid hash algorithm" % algorithm)
        self._algorithm = algorithm
        self._hash_alg = self.ALG_MAP.get(algorithm)
    
        if isinstance(key, dict):
            self.prepared_key = self._process_jwk(key)
            return
    
        if not isinstance(key, str) and not isinstance(key, bytes):
            raise JWKError("Expecting a string- or bytes-formatted key.")
    
        if isinstance(key, str):
            key = key.encode("utf-8")
    
        if is_pem_format(key) or is_ssh_key(key):
>           raise JWKError(
                "The specified key is an asymmetric key or x509 certificate and"
                " should not be used as an HMAC secret."
            )
E           jose.exceptions.JWKError: The specified key is an asymmetric key or x509 certificate and should not be used as an HMAC secret.

venv/lib/python3.12/site-packages/jose/backends/cryptography_backend.py:567: JWKError

During handling of the above exception, another exception occurred:

    def test_jwt_get_unverified_claims():
        """jwt.get_unverified_claims returns claims without signature verification."""
>       token = jwt.encode({'sub': 'abc', 'custom': 42}, b'k', algorithm=Algorithms.HS256)
                ^^^^^^^^^^^^^^^^^^^^^^^^^^^^^^^^^^^^^^^^^^^^^^^^^^^^^^^^^^^^^^^^^^^^^^^^^^

tests/test_python_jose_unit.py:32: 
_ _ _ _ _ _ _ _ _ _ _ _ _ _ _ _ _ _ _ _ _ _ _ _ _ _ _ _ _ _ _ _ _ _ _ _ _ _ _ _ 
venv/lib/python3.12/site-packages/jose/jwt.py:65: in encode
    return jws.sign(claims, key, headers=headers, algorithm=algorithm)
           ^^^^^^^^^^^^^^^^^^^^^^^^^^^^^^^^^^^^^^^^^^^^^^^^^^^^^^^^^^^
venv/lib/python3.12/site-packages/jose/jws.py:47: in sign
    signed_output = _sign_header_and_claims(encoded_header, encoded_payload, algorithm, key)
                    ^^^^^^^^^^^^^^^^^^^^^^^^^^^^^^^^^^^^^^^^^^^^^^^^^^^^^^^^^^^^^^^^^^^^^^^^
_ _ _ _ _ _ _ _ _ _ _ _ _ _ _ _ _ _ _ _ _ _ _ _ _ _ _ _ _ _ _ _ _ _ _ _ _ _ _ _ 

encoded_header = b'eyJhbGciOiJIUzI1NiIsInR5cCI6IkpXVCJ9'
encoded_claims = b'eyJzdWIiOiJhYmMiLCJjdXN0b20iOjQyfQ', algorithm = 'HS256'
key = b'k'

    def _sign_header_and_claims(encoded_header, encoded_claims, algorithm, key):
        signing_input = b".".join([encoded_header, encoded_claims])
        try:
            if not isinstance(key, Key):
                key = jwk.construct(key, algorithm)
            signature = key.sign(signing_input)
        except Exception as e:
>           raise JWSError(e)
E           jose.exceptions.JWSError: The specified key is an asymmetric key or x509 certificate and should not be used as an HMAC secret.

venv/lib/python3.12/site-packages/jose/jws.py:167: JWSError
_____________ test_jwt_decode_expired_raises_expiredsignatureerror _____________

encoded_header = b'eyJhbGciOiJIUzI1NiIsInR5cCI6IkpXVCJ9'
encoded_claims = b'eyJleHAiOjEwMDAwMDAwMDB9', algorithm = 'HS256', key = b'k'

    def _sign_header_and_claims(encoded_header, encoded_claims, algorithm, key):
        signing_input = b".".join([encoded_header, encoded_claims])
        try:
            if not isinstance(key, Key):
>               key = jwk.construct(key, algorithm)
                      ^^^^^^^^^^^^^^^^^^^^^^^^^^^^^

venv/lib/python3.12/site-packages/jose/jws.py:164: 
_ _ _ _ _ _ _ _ _ _ _ _ _ _ _ _ _ _ _ _ _ _ _ _ _ _ _ _ _ _ _ _ _ _ _ _ _ _ _ _ 
venv/lib/python3.12/site-packages/jose/jwk.py:79: in construct
    return key_class(key_data, algorithm)
           ^^^^^^^^^^^^^^^^^^^^^^^^^^^^^^
_ _ _ _ _ _ _ _ _ _ _ _ _ _ _ _ _ _ _ _ _ _ _ _ _ _ _ _ _ _ _ _ _ _ _ _ _ _ _ _ 

self = <jose.backends.cryptography_backend.CryptographyHMACKey object at 0x7f345b85b170>
key = b'k', algorithm = 'HS256'

    def __init__(self, key, algorithm):
        if algorithm not in ALGORITHMS.HMAC:
            raise JWKError("hash_alg: %s is not a valid hash algorithm" % algorithm)
        self._algorithm = algorithm
        self._hash_alg = self.ALG_MAP.get(algorithm)
    
        if isinstance(key, dict):
            self.prepared_key = self._process_jwk(key)
            return
    
        if not isinstance(key, str) and not isinstance(key, bytes):
            raise JWKError("Expecting a string- or bytes-formatted key.")
    
        if isinstance(key, str):
            key = key.encode("utf-8")
    
        if is_pem_format(key) or is_ssh_key(key):
>           raise JWKError(
                "The specified key is an asymmetric key or x509 certificate and"
                " should not be used as an HMAC secret."
            )
E           jose.exceptions.JWKError: The specified key is an asymmetric key or x509 certificate and should not be used as an HMAC secret.

venv/lib/python3.12/site-packages/jose/backends/cryptography_backend.py:567: JWKError

During handling of the above exception, another exception occurred:

    def test_jwt_decode_expired_raises_expiredsignatureerror():
        """jwt.decode raises ExpiredSignatureError when exp is in the past."""
>       token = jwt.encode({'exp': 1000000000}, b'k', algorithm=Algorithms.HS256)
                ^^^^^^^^^^^^^^^^^^^^^^^^^^^^^^^^^^^^^^^^^^^^^^^^^^^^^^^^^^^^^^^^^

tests/test_python_jose_unit.py:39: 
_ _ _ _ _ _ _ _ _ _ _ _ _ _ _ _ _ _ _ _ _ _ _ _ _ _ _ _ _ _ _ _ _ _ _ _ _ _ _ _ 
venv/lib/python3.12/site-packages/jose/jwt.py:65: in encode
    return jws.sign(claims, key, headers=headers, algorithm=algorithm)
           ^^^^^^^^^^^^^^^^^^^^^^^^^^^^^^^^^^^^^^^^^^^^^^^^^^^^^^^^^^^
venv/lib/python3.12/site-packages/jose/jws.py:47: in sign
    signed_output = _sign_header_and_claims(encoded_header, encoded_payload, algorithm, key)
                    ^^^^^^^^^^^^^^^^^^^^^^^^^^^^^^^^^^^^^^^^^^^^^^^^^^^^^^^^^^^^^^^^^^^^^^^^
_ _ _ _ _ _ _ _ _ _ _ _ _ _ _ _ _ _ _ _ _ _ _ _ _ _ _ _ _ _ _ _ _ _ _ _ _ _ _ _ 

encoded_header = b'eyJhbGciOiJIUzI1NiIsInR5cCI6IkpXVCJ9'
encoded_claims = b'eyJleHAiOjEwMDAwMDAwMDB9', algorithm = 'HS256', key = b'k'

    def _sign_header_and_claims(encoded_header, encoded_claims, algorithm, key):
        signing_input = b".".join([encoded_header, encoded_claims])
        try:
            if not isinstance(key, Key):
                key = jwk.construct(key, algorithm)
            signature = key.sign(signing_input)
        except Exception as e:
>           raise JWSError(e)
E           jose.exceptions.JWSError: The specified key is an asymmetric key or x509 certificate and should not be used as an HMAC secret.

venv/lib/python3.12/site-packages/jose/jws.py:167: JWSError
=========================== short test summary info ============================
FAILED tests/test_python_jose_unit.py::test_jwt_encode_decode_roundtrip - jos...
FAILED tests/test_python_jose_unit.py::test_jwt_decode_wrong_key_raises_jwterror
FAILED tests/test_python_jose_unit.py::test_jwt_get_unverified_header - jose....
FAILED tests/test_python_jose_unit.py::test_jwt_get_unverified_claims - jose....
FAILED tests/test_python_jose_unit.py::test_jwt_decode_expired_raises_expiredsignatureerror
5 failed, 4 passed in 0.49s
