......FFFFFFF.                                                           [100%]
=================================== FAILURES ===================================
____________________ test_jwt_encode_decode_roundtrip_hmac _____________________

    def test_jwt_encode_decode_roundtrip_hmac():
        """jwt.encode then jwt.decode with the same key returns the original claims."""
        claims = {'sub': 'user-1', 'data': 'abc'}
        token = jwt.encode(claims, SECRET, algorithm=Algorithms.HS256)
>       assert jwt.decode(token, SECRET, algorithms=[Algorithms.HS256]) == claims
               ^^^^^^^^^^^^^^^^^^^^^^^^^^^^^^^^^^^^^^^^^^^^^^^^^^^^^^^^

tests/test_python_jose_unit.py:17: 
_ _ _ _ _ _ _ _ _ _ _ _ _ _ _ _ _ _ _ _ _ _ _ _ _ _ _ _ _ _ _ _ _ _ _ _ _ _ _ _ 
venv/lib/python3.12/site-packages/jose/jwt.py:154: in decode
    payload = jws.verify(token, key, algorithms, verify=verify_signature)
              ^^^^^^^^^^^^^^^^^^^^^^^^^^^^^^^^^^^^^^^^^^^^^^^^^^^^^^^^^^^
venv/lib/python3.12/site-packages/jose/jws.py:66: in verify
    header, payload, signing_input, signature = _load(token)
                                                ^^^^^^^^^^^^
_ _ _ _ _ _ _ _ _ _ _ _ _ _ _ _ _ _ _ _ _ _ _ _ _ _ _ _ _ _ _ _ _ _ _ _ _ _ _ _ 

jwt = None

    def _load(jwt):
        if isinstance(jwt, str):
            jwt = jwt.encode('utf-8')
        try:
>           signing_input, crypto_segment = jwt.rsplit(b'.', 1)
                                            ^^^^^^^^^^
E           AttributeError: 'NoneType' object has no attribute 'rsplit'

venv/lib/python3.12/site-packages/jose/jws.py:149: AttributeError
__________________ test_jwt_decode_wrong_key_raises_jwt_error __________________

    def test_jwt_decode_wrong_key_raises_jwt_error():
        """Decoding a token with the wrong key raises JWTError."""
        token = jwt.encode({'sub': 'x'}, SECRET, algorithm=Algorithms.HS256)
        with pytest.raises(JWTError):
>           jwt.decode(token, b'other-secret-key-0123456789', algorithms=[Algorithms.HS256])

tests/test_python_jose_unit.py:23: 
_ _ _ _ _ _ _ _ _ _ _ _ _ _ _ _ _ _ _ _ _ _ _ _ _ _ _ _ _ _ _ _ _ _ _ _ _ _ _ _ 
venv/lib/python3.12/site-packages/jose/jwt.py:154: in decode
    payload = jws.verify(token, key, algorithms, verify=verify_signature)
              ^^^^^^^^^^^^^^^^^^^^^^^^^^^^^^^^^^^^^^^^^^^^^^^^^^^^^^^^^^^
venv/lib/python3.12/site-packages/jose/jws.py:66: in verify
    header, payload, signing_input, signature = _load(token)
                                                ^^^^^^^^^^^^
_ _ _ _ _ _ _ _ _ _ _ _ _ _ _ _ _ _ _ _ _ _ _ _ _ _ _ _ _ _ _ _ _ _ _ _ _ _ _ _ 

jwt = None

    def _load(jwt):
        if isinstance(jwt, str):
            jwt = jwt.encode('utf-8')
        try:
>           signing_input, crypto_segment = jwt.rsplit(b'.', 1)
                                            ^^^^^^^^^^
E           AttributeError: 'NoneType' object has no attribute 'rsplit'

venv/lib/python3.12/site-packages/jose/jws.py:149: AttributeError
____________ test_jwt_decode_expired_raises_expired_signature_error ____________

    def test_jwt_decode_expired_raises_expired_signature_error():
        """A token whose exp is in the past raises ExpiredSignatureError."""
        past = int((datetime.datetime.now(datetime.timezone.utc) - datetime.timedelta(hours=1)).timestamp())
        token = jwt.encode({'exp': past}, SECRET, algorithm=Algorithms.HS256)
        with pytest.raises(ExpiredSignatureError):
>           jwt.decode(token, SECRET, algorithms=[Algorithms.HS256])

tests/test_python_jose_unit.py:30: 
_ _ _ _ _ _ _ _ _ _ _ _ _ _ _ _ _ _ _ _ _ _ _ _ _ _ _ _ _ _ _ _ _ _ _ _ _ _ _ _ 
venv/lib/python3.12/site-packages/jose/jwt.py:154: in decode
    payload = jws.verify(token, key, algorithms, verify=verify_signature)
              ^^^^^^^^^^^^^^^^^^^^^^^^^^^^^^^^^^^^^^^^^^^^^^^^^^^^^^^^^^^
venv/lib/python3.12/site-packages/jose/jws.py:66: in verify
    header, payload, signing_input, signature = _load(token)
                                                ^^^^^^^^^^^^
_ _ _ _ _ _ _ _ _ _ _ _ _ _ _ _ _ _ _ _ _ _ _ _ _ _ _ _ _ _ _ _ _ _ _ _ _ _ _ _ 

jwt = None

    def _load(jwt):
        if isinstance(jwt, str):
            jwt = jwt.encode('utf-8')
        try:
>           signing_input, crypto_segment = jwt.rsplit(b'.', 1)
                                            ^^^^^^^^^^
E           AttributeError: 'NoneType' object has no attribute 'rsplit'

venv/lib/python3.12/site-packages/jose/jws.py:149: AttributeError
__________ test_jwt_decode_audience_mismatch_raises_jwt_claims_error ___________

    def test_jwt_decode_audience_mismatch_raises_jwt_claims_error():
        """A token whose aud does not match the expected audience raises JWTClaimsError."""
        token = jwt.encode({'aud': 'app-a'}, SECRET, algorithm=Algorithms.HS256)
        with pytest.raises(JWTClaimsError):
>           jwt.decode(token, SECRET, algorithms=[Algorithms.HS256], audience='app-b')

tests/test_python_jose_unit.py:36: 
_ _ _ _ _ _ _ _ _ _ _ _ _ _ _ _ _ _ _ _ _ _ _ _ _ _ _ _ _ _ _ _ _ _ _ _ _ _ _ _ 
venv/lib/python3.12/site-packages/jose/jwt.py:154: in decode
    payload = jws.verify(token, key, algorithms, verify=verify_signature)
              ^^^^^^^^^^^^^^^^^^^^^^^^^^^^^^^^^^^^^^^^^^^^^^^^^^^^^^^^^^^
venv/lib/python3.12/site-packages/jose/jws.py:66: in verify
    header, payload, signing_input, signature = _load(token)
                                                ^^^^^^^^^^^^
_ _ _ _ _ _ _ _ _ _ _ _ _ _ _ _ _ _ _ _ _ _ _ _ _ _ _ _ _ _ _ _ _ _ _ _ _ _ _ _ 

jwt = None

    def _load(jwt):
        if isinstance(jwt, str):
            jwt = jwt.encode('utf-8')
        try:
>           signing_input, crypto_segment = jwt.rsplit(b'.', 1)
                                            ^^^^^^^^^^
E           AttributeError: 'NoneType' object has no attribute 'rsplit'

venv/lib/python3.12/site-packages/jose/jws.py:149: AttributeError
______________ test_jwt_get_unverified_header_returns_alg_and_typ ______________

token = None

    def get_unverified_header(token):
        """Returns the decoded headers without verification of any kind.
    
        Args:
            token (str): A signed JWT to decode the headers from.
    
        Returns:
            dict: The dict representation of the token headers.
    
        Raises:
            JWTError: If there is an exception decoding the token.
        """
        try:
>           headers = jws.get_unverified_headers(token)
                      ^^^^^^^^^^^^^^^^^^^^^^^^^^^^^^^^^

venv/lib/python3.12/site-packages/jose/jwt.py:195: 
_ _ _ _ _ _ _ _ _ _ _ _ _ _ _ _ _ _ _ _ _ _ _ _ _ _ _ _ _ _ _ _ _ _ _ _ _ _ _ _ 
venv/lib/python3.12/site-packages/jose/jws.py:101: in get_unverified_headers
    return get_unverified_header(token)
           ^^^^^^^^^^^^^^^^^^^^^^^^^^^^
venv/lib/python3.12/site-packages/jose/jws.py:83: in get_unverified_header
    header, claims, signing_input, signature = _load(token)
                                               ^^^^^^^^^^^^
_ _ _ _ _ _ _ _ _ _ _ _ _ _ _ _ _ _ _ _ _ _ _ _ _ _ _ _ _ _ _ _ _ _ _ _ _ _ _ _ 

jwt = None

    def _load(jwt):
        if isinstance(jwt, str):
            jwt = jwt.encode('utf-8')
        try:
>           signing_input, crypto_segment = jwt.rsplit(b'.', 1)
                                            ^^^^^^^^^^
E           AttributeError: 'NoneType' object has no attribute 'rsplit'

venv/lib/python3.12/site-packages/jose/jws.py:149: AttributeError

During handling of the above exception, another exception occurred:

    def test_jwt_get_unverified_header_returns_alg_and_typ():
        """get_unverified_header returns the alg and typ of an encoded token."""
        token = jwt.encode({'sub': 'u'}, SECRET, algorithm=Algorithms.HS256)
>       header = jwt.get_unverified_header(token)
                 ^^^^^^^^^^^^^^^^^^^^^^^^^^^^^^^^

tests/test_python_jose_unit.py:41: 
_ _ _ _ _ _ _ _ _ _ _ _ _ _ _ _ _ _ _ _ _ _ _ _ _ _ _ _ _ _ _ _ _ _ _ _ _ _ _ _ 

token = None

    def get_unverified_header(token):
        """Returns the decoded headers without verification of any kind.
    
        Args:
            token (str): A signed JWT to decode the headers from.
    
        Returns:
            dict: The dict representation of the token headers.
    
        Raises:
            JWTError: If there is an exception decoding the token.
        """
        try:
            headers = jws.get_unverified_headers(token)
        except Exception:
>           raise JWTError("Error decoding token headers.")
E           jose.exceptions.JWTError: Error decoding token headers.

venv/lib/python3.12/site-packages/jose/jwt.py:197: JWTError
______ test_jwt_get_unverified_claims_returns_claims_without_verification ______

token = None

    def get_unverified_claims(token):
        """Returns the decoded claims without verification of any kind.
    
        Args:
            token (str): A signed JWT to decode the headers from.
    
        Returns:
            dict: The dict representation of the token claims.
    
        Raises:
            JWTError: If there is an exception decoding the token.
        """
        try:
>           claims = jws.get_unverified_claims(token)
                     ^^^^^^^^^^^^^^^^^^^^^^^^^^^^^^^^

venv/lib/python3.12/site-packages/jose/jwt.py:233: 
_ _ _ _ _ _ _ _ _ _ _ _ _ _ _ _ _ _ _ _ _ _ _ _ _ _ _ _ _ _ _ _ _ _ _ _ _ _ _ _ 
venv/lib/python3.12/site-packages/jose/jws.py:115: in get_unverified_claims
    header, claims, signing_input, signature = _load(token)
                                               ^^^^^^^^^^^^
_ _ _ _ _ _ _ _ _ _ _ _ _ _ _ _ _ _ _ _ _ _ _ _ _ _ _ _ _ _ _ _ _ _ _ _ _ _ _ _ 

jwt = None

    def _load(jwt):
        if isinstance(jwt, str):
            jwt = jwt.encode('utf-8')
        try:
>           signing_input, crypto_segment = jwt.rsplit(b'.', 1)
                                            ^^^^^^^^^^
E           AttributeError: 'NoneType' object has no attribute 'rsplit'

venv/lib/python3.12/site-packages/jose/jws.py:149: AttributeError

During handling of the above exception, another exception occurred:

    def test_jwt_get_unverified_claims_returns_claims_without_verification():
        """get_unverified_claims returns the claims even for an unverified token."""
        token = jwt.encode({'sub': 'u', 'n': 42}, SECRET, algorithm=Algorithms.HS256)
>       assert jwt.get_unverified_claims(token) == {'sub': 'u', 'n': 42}
               ^^^^^^^^^^^^^^^^^^^^^^^^^^^^^^^^

tests/test_python_jose_unit.py:48: 
_ _ _ _ _ _ _ _ _ _ _ _ _ _ _ _ _ _ _ _ _ _ _ _ _ _ _ _ _ _ _ _ _ _ _ _ _ _ _ _ 

token = None

    def get_unverified_claims(token):
        """Returns the decoded claims without verification of any kind.
    
        Args:
            token (str): A signed JWT to decode the headers from.
    
        Returns:
            dict: The dict representation of the token claims.
    
        Raises:
            JWTError: If there is an exception decoding the token.
        """
        try:
            claims = jws.get_unverified_claims(token)
        except Exception:
>           raise JWTError("Error decoding token claims.")
E           jose.exceptions.JWTError: Error decoding token claims.

venv/lib/python3.12/site-packages/jose/jwt.py:235: JWTError
________________________ test_jws_sign_verify_roundtrip ________________________

    def test_jws_sign_verify_roundtrip():
        """jws.sign then jws.verify returns the original payload."""
        payload = b'hello jws'
        token = jws.sign(payload, SECRET, algorithm=Algorithms.HS256)
>       assert jws.verify(token, SECRET, [Algorithms.HS256]) == payload
               ^^^^^^^^^^^^^^^^^^^^^^^^^^^^^^^^^^^^^^^^^^^^^

tests/test_python_jose_unit.py:54: 
_ _ _ _ _ _ _ _ _ _ _ _ _ _ _ _ _ _ _ _ _ _ _ _ _ _ _ _ _ _ _ _ _ _ _ _ _ _ _ _ 
venv/lib/python3.12/site-packages/jose/jws.py:66: in verify
    header, payload, signing_input, signature = _load(token)
                                                ^^^^^^^^^^^^
_ _ _ _ _ _ _ _ _ _ _ _ _ _ _ _ _ _ _ _ _ _ _ _ _ _ _ _ _ _ _ _ _ _ _ _ _ _ _ _ 

jwt = None

    def _load(jwt):
        if isinstance(jwt, str):
            jwt = jwt.encode('utf-8')
        try:
>           signing_input, crypto_segment = jwt.rsplit(b'.', 1)
                                            ^^^^^^^^^^
E           AttributeError: 'NoneType' object has no attribute 'rsplit'

venv/lib/python3.12/site-packages/jose/jws.py:149: AttributeError
=========================== short test summary info ============================
FAILED tests/test_python_jose_unit.py::test_jwt_encode_decode_roundtrip_hmac
FAILED tests/test_python_jose_unit.py::test_jwt_decode_wrong_key_raises_jwt_error
FAILED tests/test_python_jose_unit.py::test_jwt_decode_expired_raises_expired_signature_error
FAILED tests/test_python_jose_unit.py::test_jwt_decode_audience_mismatch_raises_jwt_claims_error
FAILED tests/test_python_jose_unit.py::test_jwt_get_unverified_header_returns_alg_and_typ
FAILED tests/test_python_jose_unit.py::test_jwt_get_unverified_claims_returns_claims_without_verification
FAILED tests/test_python_jose_unit.py::test_jws_sign_verify_roundtrip - Attri...
7 failed, 7 passed in 0.44s
