FF.FFF                                                                   [100%]
=================================== FAILURES ===================================
_______________________ test_PYSEC_2025_185_fix_pinning ________________________

    def test_PYSEC_2025_185_fix_pinning():
        """A JWE whose compressed payload decompresses beyond the size limit must be rejected with JWEError."""
        cek = b'0' * 32
        iv = b'1' * 16
        token = _make_gzip_jwe(b'A' * (300 * 1024), cek, iv)
        with pytest.raises(JWEError):
>           jwe.decrypt(token, cek)

tests/test_python_jose_cve_cve_2024_29370.py:33: 
_ _ _ _ _ _ _ _ _ _ _ _ _ _ _ _ _ _ _ _ _ _ _ _ _ _ _ _ _ _ _ _ _ _ _ _ _ _ _ _ 
venv/lib/python3.12/site-packages/jose/jwe.py:86: in decrypt
    header, encoded_header, encrypted_key, iv, cipher_text, auth_tag = _jwe_compact_deserialize(jwe_str)
                                                                       ^^^^^^^^^^^^^^^^^^^^^^^^^^^^^^^^^
venv/lib/python3.12/site-packages/jose/jwe.py:307: in _jwe_compact_deserialize
    header = json.loads(header_data)
             ^^^^^^^^^^^^^^^^^^^^^^^
_ _ _ _ _ _ _ _ _ _ _ _ _ _ _ _ _ _ _ _ _ _ _ _ _ _ _ _ _ _ _ _ _ _ _ _ _ _ _ _ 

s = None, cls = None, object_hook = None, parse_float = None, parse_int = None
parse_constant = None, object_pairs_hook = None, kw = {}

    def loads(s, *, cls=None, object_hook=None, parse_float=None,
            parse_int=None, parse_constant=None, object_pairs_hook=None, **kw):
        """Deserialize ``s`` (a ``str``, ``bytes`` or ``bytearray`` instance
        containing a JSON document) to a Python object.
    
        ``object_hook`` is an optional function that will be called with the
        result of any object literal decode (a ``dict``). The return value of
        ``object_hook`` will be used instead of the ``dict``. This feature
        can be used to implement custom decoders (e.g. JSON-RPC class hinting).
    
        ``object_pairs_hook`` is an optional function that will be called with the
        result of any object literal decoded with an ordered list of pairs.  The
        return value of ``object_pairs_hook`` will be used instead of the ``dict``.
        This feature can be used to implement custom decoders.  If ``object_hook``
        is also defined, the ``object_pairs_hook`` takes priority.
    
        ``parse_float``, if specified, will be called with the string
        of every JSON float to be decoded. By default this is equivalent to
        float(num_str). This can be used to use another datatype or parser
        for JSON floats (e.g. decimal.Decimal).
    
        ``parse_int``, if specified, will be called with the string
        of every JSON int to be decoded. By default this is equivalent to
        int(num_str). This can be used to use another datatype or parser
        for JSON integers (e.g. float).
    
        ``parse_constant``, if specified, will be called with one of the
        following strings: -Infinity, Infinity, NaN.
        This can be used to raise an exception if invalid JSON numbers
        are encountered.
    
        To use a custom ``JSONDecoder`` subclass, specify it with the ``cls``
        kwarg; otherwise ``JSONDecoder`` is used.
        """
        if isinstance(s, str):
            if s.startswith('\ufeff'):
                raise JSONDecodeError("Unexpected UTF-8 BOM (decode using utf-8-sig)",
                                      s, 0)
        else:
            if not isinstance(s, (bytes, bytearray)):
>               raise TypeError(f'the JSON object must be str, bytes or bytearray, '
                                f'not {s.__class__.__name__}')
E               TypeError: the JSON object must be str, bytes or bytearray, not NoneType

/usr/local/lib/python3.12/json/__init__.py:339: TypeError
_________________________ test_PYSEC_2025_185_exposure _________________________

    def test_PYSEC_2025_185_exposure():
        """Same oversized-compression trigger via the app's jwe.decrypt call pattern must raise JWEError."""
        cek = b'0' * 32
        iv = b'1' * 16
        token = _make_gzip_jwe(b'B' * (300 * 1024), cek, iv)
        with pytest.raises(JWEError):
>           jwe.decrypt(token, cek)

tests/test_python_jose_cve_cve_2024_29370.py:41: 
_ _ _ _ _ _ _ _ _ _ _ _ _ _ _ _ _ _ _ _ _ _ _ _ _ _ _ _ _ _ _ _ _ _ _ _ _ _ _ _ 
venv/lib/python3.12/site-packages/jose/jwe.py:86: in decrypt
    header, encoded_header, encrypted_key, iv, cipher_text, auth_tag = _jwe_compact_deserialize(jwe_str)
                                                                       ^^^^^^^^^^^^^^^^^^^^^^^^^^^^^^^^^
venv/lib/python3.12/site-packages/jose/jwe.py:307: in _jwe_compact_deserialize
    header = json.loads(header_data)
             ^^^^^^^^^^^^^^^^^^^^^^^
_ _ _ _ _ _ _ _ _ _ _ _ _ _ _ _ _ _ _ _ _ _ _ _ _ _ _ _ _ _ _ _ _ _ _ _ _ _ _ _ 

s = None, cls = None, object_hook = None, parse_float = None, parse_int = None
parse_constant = None, object_pairs_hook = None, kw = {}

    def loads(s, *, cls=None, object_hook=None, parse_float=None,
            parse_int=None, parse_constant=None, object_pairs_hook=None, **kw):
        """Deserialize ``s`` (a ``str``, ``bytes`` or ``bytearray`` instance
        containing a JSON document) to a Python object.
    
        ``object_hook`` is an optional function that will be called with the
        result of any object literal decode (a ``dict``). The return value of
        ``object_hook`` will be used instead of the ``dict``. This feature
        can be used to implement custom decoders (e.g. JSON-RPC class hinting).
    
        ``object_pairs_hook`` is an optional function that will be called with the
        result of any object literal decoded with an ordered list of pairs.  The
        return value of ``object_pairs_hook`` will be used instead of the ``dict``.
        This feature can be used to implement custom decoders.  If ``object_hook``
        is also defined, the ``object_pairs_hook`` takes priority.
    
        ``parse_float``, if specified, will be called with the string
        of every JSON float to be decoded. By default this is equivalent to
        float(num_str). This can be used to use another datatype or parser
        for JSON floats (e.g. decimal.Decimal).
    
        ``parse_int``, if specified, will be called with the string
        of every JSON int to be decoded. By default this is equivalent to
        int(num_str). This can be used to use another datatype or parser
        for JSON integers (e.g. float).
    
        ``parse_constant``, if specified, will be called with one of the
        following strings: -Infinity, Infinity, NaN.
        This can be used to raise an exception if invalid JSON numbers
        are encountered.
    
        To use a custom ``JSONDecoder`` subclass, specify it with the ``cls``
        kwarg; otherwise ``JSONDecoder`` is used.
        """
        if isinstance(s, str):
            if s.startswith('\ufeff'):
                raise JSONDecodeError("Unexpected UTF-8 BOM (decode using utf-8-sig)",
                                      s, 0)
        else:
            if not isinstance(s, (bytes, bytearray)):
>               raise TypeError(f'the JSON object must be str, bytes or bytearray, '
                                f'not {s.__class__.__name__}')
E               TypeError: the JSON object must be str, bytes or bytearray, not NoneType

/usr/local/lib/python3.12/json/__init__.py:339: TypeError
______________________ test_ghsa_6c5p_j8vq_pqhj_exposure _______________________

    def test_ghsa_6c5p_j8vq_pqhj_exposure():
        """jwt.decode with an OpenSSH ECDSA key as the ES256 key must raise in 3.4.0."""
        key = _ec_key()
        ssh = _ssh_pubkey(key).encode()
        token = jwt.encode({'sub': 'u'}, key, algorithm='ES256')
        with pytest.raises(JOSEError):
>           jwt.decode(token, ssh, algorithms=['ES256'])

tests/test_python_jose_cve_cve_2024_33663.py:32: 
_ _ _ _ _ _ _ _ _ _ _ _ _ _ _ _ _ _ _ _ _ _ _ _ _ _ _ _ _ _ _ _ _ _ _ _ _ _ _ _ 
venv/lib/python3.12/site-packages/jose/jwt.py:154: in decode
    payload = jws.verify(token, key, algorithms, verify=verify_signature)
              ^^^^^^^^^^^^^^^^^^^^^^^^^^^^^^^^^^^^^^^^^^^^^^^^^^^^^^^^^^^
venv/lib/python3.12/site-packages/jose/jws.py:74: in verify
    header, payload, signing_input, signature = _load(token)
                                                ^^^^^^^^^^^^
_ _ _ _ _ _ _ _ _ _ _ _ _ _ _ _ _ _ _ _ _ _ _ _ _ _ _ _ _ _ _ _ _ _ _ _ _ _ _ _ 

jwt = b'eyJhbGciOiJFUzI1NiIsInR5cCI6IkpXVCJ9.eyJzdWIiOiJ1In0.B0appU8NLTNlejrG-wBeq0u-N2vO7dSS3cbNceHONVH2jptFU2PuayNV_E3mWkR85mt6axaWLAh5qpvF988yHQ'

    def _load(jwt):
        if isinstance(jwt, str):
            jwt = jwt.encode("utf-8")
        try:
            signing_input, crypto_segment = jwt.rsplit(b".", 1)
            header_segment, claims_segment = signing_input.split(b".", 1)
            header_data = base64url_decode(header_segment)
        except ValueError:
            raise JWSError("Not enough segments")
        except (TypeError, binascii.Error):
            raise JWSError("Invalid header padding")
    
        try:
>           header = json.loads(header_data.decode("utf-8"))
                                ^^^^^^^^^^^^^^^^^^
E           AttributeError: 'NoneType' object has no attribute 'decode'

venv/lib/python3.12/site-packages/jose/jws.py:189: AttributeError
_____________________ test_ghsa_cjwg_qfpm_7377_fix_pinning _____________________

    def test_ghsa_cjwg_qfpm_7377_fix_pinning():
        """Decompressing a bomb JWE must be capped: new version raises JWEError, old version returns 100 MB."""
        token = _bomb_token()
        with pytest.raises(JWEError):
>           jwe.decrypt(token, KEY)

tests/test_python_jose_cve_cve_2024_33664.py:24: 
_ _ _ _ _ _ _ _ _ _ _ _ _ _ _ _ _ _ _ _ _ _ _ _ _ _ _ _ _ _ _ _ _ _ _ _ _ _ _ _ 
venv/lib/python3.12/site-packages/jose/jwe.py:86: in decrypt
    header, encoded_header, encrypted_key, iv, cipher_text, auth_tag = _jwe_compact_deserialize(jwe_str)
                                                                       ^^^^^^^^^^^^^^^^^^^^^^^^^^^^^^^^^
venv/lib/python3.12/site-packages/jose/jwe.py:307: in _jwe_compact_deserialize
    header = json.loads(header_data)
             ^^^^^^^^^^^^^^^^^^^^^^^
_ _ _ _ _ _ _ _ _ _ _ _ _ _ _ _ _ _ _ _ _ _ _ _ _ _ _ _ _ _ _ _ _ _ _ _ _ _ _ _ 

s = None, cls = None, object_hook = None, parse_float = None, parse_int = None
parse_constant = None, object_pairs_hook = None, kw = {}

    def loads(s, *, cls=None, object_hook=None, parse_float=None,
            parse_int=None, parse_constant=None, object_pairs_hook=None, **kw):
        """Deserialize ``s`` (a ``str``, ``bytes`` or ``bytearray`` instance
        containing a JSON document) to a Python object.
    
        ``object_hook`` is an optional function that will be called with the
        result of any object literal decode (a ``dict``). The return value of
        ``object_hook`` will be used instead of the ``dict``. This feature
        can be used to implement custom decoders (e.g. JSON-RPC class hinting).
    
        ``object_pairs_hook`` is an optional function that will be called with the
        result of any object literal decoded with an ordered list of pairs.  The
        return value of ``object_pairs_hook`` will be used instead of the ``dict``.
        This feature can be used to implement custom decoders.  If ``object_hook``
        is also defined, the ``object_pairs_hook`` takes priority.
    
        ``parse_float``, if specified, will be called with the string
        of every JSON float to be decoded. By default this is equivalent to
        float(num_str). This can be used to use another datatype or parser
        for JSON floats (e.g. decimal.Decimal).
    
        ``parse_int``, if specified, will be called with the string
        of every JSON int to be decoded. By default this is equivalent to
        int(num_str). This can be used to use another datatype or parser
        for JSON integers (e.g. float).
    
        ``parse_constant``, if specified, will be called with one of the
        following strings: -Infinity, Infinity, NaN.
        This can be used to raise an exception if invalid JSON numbers
        are encountered.
    
        To use a custom ``JSONDecoder`` subclass, specify it with the ``cls``
        kwarg; otherwise ``JSONDecoder`` is used.
        """
        if isinstance(s, str):
            if s.startswith('\ufeff'):
                raise JSONDecodeError("Unexpected UTF-8 BOM (decode using utf-8-sig)",
                                      s, 0)
        else:
            if not isinstance(s, (bytes, bytearray)):
>               raise TypeError(f'the JSON object must be str, bytes or bytearray, '
                                f'not {s.__class__.__name__}')
E               TypeError: the JSON object must be str, bytes or bytearray, not NoneType

/usr/local/lib/python3.12/json/__init__.py:339: TypeError
______________________ test_ghsa_cjwg_qfpm_7377_exposure _______________________

    def test_ghsa_cjwg_qfpm_7377_exposure():
        """Same bomb token through the app's jwe.decrypt call pattern must not expand unbounded."""
        token = _bomb_token()
        with pytest.raises(JWEError):
>           result = jwe.decrypt(token, KEY)
                     ^^^^^^^^^^^^^^^^^^^^^^^

tests/test_python_jose_cve_cve_2024_33664.py:30: 
_ _ _ _ _ _ _ _ _ _ _ _ _ _ _ _ _ _ _ _ _ _ _ _ _ _ _ _ _ _ _ _ _ _ _ _ _ _ _ _ 
venv/lib/python3.12/site-packages/jose/jwe.py:86: in decrypt
    header, encoded_header, encrypted_key, iv, cipher_text, auth_tag = _jwe_compact_deserialize(jwe_str)
                                                                       ^^^^^^^^^^^^^^^^^^^^^^^^^^^^^^^^^
venv/lib/python3.12/site-packages/jose/jwe.py:307: in _jwe_compact_deserialize
    header = json.loads(header_data)
             ^^^^^^^^^^^^^^^^^^^^^^^
_ _ _ _ _ _ _ _ _ _ _ _ _ _ _ _ _ _ _ _ _ _ _ _ _ _ _ _ _ _ _ _ _ _ _ _ _ _ _ _ 

s = None, cls = None, object_hook = None, parse_float = None, parse_int = None
parse_constant = None, object_pairs_hook = None, kw = {}

    def loads(s, *, cls=None, object_hook=None, parse_float=None,
            parse_int=None, parse_constant=None, object_pairs_hook=None, **kw):
        """Deserialize ``s`` (a ``str``, ``bytes`` or ``bytearray`` instance
        containing a JSON document) to a Python object.
    
        ``object_hook`` is an optional function that will be called with the
        result of any object literal decode (a ``dict``). The return value of
        ``object_hook`` will be used instead of the ``dict``. This feature
        can be used to implement custom decoders (e.g. JSON-RPC class hinting).
    
        ``object_pairs_hook`` is an optional function that will be called with the
        result of any object literal decoded with an ordered list of pairs.  The
        return value of ``object_pairs_hook`` will be used instead of the ``dict``.
        This feature can be used to implement custom decoders.  If ``object_hook``
        is also defined, the ``object_pairs_hook`` takes priority.
    
        ``parse_float``, if specified, will be called with the string
        of every JSON float to be decoded. By default this is equivalent to
        float(num_str). This can be used to use another datatype or parser
        for JSON floats (e.g. decimal.Decimal).
    
        ``parse_int``, if specified, will be called with the string
        of every JSON int to be decoded. By default this is equivalent to
        int(num_str). This can be used to use another datatype or parser
        for JSON integers (e.g. float).
    
        ``parse_constant``, if specified, will be called with one of the
        following strings: -Infinity, Infinity, NaN.
        This can be used to raise an exception if invalid JSON numbers
        are encountered.
    
        To use a custom ``JSONDecoder`` subclass, specify it with the ``cls``
        kwarg; otherwise ``JSONDecoder`` is used.
        """
        if isinstance(s, str):
            if s.startswith('\ufeff'):
                raise JSONDecodeError("Unexpected UTF-8 BOM (decode using utf-8-sig)",
                                      s, 0)
        else:
            if not isinstance(s, (bytes, bytearray)):
>               raise TypeError(f'the JSON object must be str, bytes or bytearray, '
                                f'not {s.__class__.__name__}')
E               TypeError: the JSON object must be str, bytes or bytearray, not NoneType

/usr/local/lib/python3.12/json/__init__.py:339: TypeError
=========================== short test summary info ============================
FAILED tests/test_python_jose_cve_cve_2024_29370.py::test_PYSEC_2025_185_fix_pinning
FAILED tests/test_python_jose_cve_cve_2024_29370.py::test_PYSEC_2025_185_exposure
FAILED tests/test_python_jose_cve_cve_2024_33663.py::test_ghsa_6c5p_j8vq_pqhj_exposure
FAILED tests/test_python_jose_cve_cve_2024_33664.py::test_ghsa_cjwg_qfpm_7377_fix_pinning
FAILED tests/test_python_jose_cve_cve_2024_33664.py::test_ghsa_cjwg_qfpm_7377_exposure
5 failed, 1 passed in 1.18s
