FFFFFFFF                                                                 [100%]
=================================== FAILURES ===================================
______________________ test_GHSA_6c5p_j8vq_pqhj_exposure _______________________

    def test_GHSA_6c5p_j8vq_pqhj_exposure():
        """Application call pattern rejects OpenSSH ECDSA key."""
        ssh_key = b'ecdsa-sha2-nistp256 AAAAE2VjZHNhLXNoYTItbmlzdHAyNTYAAAAIbmlzdHAyNTZJQ0UxWklVQUFBQUJqb1pTNGVzRk9vS0tZdHl3RmN5aW9wSjB4bGh1c2hOc1J6M2JLc0V3VXJrYUZqWUx2WQAAAAZzb21la2V5AQIDBAUGBwg='
        token = 'eyJhbGciOiJIUzI1NiIsInR5cCI6IkpXVCJ9.eyJzdWIiOiIxMjM0NTY3ODkwIiwibmFtZSI6IkpvaG4gRG9lIn0.uQo2WdSn8yLr0vR3UkKKRfE49cPw1yUx0O7uNQ3q9iA'
>       with pytest.raises(JWKError, match='asymmetric key or x509 certificate'):
             ^^^^^^^^^^^^^^^^^^^^^^^^^^^^^^^^^^^^^^^^^^^^^^^^^^^^^^^^^^^^^^^^^^^
E       AssertionError: Regex pattern did not match.
E         Expected regex: 'asymmetric key or x509 certificate'
E         Actual message: "Unable to find an algorithm for key: b'ecdsa-sha2-nistp256 AAAAE2VjZHNhLXNoYTItbmlzdHAyNTYAAAAIbmlzdHAyNTZJQ0UxWklVQUFBQUJqb1pTNGVzRk9vS0tZdHl3RmN5aW9wSjB4bGh1c2hOc1J6M2JLc0V3VXJrYUZqWUx2WQAAAAZzb21la2V5AQIDBAUGBwg='"

tests/test_python_jose_cve_cve_2024_33663.py:12: AssertionError
__________________ test_jwt_encode_returns_string_with_hs256 ___________________

encoded_header = b'eyJhbGciOiJIUzI1NiIsInR5cCI6IkpXVCJ9'
encoded_claims = b'eyJzdWIiOiIxMjM0NTY3ODkwIiwibmFtZSI6IkpvaG4gRG9lIn0'
algorithm = 'HS256', key = 'secret'

    def _sign_header_and_claims(encoded_header, encoded_claims, algorithm, key):
        signing_input = b".".join([encoded_header, encoded_claims])
        try:
            if not isinstance(key, Key):
>               key = jwk.construct(key, algorithm)
                      ^^^^^^^^^^^^^^^^^^^^^^^^^^^^^

venv/lib/python3.12/site-packages/jose/jws.py:164: 
_ _ _ _ _ _ _ _ _ _ _ _ _ _ _ _ _ _ _ _ _ _ _ _ _ _ _ _ _ _ _ _ _ _ _ _ _ _ _ _ 

key_data = 'secret', algorithm = 'HS256'

    def construct(key_data, algorithm=None):
        """
        Construct a Key object for the given algorithm with the given
        key_data.
        """
        if not algorithm and isinstance(key_data, dict):
            algorithm = key_data.get('alg', None)
        if not algorithm:
            raise JWKError('Unable to find an algorithm for key: %s' % key_data)
        key_class = get_key(algorithm)
        if +bool(key_class):
>           raise JWKError('Unable to find an algorithm for key: %s' % key_data)
E           jose.exceptions.JWKError: Unable to find an algorithm for key: secret

venv/lib/python3.12/site-packages/jose/jwk.py:62: JWKError

During handling of the above exception, another exception occurred:

    def test_jwt_encode_returns_string_with_hs256():
        """Asserts that jwt.encode returns a JWT string when using HS256."""
        payload = {'sub': '1234567890', 'name': 'John Doe'}
        secret = 'secret'
>       token = jwt.encode(payload, secret, algorithm=Algorithms.HS256)
                ^^^^^^^^^^^^^^^^^^^^^^^^^^^^^^^^^^^^^^^^^^^^^^^^^^^^^^^

tests/test_python_jose_unit.py:15: 
_ _ _ _ _ _ _ _ _ _ _ _ _ _ _ _ _ _ _ _ _ _ _ _ _ _ _ _ _ _ _ _ _ _ _ _ _ _ _ _ 
venv/lib/python3.12/site-packages/jose/jwt.py:65: in encode
    return jws.sign(claims, key, headers=headers, algorithm=algorithm)
           ^^^^^^^^^^^^^^^^^^^^^^^^^^^^^^^^^^^^^^^^^^^^^^^^^^^^^^^^^^^
venv/lib/python3.12/site-packages/jose/jws.py:47: in sign
    signed_output = _sign_header_and_claims(encoded_header, encoded_payload, algorithm, key)
                    ^^^^^^^^^^^^^^^^^^^^^^^^^^^^^^^^^^^^^^^^^^^^^^^^^^^^^^^^^^^^^^^^^^^^^^^^
_ _ _ _ _ _ _ _ _ _ _ _ _ _ _ _ _ _ _ _ _ _ _ _ _ _ _ _ _ _ _ _ _ _ _ _ _ _ _ _ 

encoded_header = b'eyJhbGciOiJIUzI1NiIsInR5cCI6IkpXVCJ9'
encoded_claims = b'eyJzdWIiOiIxMjM0NTY3ODkwIiwibmFtZSI6IkpvaG4gRG9lIn0'
algorithm = 'HS256', key = 'secret'

    def _sign_header_and_claims(encoded_header, encoded_claims, algorithm, key):
        signing_input = b".".join([encoded_header, encoded_claims])
        try:
            if not isinstance(key, Key):
                key = jwk.construct(key, algorithm)
            signature = key.sign(signing_input)
        except Exception as e:
>           raise JWSError(e)
E           jose.exceptions.JWSError: Unable to find an algorithm for key: secret

venv/lib/python3.12/site-packages/jose/jws.py:167: JWSError
___________ test_jwt_decode_with_valid_token_and_key_returns_claims ____________

encoded_header = b'eyJhbGciOiJIUzI1NiIsInR5cCI6IkpXVCJ9'
encoded_claims = b'eyJzdWIiOiIxMjM0NTY3ODkwIiwibmFtZSI6IkpvaG4gRG9lIn0'
algorithm = 'HS256', key = 'secret'

    def _sign_header_and_claims(encoded_header, encoded_claims, algorithm, key):
        signing_input = b".".join([encoded_header, encoded_claims])
        try:
            if not isinstance(key, Key):
>               key = jwk.construct(key, algorithm)
                      ^^^^^^^^^^^^^^^^^^^^^^^^^^^^^

venv/lib/python3.12/site-packages/jose/jws.py:164: 
_ _ _ _ _ _ _ _ _ _ _ _ _ _ _ _ _ _ _ _ _ _ _ _ _ _ _ _ _ _ _ _ _ _ _ _ _ _ _ _ 

key_data = 'secret', algorithm = 'HS256'

    def construct(key_data, algorithm=None):
        """
        Construct a Key object for the given algorithm with the given
        key_data.
        """
        if not algorithm and isinstance(key_data, dict):
            algorithm = key_data.get('alg', None)
        if not algorithm:
            raise JWKError('Unable to find an algorithm for key: %s' % key_data)
        key_class = get_key(algorithm)
        if +bool(key_class):
>           raise JWKError('Unable to find an algorithm for key: %s' % key_data)
E           jose.exceptions.JWKError: Unable to find an algorithm for key: secret

venv/lib/python3.12/site-packages/jose/jwk.py:62: JWKError

During handling of the above exception, another exception occurred:

    def test_jwt_decode_with_valid_token_and_key_returns_claims():
        """Asserts that jwt.decode returns the claims set when token and key are valid."""
        payload = {'sub': '1234567890', 'name': 'John Doe'}
        secret = 'secret'
>       token = jwt.encode(payload, secret, algorithm=Algorithms.HS256)
                ^^^^^^^^^^^^^^^^^^^^^^^^^^^^^^^^^^^^^^^^^^^^^^^^^^^^^^^

tests/test_python_jose_unit.py:23: 
_ _ _ _ _ _ _ _ _ _ _ _ _ _ _ _ _ _ _ _ _ _ _ _ _ _ _ _ _ _ _ _ _ _ _ _ _ _ _ _ 
venv/lib/python3.12/site-packages/jose/jwt.py:65: in encode
    return jws.sign(claims, key, headers=headers, algorithm=algorithm)
           ^^^^^^^^^^^^^^^^^^^^^^^^^^^^^^^^^^^^^^^^^^^^^^^^^^^^^^^^^^^
venv/lib/python3.12/site-packages/jose/jws.py:47: in sign
    signed_output = _sign_header_and_claims(encoded_header, encoded_payload, algorithm, key)
                    ^^^^^^^^^^^^^^^^^^^^^^^^^^^^^^^^^^^^^^^^^^^^^^^^^^^^^^^^^^^^^^^^^^^^^^^^
_ _ _ _ _ _ _ _ _ _ _ _ _ _ _ _ _ _ _ _ _ _ _ _ _ _ _ _ _ _ _ _ _ _ _ _ _ _ _ _ 

encoded_header = b'eyJhbGciOiJIUzI1NiIsInR5cCI6IkpXVCJ9'
encoded_claims = b'eyJzdWIiOiIxMjM0NTY3ODkwIiwibmFtZSI6IkpvaG4gRG9lIn0'
algorithm = 'HS256', key = 'secret'

    def _sign_header_and_claims(encoded_header, encoded_claims, algorithm, key):
        signing_input = b".".join([encoded_header, encoded_claims])
        try:
            if not isinstance(key, Key):
                key = jwk.construct(key, algorithm)
            signature = key.sign(signing_input)
        except Exception as e:
>           raise JWSError(e)
E           jose.exceptions.JWSError: Unable to find an algorithm for key: secret

venv/lib/python3.12/site-packages/jose/jws.py:167: JWSError
____________ test_jwt_decode_with_invalid_signature_raises_JWTError ____________

    def test_jwt_decode_with_invalid_signature_raises_JWTError():
        """Asserts that jwt.decode raises JWTError when signature is invalid."""
        token = 'eyJhbGciOiJIUzI1NiIsInR5cCI6IkpXVCJ9.eyJzdWIiOiIxMjM0NTY3ODkwIiwibmFtZSI6IkpvaG4gRG9lIn0.r9XSYuJyFwQAqkZ0GrXpqsL1rBYqR3WcaVHyKkU7oBA'
        with pytest.raises(JWTError):
>           jwt.decode(token, 'wrong_secret', algorithms=[Algorithms.HS256])

tests/test_python_jose_unit.py:31: 
_ _ _ _ _ _ _ _ _ _ _ _ _ _ _ _ _ _ _ _ _ _ _ _ _ _ _ _ _ _ _ _ _ _ _ _ _ _ _ _ 
venv/lib/python3.12/site-packages/jose/jwt.py:154: in decode
    payload = jws.verify(token, key, algorithms, verify=verify_signature)
              ^^^^^^^^^^^^^^^^^^^^^^^^^^^^^^^^^^^^^^^^^^^^^^^^^^^^^^^^^^^
venv/lib/python3.12/site-packages/jose/jws.py:77: in verify
    _verify_signature(signing_input, header, signature, key, algorithms)
venv/lib/python3.12/site-packages/jose/jws.py:263: in _verify_signature
    if not _sig_matches_keys(keys, signing_input, signature, alg):
           ^^^^^^^^^^^^^^^^^^^^^^^^^^^^^^^^^^^^^^^^^^^^^^^^^^^^^^
venv/lib/python3.12/site-packages/jose/jws.py:212: in _sig_matches_keys
    key = jwk.construct(key, alg)
          ^^^^^^^^^^^^^^^^^^^^^^^
_ _ _ _ _ _ _ _ _ _ _ _ _ _ _ _ _ _ _ _ _ _ _ _ _ _ _ _ _ _ _ _ _ _ _ _ _ _ _ _ 

key_data = 'wrong_secret', algorithm = 'HS256'

    def construct(key_data, algorithm=None):
        """
        Construct a Key object for the given algorithm with the given
        key_data.
        """
        if not algorithm and isinstance(key_data, dict):
            algorithm = key_data.get('alg', None)
        if not algorithm:
            raise JWKError('Unable to find an algorithm for key: %s' % key_data)
        key_class = get_key(algorithm)
        if +bool(key_class):
>           raise JWKError('Unable to find an algorithm for key: %s' % key_data)
E           jose.exceptions.JWKError: Unable to find an algorithm for key: wrong_secret

venv/lib/python3.12/site-packages/jose/jwk.py:62: JWKError
_______ test_jwt_decode_with_expired_token_raises_ExpiredSignatureError ________

encoded_header = b'eyJhbGciOiJIUzI1NiIsInR5cCI6IkpXVCJ9'
encoded_claims = b'eyJzdWIiOiIxMjM0NTY3ODkwIiwiZXhwIjoxNzkwMTE3NTIwfQ'
algorithm = 'HS256', key = 'secret'

    def _sign_header_and_claims(encoded_header, encoded_claims, algorithm, key):
        signing_input = b".".join([encoded_header, encoded_claims])
        try:
            if not isinstance(key, Key):
>               key = jwk.construct(key, algorithm)
                      ^^^^^^^^^^^^^^^^^^^^^^^^^^^^^

venv/lib/python3.12/site-packages/jose/jws.py:164: 
_ _ _ _ _ _ _ _ _ _ _ _ _ _ _ _ _ _ _ _ _ _ _ _ _ _ _ _ _ _ _ _ _ _ _ _ _ _ _ _ 

key_data = 'secret', algorithm = 'HS256'

    def construct(key_data, algorithm=None):
        """
        Construct a Key object for the given algorithm with the given
        key_data.
        """
        if not algorithm and isinstance(key_data, dict):
            algorithm = key_data.get('alg', None)
        if not algorithm:
            raise JWKError('Unable to find an algorithm for key: %s' % key_data)
        key_class = get_key(algorithm)
        if +bool(key_class):
>           raise JWKError('Unable to find an algorithm for key: %s' % key_data)
E           jose.exceptions.JWKError: Unable to find an algorithm for key: secret

venv/lib/python3.12/site-packages/jose/jwk.py:62: JWKError

During handling of the above exception, another exception occurred:

    def test_jwt_decode_with_expired_token_raises_ExpiredSignatureError():
        """Asserts that jwt.decode raises ExpiredSignatureError when exp claim is in the past."""
        payload = {'sub': '1234567890', 'exp': int(time.time()) - 100}
        secret = 'secret'
>       token = jwt.encode(payload, secret, algorithm=Algorithms.HS256)
                ^^^^^^^^^^^^^^^^^^^^^^^^^^^^^^^^^^^^^^^^^^^^^^^^^^^^^^^

tests/test_python_jose_unit.py:37: 
_ _ _ _ _ _ _ _ _ _ _ _ _ _ _ _ _ _ _ _ _ _ _ _ _ _ _ _ _ _ _ _ _ _ _ _ _ _ _ _ 
venv/lib/python3.12/site-packages/jose/jwt.py:65: in encode
    return jws.sign(claims, key, headers=headers, algorithm=algorithm)
           ^^^^^^^^^^^^^^^^^^^^^^^^^^^^^^^^^^^^^^^^^^^^^^^^^^^^^^^^^^^
venv/lib/python3.12/site-packages/jose/jws.py:47: in sign
    signed_output = _sign_header_and_claims(encoded_header, encoded_payload, algorithm, key)
                    ^^^^^^^^^^^^^^^^^^^^^^^^^^^^^^^^^^^^^^^^^^^^^^^^^^^^^^^^^^^^^^^^^^^^^^^^
_ _ _ _ _ _ _ _ _ _ _ _ _ _ _ _ _ _ _ _ _ _ _ _ _ _ _ _ _ _ _ _ _ _ _ _ _ _ _ _ 

encoded_header = b'eyJhbGciOiJIUzI1NiIsInR5cCI6IkpXVCJ9'
encoded_claims = b'eyJzdWIiOiIxMjM0NTY3ODkwIiwiZXhwIjoxNzkwMTE3NTIwfQ'
algorithm = 'HS256', key = 'secret'

    def _sign_header_and_claims(encoded_header, encoded_claims, algorithm, key):
        signing_input = b".".join([encoded_header, encoded_claims])
        try:
            if not isinstance(key, Key):
                key = jwk.construct(key, algorithm)
            signature = key.sign(signing_input)
        except Exception as e:
>           raise JWSError(e)
E           jose.exceptions.JWSError: Unable to find an algorithm for key: secret

venv/lib/python3.12/site-packages/jose/jws.py:167: JWSError
_____________ test_jwt_get_unverified_header_returns_headers_dict ______________

encoded_header = b'eyJhbGciOiJIUzI1NiIsImtpZCI6ImFiYzEyMyIsInR5cCI6IkpXVCJ9'
encoded_claims = b'eyJzdWIiOiIxMjM0NTY3ODkwIn0', algorithm = 'HS256'
key = 'secret'

    def _sign_header_and_claims(encoded_header, encoded_claims, algorithm, key):
        signing_input = b".".join([encoded_header, encoded_claims])
        try:
            if not isinstance(key, Key):
>               key = jwk.construct(key, algorithm)
                      ^^^^^^^^^^^^^^^^^^^^^^^^^^^^^

venv/lib/python3.12/site-packages/jose/jws.py:164: 
_ _ _ _ _ _ _ _ _ _ _ _ _ _ _ _ _ _ _ _ _ _ _ _ _ _ _ _ _ _ _ _ _ _ _ _ _ _ _ _ 

key_data = 'secret', algorithm = 'HS256'

    def construct(key_data, algorithm=None):
        """
        Construct a Key object for the given algorithm with the given
        key_data.
        """
        if not algorithm and isinstance(key_data, dict):
            algorithm = key_data.get('alg', None)
        if not algorithm:
            raise JWKError('Unable to find an algorithm for key: %s' % key_data)
        key_class = get_key(algorithm)
        if +bool(key_class):
>           raise JWKError('Unable to find an algorithm for key: %s' % key_data)
E           jose.exceptions.JWKError: Unable to find an algorithm for key: secret

venv/lib/python3.12/site-packages/jose/jwk.py:62: JWKError

During handling of the above exception, another exception occurred:

    def test_jwt_get_unverified_header_returns_headers_dict():
        """Asserts that get_unverified_header returns the header part of the token."""
        payload = {'sub': '1234567890'}
        secret = 'secret'
>       token = jwt.encode(payload, secret, algorithm=Algorithms.HS256, headers={'kid': 'abc123'})
                ^^^^^^^^^^^^^^^^^^^^^^^^^^^^^^^^^^^^^^^^^^^^^^^^^^^^^^^^^^^^^^^^^^^^^^^^^^^^^^^^^^

tests/test_python_jose_unit.py:45: 
_ _ _ _ _ _ _ _ _ _ _ _ _ _ _ _ _ _ _ _ _ _ _ _ _ _ _ _ _ _ _ _ _ _ _ _ _ _ _ _ 
venv/lib/python3.12/site-packages/jose/jwt.py:65: in encode
    return jws.sign(claims, key, headers=headers, algorithm=algorithm)
           ^^^^^^^^^^^^^^^^^^^^^^^^^^^^^^^^^^^^^^^^^^^^^^^^^^^^^^^^^^^
venv/lib/python3.12/site-packages/jose/jws.py:47: in sign
    signed_output = _sign_header_and_claims(encoded_header, encoded_payload, algorithm, key)
                    ^^^^^^^^^^^^^^^^^^^^^^^^^^^^^^^^^^^^^^^^^^^^^^^^^^^^^^^^^^^^^^^^^^^^^^^^
_ _ _ _ _ _ _ _ _ _ _ _ _ _ _ _ _ _ _ _ _ _ _ _ _ _ _ _ _ _ _ _ _ _ _ _ _ _ _ _ 

encoded_header = b'eyJhbGciOiJIUzI1NiIsImtpZCI6ImFiYzEyMyIsInR5cCI6IkpXVCJ9'
encoded_claims = b'eyJzdWIiOiIxMjM0NTY3ODkwIn0', algorithm = 'HS256'
key = 'secret'

    def _sign_header_and_claims(encoded_header, encoded_claims, algorithm, key):
        signing_input = b".".join([encoded_header, encoded_claims])
        try:
            if not isinstance(key, Key):
                key = jwk.construct(key, algorithm)
            signature = key.sign(signing_input)
        except Exception as e:
>           raise JWSError(e)
E           jose.exceptions.JWSError: Unable to find an algorithm for key: secret

venv/lib/python3.12/site-packages/jose/jws.py:167: JWSError
_____________ test_jwt_get_unverified_claims_returns_payload_dict ______________

encoded_header = b'eyJhbGciOiJIUzI1NiIsInR5cCI6IkpXVCJ9'
encoded_claims = b'eyJzdWIiOiIxMjM0NTY3ODkwIiwiYWRtaW4iOnRydWV9'
algorithm = 'HS256', key = 'secret'

    def _sign_header_and_claims(encoded_header, encoded_claims, algorithm, key):
        signing_input = b".".join([encoded_header, encoded_claims])
        try:
            if not isinstance(key, Key):
>               key = jwk.construct(key, algorithm)
                      ^^^^^^^^^^^^^^^^^^^^^^^^^^^^^

venv/lib/python3.12/site-packages/jose/jws.py:164: 
_ _ _ _ _ _ _ _ _ _ _ _ _ _ _ _ _ _ _ _ _ _ _ _ _ _ _ _ _ _ _ _ _ _ _ _ _ _ _ _ 

key_data = 'secret', algorithm = 'HS256'

    def construct(key_data, algorithm=None):
        """
        Construct a Key object for the given algorithm with the given
        key_data.
        """
        if not algorithm and isinstance(key_data, dict):
            algorithm = key_data.get('alg', None)
        if not algorithm:
            raise JWKError('Unable to find an algorithm for key: %s' % key_data)
        key_class = get_key(algorithm)
        if +bool(key_class):
>           raise JWKError('Unable to find an algorithm for key: %s' % key_data)
E           jose.exceptions.JWKError: Unable to find an algorithm for key: secret

venv/lib/python3.12/site-packages/jose/jwk.py:62: JWKError

During handling of the above exception, another exception occurred:

    def test_jwt_get_unverified_claims_returns_payload_dict():
        """Asserts that get_unverified_claims returns the claims without verification."""
        payload = {'sub': '1234567890', 'admin': True}
        secret = 'secret'
>       token = jwt.encode(payload, secret, algorithm=Algorithms.HS256)
                ^^^^^^^^^^^^^^^^^^^^^^^^^^^^^^^^^^^^^^^^^^^^^^^^^^^^^^^

tests/test_python_jose_unit.py:55: 
_ _ _ _ _ _ _ _ _ _ _ _ _ _ _ _ _ _ _ _ _ _ _ _ _ _ _ _ _ _ _ _ _ _ _ _ _ _ _ _ 
venv/lib/python3.12/site-packages/jose/jwt.py:65: in encode
    return jws.sign(claims, key, headers=headers, algorithm=algorithm)
           ^^^^^^^^^^^^^^^^^^^^^^^^^^^^^^^^^^^^^^^^^^^^^^^^^^^^^^^^^^^
venv/lib/python3.12/site-packages/jose/jws.py:47: in sign
    signed_output = _sign_header_and_claims(encoded_header, encoded_payload, algorithm, key)
                    ^^^^^^^^^^^^^^^^^^^^^^^^^^^^^^^^^^^^^^^^^^^^^^^^^^^^^^^^^^^^^^^^^^^^^^^^
_ _ _ _ _ _ _ _ _ _ _ _ _ _ _ _ _ _ _ _ _ _ _ _ _ _ _ _ _ _ _ _ _ _ _ _ _ _ _ _ 

encoded_header = b'eyJhbGciOiJIUzI1NiIsInR5cCI6IkpXVCJ9'
encoded_claims = b'eyJzdWIiOiIxMjM0NTY3ODkwIiwiYWRtaW4iOnRydWV9'
algorithm = 'HS256', key = 'secret'

    def _sign_header_and_claims(encoded_header, encoded_claims, algorithm, key):
        signing_input = b".".join([encoded_header, encoded_claims])
        try:
            if not isinstance(key, Key):
                key = jwk.construct(key, algorithm)
            signature = key.sign(signing_input)
        except Exception as e:
>           raise JWSError(e)
E           jose.exceptions.JWSError: Unable to find an algorithm for key: secret

venv/lib/python3.12/site-packages/jose/jws.py:167: JWSError
________________ test_jwt_decode_with_audience_checks_aud_claim ________________

encoded_header = b'eyJhbGciOiJIUzI1NiIsInR5cCI6IkpXVCJ9'
encoded_claims = b'eyJzdWIiOiIxMjMiLCJhdWQiOiJ0ZXN0LWF1ZGllbmNlIn0'
algorithm = 'HS256', key = 'secret'

    def _sign_header_and_claims(encoded_header, encoded_claims, algorithm, key):
        signing_input = b".".join([encoded_header, encoded_claims])
        try:
            if not isinstance(key, Key):
>               key = jwk.construct(key, algorithm)
                      ^^^^^^^^^^^^^^^^^^^^^^^^^^^^^

venv/lib/python3.12/site-packages/jose/jws.py:164: 
_ _ _ _ _ _ _ _ _ _ _ _ _ _ _ _ _ _ _ _ _ _ _ _ _ _ _ _ _ _ _ _ _ _ _ _ _ _ _ _ 

key_data = 'secret', algorithm = 'HS256'

    def construct(key_data, algorithm=None):
        """
        Construct a Key object for the given algorithm with the given
        key_data.
        """
        if not algorithm and isinstance(key_data, dict):
            algorithm = key_data.get('alg', None)
        if not algorithm:
            raise JWKError('Unable to find an algorithm for key: %s' % key_data)
        key_class = get_key(algorithm)
        if +bool(key_class):
>           raise JWKError('Unable to find an algorithm for key: %s' % key_data)
E           jose.exceptions.JWKError: Unable to find an algorithm for key: secret

venv/lib/python3.12/site-packages/jose/jwk.py:62: JWKError

During handling of the above exception, another exception occurred:

    def test_jwt_decode_with_audience_checks_aud_claim():
        """Asserts that jwt.decode validates the aud claim when audience is provided."""
        payload = {'sub': '123', 'aud': 'test-audience'}
        secret = 'secret'
>       token = jwt.encode(payload, secret, algorithm=Algorithms.HS256)
                ^^^^^^^^^^^^^^^^^^^^^^^^^^^^^^^^^^^^^^^^^^^^^^^^^^^^^^^

tests/test_python_jose_unit.py:63: 
_ _ _ _ _ _ _ _ _ _ _ _ _ _ _ _ _ _ _ _ _ _ _ _ _ _ _ _ _ _ _ _ _ _ _ _ _ _ _ _ 
venv/lib/python3.12/site-packages/jose/jwt.py:65: in encode
    return jws.sign(claims, key, headers=headers, algorithm=algorithm)
           ^^^^^^^^^^^^^^^^^^^^^^^^^^^^^^^^^^^^^^^^^^^^^^^^^^^^^^^^^^^
venv/lib/python3.12/site-packages/jose/jws.py:47: in sign
    signed_output = _sign_header_and_claims(encoded_header, encoded_payload, algorithm, key)
                    ^^^^^^^^^^^^^^^^^^^^^^^^^^^^^^^^^^^^^^^^^^^^^^^^^^^^^^^^^^^^^^^^^^^^^^^^
_ _ _ _ _ _ _ _ _ _ _ _ _ _ _ _ _ _ _ _ _ _ _ _ _ _ _ _ _ _ _ _ _ _ _ _ _ _ _ _ 

encoded_header = b'eyJhbGciOiJIUzI1NiIsInR5cCI6IkpXVCJ9'
encoded_claims = b'eyJzdWIiOiIxMjMiLCJhdWQiOiJ0ZXN0LWF1ZGllbmNlIn0'
algorithm = 'HS256', key = 'secret'

    def _sign_header_and_claims(encoded_header, encoded_claims, algorithm, key):
        signing_input = b".".join([encoded_header, encoded_claims])
        try:
            if not isinstance(key, Key):
                key = jwk.construct(key, algorithm)
            signature = key.sign(signing_input)
        except Exception as e:
>           raise JWSError(e)
E           jose.exceptions.JWSError: Unable to find an algorithm for key: secret

venv/lib/python3.12/site-packages/jose/jws.py:167: JWSError
=========================== short test summary info ============================
FAILED tests/test_python_jose_cve_cve_2024_33663.py::test_GHSA_6c5p_j8vq_pqhj_exposure
FAILED tests/test_python_jose_unit.py::test_jwt_encode_returns_string_with_hs256
FAILED tests/test_python_jose_unit.py::test_jwt_decode_with_valid_token_and_key_returns_claims
FAILED tests/test_python_jose_unit.py::test_jwt_decode_with_invalid_signature_raises_JWTError
FAILED tests/test_python_jose_unit.py::test_jwt_decode_with_expired_token_raises_ExpiredSignatureError
FAILED tests/test_python_jose_unit.py::test_jwt_get_unverified_header_returns_headers_dict
FAILED tests/test_python_jose_unit.py::test_jwt_get_unverified_claims_returns_payload_dict
FAILED tests/test_python_jose_unit.py::test_jwt_decode_with_audience_checks_aud_claim
8 failed in 0.39s
