...F..                                                                   [100%]
=================================== FAILURES ===================================
______________________ test_ghsa_6c5p_j8vq_pqhj_exposure _______________________

    def test_ghsa_6c5p_j8vq_pqhj_exposure():
        """jwt.decode with an OpenSSH ECDSA key as the ES256 key must raise in 3.4.0."""
        key = _ec_key()
        ssh = _ssh_pubkey(key).encode()
>       token = jwt.encode({'sub': 'u'}, key, algorithm='ES256')
                ^^^^^^^^^^^^^^^^^^^^^^^^^^^^^^^^^^^^^^^^^^^^^^^^

tests/test_python_jose_cve_cve_2024_33663.py:30: 
_ _ _ _ _ _ _ _ _ _ _ _ _ _ _ _ _ _ _ _ _ _ _ _ _ _ _ _ _ _ _ _ _ _ _ _ _ _ _ _ 
venv/lib/python3.12/site-packages/jose/jwt.py:65: in encode
    return jws.sign(claims, key, headers=headers, algorithm=algorithm)
           ^^^^^^^^^^^^^^^^^^^^^^^^^^^^^^^^^^^^^^^^^^^^^^^^^^^^^^^^^^^
venv/lib/python3.12/site-packages/jose/jws.py:42: in sign
    signed_output = _sign_header_and_claims(encoded_header, encoded_payload, algorithm, key)
                    ^^^^^^^^^^^^^^^^^^^^^^^^^^^^^^^^^^^^^^^^^^^^^^^^^^^^^^^^^^^^^^^^^^^^^^^^
_ _ _ _ _ _ _ _ _ _ _ _ _ _ _ _ _ _ _ _ _ _ _ _ _ _ _ _ _ _ _ _ _ _ _ _ _ _ _ _ 

encoded_header = None, encoded_claims = b'eyJzdWIiOiJ1In0', algorithm = 'ES256'
key = <cryptography.hazmat.bindings._rust.openssl.ec.ECPrivateKey object at 0x7f2a572e1250>

    def _sign_header_and_claims(encoded_header, encoded_claims, algorithm, key):
>       signing_input = b'.'.join([encoded_header, encoded_claims])
                        ^^^^^^^^^^^^^^^^^^^^^^^^^^^^^^^^^^^^^^^^^^^
E       TypeError: sequence item 0: expected a bytes-like object, NoneType found

venv/lib/python3.12/site-packages/jose/jws.py:134: TypeError
=========================== short test summary info ============================
FAILED tests/test_python_jose_cve_cve_2024_33663.py::test_ghsa_6c5p_j8vq_pqhj_exposure
1 failed, 5 passed in 1.10s
