FF..FF........                                                           [100%]
=================================== FAILURES ===================================
_______________________ test_PYSEC_2025_185_fix_pinning ________________________

    def test_PYSEC_2025_185_fix_pinning():
        """A JWE whose compressed payload expands beyond the size limit must be rejected with JWEError."""
        token = _make_token(zlib.compress(b'A' * (300 * 1024)))
        with pytest.raises(JWEError):
>           jwe.decrypt(token, KEY)

tests/test_python_jose_cve_cve_2024_29370.py:24: 
_ _ _ _ _ _ _ _ _ _ _ _ _ _ _ _ _ _ _ _ _ _ _ _ _ _ _ _ _ _ _ _ _ _ _ _ _ _ _ _ 
venv/lib/python3.12/site-packages/jose/jwe.py:108: in decrypt
    key = jwk.construct(key, alg)
          ^^^^^^^^^^^^^^^^^^^^^^^
venv/lib/python3.12/site-packages/jose/jwk.py:63: in construct
    return key_class(key_data, algorithm)
           ^^^^^^^^^^^^^^^^^^^^^^^^^^^^^^
_ _ _ _ _ _ _ _ _ _ _ _ _ _ _ _ _ _ _ _ _ _ _ _ _ _ _ _ _ _ _ _ _ _ _ _ _ _ _ _ 

self = <jose.backends.cryptography_backend.CryptographyAESKey object at 0x7fda82cd58e0>
key = b'0123456789abcdef', algorithm = 'dir'

    def __init__(self, key, algorithm):
        if algorithm not in ALGORITHMS.AES:
>           raise JWKError("%s is not a valid AES algorithm" % algorithm)
E           jose.exceptions.JWKError: dir is not a valid AES algorithm

venv/lib/python3.12/site-packages/jose/backends/cryptography_backend.py:454: JWKError
_________________________ test_PYSEC_2025_185_exposure _________________________

    def test_PYSEC_2025_185_exposure():
        """Same oversized compressed JWE through the app's jwe.decrypt call pattern must raise JWEError."""
        token = _make_token(zlib.compress(b'B' * (300 * 1024)))
        with pytest.raises(JWEError):
>           jwe.decrypt(token, KEY)

tests/test_python_jose_cve_cve_2024_29370.py:30: 
_ _ _ _ _ _ _ _ _ _ _ _ _ _ _ _ _ _ _ _ _ _ _ _ _ _ _ _ _ _ _ _ _ _ _ _ _ _ _ _ 
venv/lib/python3.12/site-packages/jose/jwe.py:108: in decrypt
    key = jwk.construct(key, alg)
          ^^^^^^^^^^^^^^^^^^^^^^^
venv/lib/python3.12/site-packages/jose/jwk.py:63: in construct
    return key_class(key_data, algorithm)
           ^^^^^^^^^^^^^^^^^^^^^^^^^^^^^^
_ _ _ _ _ _ _ _ _ _ _ _ _ _ _ _ _ _ _ _ _ _ _ _ _ _ _ _ _ _ _ _ _ _ _ _ _ _ _ _ 

self = <jose.backends.cryptography_backend.CryptographyAESKey object at 0x7fda82cd5280>
key = b'0123456789abcdef', algorithm = 'dir'

    def __init__(self, key, algorithm):
        if algorithm not in ALGORITHMS.AES:
>           raise JWKError("%s is not a valid AES algorithm" % algorithm)
E           jose.exceptions.JWKError: dir is not a valid AES algorithm

venv/lib/python3.12/site-packages/jose/backends/cryptography_backend.py:454: JWKError
_____________________ test_ghsa_cjwg_qfpm_7377_fix_pinning _____________________

    def test_ghsa_cjwg_qfpm_7377_fix_pinning():
        """jwe.decrypt must reject a compressed JWE whose plaintext exceeds the size limit (CVE-2024-33664)."""
        token = _bomb_token()
        with pytest.raises(JWEError):
>           jwe.decrypt(token, 'asecret128bitkey')

tests/test_python_jose_cve_cve_2024_33664.py:24: 
_ _ _ _ _ _ _ _ _ _ _ _ _ _ _ _ _ _ _ _ _ _ _ _ _ _ _ _ _ _ _ _ _ _ _ _ _ _ _ _ 
venv/lib/python3.12/site-packages/jose/jwe.py:108: in decrypt
    key = jwk.construct(key, alg)
          ^^^^^^^^^^^^^^^^^^^^^^^
venv/lib/python3.12/site-packages/jose/jwk.py:63: in construct
    return key_class(key_data, algorithm)
           ^^^^^^^^^^^^^^^^^^^^^^^^^^^^^^
_ _ _ _ _ _ _ _ _ _ _ _ _ _ _ _ _ _ _ _ _ _ _ _ _ _ _ _ _ _ _ _ _ _ _ _ _ _ _ _ 

self = <jose.backends.cryptography_backend.CryptographyAESKey object at 0x7fda82cd41a0>
key = 'asecret128bitkey', algorithm = 'dir'

    def __init__(self, key, algorithm):
        if algorithm not in ALGORITHMS.AES:
>           raise JWKError("%s is not a valid AES algorithm" % algorithm)
E           jose.exceptions.JWKError: dir is not a valid AES algorithm

venv/lib/python3.12/site-packages/jose/backends/cryptography_backend.py:454: JWKError
______________________ test_ghsa_cjwg_qfpm_7377_exposure _______________________

    def test_ghsa_cjwg_qfpm_7377_exposure():
        """Same JWT-bomb trigger via the app's decrypt call pattern must raise JWEError, not hang or OOM."""
        token = _bomb_token()
        with pytest.raises(JWEError):
>           jwe.decrypt(token, 'asecret128bitkey')

tests/test_python_jose_cve_cve_2024_33664.py:30: 
_ _ _ _ _ _ _ _ _ _ _ _ _ _ _ _ _ _ _ _ _ _ _ _ _ _ _ _ _ _ _ _ _ _ _ _ _ _ _ _ 
venv/lib/python3.12/site-packages/jose/jwe.py:108: in decrypt
    key = jwk.construct(key, alg)
          ^^^^^^^^^^^^^^^^^^^^^^^
venv/lib/python3.12/site-packages/jose/jwk.py:63: in construct
    return key_class(key_data, algorithm)
           ^^^^^^^^^^^^^^^^^^^^^^^^^^^^^^
_ _ _ _ _ _ _ _ _ _ _ _ _ _ _ _ _ _ _ _ _ _ _ _ _ _ _ _ _ _ _ _ _ _ _ _ _ _ _ _ 

self = <jose.backends.cryptography_backend.CryptographyAESKey object at 0x7fda82cd7050>
key = 'asecret128bitkey', algorithm = 'dir'

    def __init__(self, key, algorithm):
        if algorithm not in ALGORITHMS.AES:
>           raise JWKError("%s is not a valid AES algorithm" % algorithm)
E           jose.exceptions.JWKError: dir is not a valid AES algorithm

venv/lib/python3.12/site-packages/jose/backends/cryptography_backend.py:454: JWKError
=========================== short test summary info ============================
FAILED tests/test_python_jose_cve_cve_2024_29370.py::test_PYSEC_2025_185_fix_pinning
FAILED tests/test_python_jose_cve_cve_2024_29370.py::test_PYSEC_2025_185_exposure
FAILED tests/test_python_jose_cve_cve_2024_33664.py::test_ghsa_cjwg_qfpm_7377_fix_pinning
FAILED tests/test_python_jose_cve_cve_2024_33664.py::test_ghsa_cjwg_qfpm_7377_exposure
4 failed, 10 passed in 0.40s
