FFFFFF                                                                   [100%]
=================================== FAILURES ===================================
_______________________ test_PYSEC_2025_185_fix_pinning ________________________

    def test_PYSEC_2025_185_fix_pinning():
        """A JWE whose compressed payload decompresses beyond the size limit must be rejected with JWEError."""
        cek = b'0' * 32
        iv = b'1' * 16
        token = _make_gzip_jwe(b'A' * (300 * 1024), cek, iv)
        with pytest.raises(JWEError):
>           jwe.decrypt(token, cek)

tests/test_python_jose_cve_cve_2024_29370.py:33: 
_ _ _ _ _ _ _ _ _ _ _ _ _ _ _ _ _ _ _ _ _ _ _ _ _ _ _ _ _ _ _ _ _ _ _ _ _ _ _ _ 
venv/lib/python3.12/site-packages/jose/jwe.py:138: in decrypt
    cek_bytes = _get_key_bytes_from_key(key)
                ^^^^^^^^^^^^^^^^^^^^^^^^^^^^
_ _ _ _ _ _ _ _ _ _ _ _ _ _ _ _ _ _ _ _ _ _ _ _ _ _ _ _ _ _ _ _ _ _ _ _ _ _ _ _ 

key = None

    def _get_key_bytes_from_key(key):
        """
        Get the raw key bytes from a Key object
    
        Args:
            key (Key): Key from which to extract the raw key bytes
        Returns:
            (bytes) key data
        """
>       jwk_data = key.to_dict()
                   ^^^^^^^^^^^
E       AttributeError: 'NoneType' object has no attribute 'to_dict'

venv/lib/python3.12/site-packages/jose/jwe.py:521: AttributeError
_________________________ test_PYSEC_2025_185_exposure _________________________

    def test_PYSEC_2025_185_exposure():
        """Same oversized-compression trigger via the app's jwe.decrypt call pattern must raise JWEError."""
        cek = b'0' * 32
        iv = b'1' * 16
        token = _make_gzip_jwe(b'B' * (300 * 1024), cek, iv)
        with pytest.raises(JWEError):
>           jwe.decrypt(token, cek)

tests/test_python_jose_cve_cve_2024_29370.py:41: 
_ _ _ _ _ _ _ _ _ _ _ _ _ _ _ _ _ _ _ _ _ _ _ _ _ _ _ _ _ _ _ _ _ _ _ _ _ _ _ _ 
venv/lib/python3.12/site-packages/jose/jwe.py:138: in decrypt
    cek_bytes = _get_key_bytes_from_key(key)
                ^^^^^^^^^^^^^^^^^^^^^^^^^^^^
_ _ _ _ _ _ _ _ _ _ _ _ _ _ _ _ _ _ _ _ _ _ _ _ _ _ _ _ _ _ _ _ _ _ _ _ _ _ _ _ 

key = None

    def _get_key_bytes_from_key(key):
        """
        Get the raw key bytes from a Key object
    
        Args:
            key (Key): Key from which to extract the raw key bytes
        Returns:
            (bytes) key data
        """
>       jwk_data = key.to_dict()
                   ^^^^^^^^^^^
E       AttributeError: 'NoneType' object has no attribute 'to_dict'

venv/lib/python3.12/site-packages/jose/jwe.py:521: AttributeError
_____________________ test_ghsa_6c5p_j8vq_pqhj_fix_pinning _____________________

    def test_ghsa_6c5p_j8vq_pqhj_fix_pinning():
        """OpenSSH ECDSA public key must be rejected as an ES256 key in 3.4.0 (accepted in 3.3.0)."""
        key = _ec_key()
        ssh = _ssh_pubkey(key).encode()
>       with pytest.raises(JWKError):
             ^^^^^^^^^^^^^^^^^^^^^^^
E       Failed: DID NOT RAISE JWKError

tests/test_python_jose_cve_cve_2024_33663.py:23: Failed
______________________ test_ghsa_6c5p_j8vq_pqhj_exposure _______________________

encoded_header = b'eyJhbGciOiJFUzI1NiIsInR5cCI6IkpXVCJ9'
encoded_claims = b'eyJzdWIiOiJ1In0', algorithm = 'ES256', key = None

    def _sign_header_and_claims(encoded_header, encoded_claims, algorithm, key):
        signing_input = b".".join([encoded_header, encoded_claims])
        try:
            if not isinstance(key, Key):
                key = jwk.construct(key, algorithm)
>           signature = key.sign(signing_input)
                        ^^^^^^^^
E           AttributeError: 'NoneType' object has no attribute 'sign'

venv/lib/python3.12/site-packages/jose/jws.py:165: AttributeError

During handling of the above exception, another exception occurred:

    def test_ghsa_6c5p_j8vq_pqhj_exposure():
        """jwt.decode with an OpenSSH ECDSA key as the ES256 key must raise in 3.4.0."""
        key = _ec_key()
        ssh = _ssh_pubkey(key).encode()
>       token = jwt.encode({'sub': 'u'}, key, algorithm='ES256')
                ^^^^^^^^^^^^^^^^^^^^^^^^^^^^^^^^^^^^^^^^^^^^^^^^

tests/test_python_jose_cve_cve_2024_33663.py:30: 
_ _ _ _ _ _ _ _ _ _ _ _ _ _ _ _ _ _ _ _ _ _ _ _ _ _ _ _ _ _ _ _ _ _ _ _ _ _ _ _ 
venv/lib/python3.12/site-packages/jose/jwt.py:65: in encode
    return jws.sign(claims, key, headers=headers, algorithm=algorithm)
           ^^^^^^^^^^^^^^^^^^^^^^^^^^^^^^^^^^^^^^^^^^^^^^^^^^^^^^^^^^^
venv/lib/python3.12/site-packages/jose/jws.py:47: in sign
    signed_output = _sign_header_and_claims(encoded_header, encoded_payload, algorithm, key)
                    ^^^^^^^^^^^^^^^^^^^^^^^^^^^^^^^^^^^^^^^^^^^^^^^^^^^^^^^^^^^^^^^^^^^^^^^^
_ _ _ _ _ _ _ _ _ _ _ _ _ _ _ _ _ _ _ _ _ _ _ _ _ _ _ _ _ _ _ _ _ _ _ _ _ _ _ _ 

encoded_header = b'eyJhbGciOiJFUzI1NiIsInR5cCI6IkpXVCJ9'
encoded_claims = b'eyJzdWIiOiJ1In0', algorithm = 'ES256', key = None

    def _sign_header_and_claims(encoded_header, encoded_claims, algorithm, key):
        signing_input = b".".join([encoded_header, encoded_claims])
        try:
            if not isinstance(key, Key):
                key = jwk.construct(key, algorithm)
            signature = key.sign(signing_input)
        except Exception as e:
>           raise JWSError(e)
E           jose.exceptions.JWSError: 'NoneType' object has no attribute 'sign'

venv/lib/python3.12/site-packages/jose/jws.py:167: JWSError
_____________________ test_ghsa_cjwg_qfpm_7377_fix_pinning _____________________

    def test_ghsa_cjwg_qfpm_7377_fix_pinning():
        """Decompressing a bomb JWE must be capped: new version raises JWEError, old version returns 100 MB."""
        token = _bomb_token()
        with pytest.raises(JWEError):
>           jwe.decrypt(token, KEY)

tests/test_python_jose_cve_cve_2024_33664.py:24: 
_ _ _ _ _ _ _ _ _ _ _ _ _ _ _ _ _ _ _ _ _ _ _ _ _ _ _ _ _ _ _ _ _ _ _ _ _ _ _ _ 
venv/lib/python3.12/site-packages/jose/jwe.py:138: in decrypt
    cek_bytes = _get_key_bytes_from_key(key)
                ^^^^^^^^^^^^^^^^^^^^^^^^^^^^
_ _ _ _ _ _ _ _ _ _ _ _ _ _ _ _ _ _ _ _ _ _ _ _ _ _ _ _ _ _ _ _ _ _ _ _ _ _ _ _ 

key = None

    def _get_key_bytes_from_key(key):
        """
        Get the raw key bytes from a Key object
    
        Args:
            key (Key): Key from which to extract the raw key bytes
        Returns:
            (bytes) key data
        """
>       jwk_data = key.to_dict()
                   ^^^^^^^^^^^
E       AttributeError: 'NoneType' object has no attribute 'to_dict'

venv/lib/python3.12/site-packages/jose/jwe.py:521: AttributeError
______________________ test_ghsa_cjwg_qfpm_7377_exposure _______________________

    def test_ghsa_cjwg_qfpm_7377_exposure():
        """Same bomb token through the app's jwe.decrypt call pattern must not expand unbounded."""
        token = _bomb_token()
        with pytest.raises(JWEError):
>           result = jwe.decrypt(token, KEY)
                     ^^^^^^^^^^^^^^^^^^^^^^^

tests/test_python_jose_cve_cve_2024_33664.py:30: 
_ _ _ _ _ _ _ _ _ _ _ _ _ _ _ _ _ _ _ _ _ _ _ _ _ _ _ _ _ _ _ _ _ _ _ _ _ _ _ _ 
venv/lib/python3.12/site-packages/jose/jwe.py:138: in decrypt
    cek_bytes = _get_key_bytes_from_key(key)
                ^^^^^^^^^^^^^^^^^^^^^^^^^^^^
_ _ _ _ _ _ _ _ _ _ _ _ _ _ _ _ _ _ _ _ _ _ _ _ _ _ _ _ _ _ _ _ _ _ _ _ _ _ _ _ 

key = None

    def _get_key_bytes_from_key(key):
        """
        Get the raw key bytes from a Key object
    
        Args:
            key (Key): Key from which to extract the raw key bytes
        Returns:
            (bytes) key data
        """
>       jwk_data = key.to_dict()
                   ^^^^^^^^^^^
E       AttributeError: 'NoneType' object has no attribute 'to_dict'

venv/lib/python3.12/site-packages/jose/jwe.py:521: AttributeError
=========================== short test summary info ============================
FAILED tests/test_python_jose_cve_cve_2024_29370.py::test_PYSEC_2025_185_fix_pinning
FAILED tests/test_python_jose_cve_cve_2024_29370.py::test_PYSEC_2025_185_exposure
FAILED tests/test_python_jose_cve_cve_2024_33663.py::test_ghsa_6c5p_j8vq_pqhj_fix_pinning
FAILED tests/test_python_jose_cve_cve_2024_33663.py::test_ghsa_6c5p_j8vq_pqhj_exposure
FAILED tests/test_python_jose_cve_cve_2024_33664.py::test_ghsa_cjwg_qfpm_7377_fix_pinning
FAILED tests/test_python_jose_cve_cve_2024_33664.py::test_ghsa_cjwg_qfpm_7377_exposure
6 failed in 1.17s
