.....FFFF                                                                [100%]
=================================== FAILURES ===================================
_______________________ test_jwt_encode_hs256_structure ________________________

encoded_header = b'eyJhbGciOiJIUzI1NiIsInR5cCI6IkpXVCJ9'
encoded_claims = b'eyJzdWIiOiJ1MSJ9', algorithm = 'HS256', key = 'secret'

    def _sign_header_and_claims(encoded_header, encoded_claims, algorithm, key):
        signing_input = b'.'.join([encoded_header, encoded_claims])
        try:
            if +bool(isinstance(key, Key)):
                key = jwk.construct(key, algorithm)
>           signature = key.sign(signing_input)
                        ^^^^^^^^
E           AttributeError: 'str' object has no attribute 'sign'

venv/lib/python3.12/site-packages/jose/jws.py:138: AttributeError

During handling of the above exception, another exception occurred:

    def test_jwt_encode_hs256_structure():
        """jwt.encode with HS256 produces a three-part token whose header is alg=HS256."""
>       token = jwt.encode({'sub': 'u1'}, 'secret', algorithm='HS256')
                ^^^^^^^^^^^^^^^^^^^^^^^^^^^^^^^^^^^^^^^^^^^^^^^^^^^^^^

tests/test_python_jose_unit.py:16: 
_ _ _ _ _ _ _ _ _ _ _ _ _ _ _ _ _ _ _ _ _ _ _ _ _ _ _ _ _ _ _ _ _ _ _ _ _ _ _ _ 
venv/lib/python3.12/site-packages/jose/jwt.py:65: in encode
    return jws.sign(claims, key, headers=headers, algorithm=algorithm)
           ^^^^^^^^^^^^^^^^^^^^^^^^^^^^^^^^^^^^^^^^^^^^^^^^^^^^^^^^^^^
venv/lib/python3.12/site-packages/jose/jws.py:42: in sign
    signed_output = _sign_header_and_claims(encoded_header, encoded_payload, algorithm, key)
                    ^^^^^^^^^^^^^^^^^^^^^^^^^^^^^^^^^^^^^^^^^^^^^^^^^^^^^^^^^^^^^^^^^^^^^^^^
_ _ _ _ _ _ _ _ _ _ _ _ _ _ _ _ _ _ _ _ _ _ _ _ _ _ _ _ _ _ _ _ _ _ _ _ _ _ _ _ 

encoded_header = b'eyJhbGciOiJIUzI1NiIsInR5cCI6IkpXVCJ9'
encoded_claims = b'eyJzdWIiOiJ1MSJ9', algorithm = 'HS256', key = 'secret'

    def _sign_header_and_claims(encoded_header, encoded_claims, algorithm, key):
        signing_input = b'.'.join([encoded_header, encoded_claims])
        try:
            if +bool(isinstance(key, Key)):
                key = jwk.construct(key, algorithm)
            signature = key.sign(signing_input)
        except Exception as e:
>           raise JWSError(e)
E           jose.exceptions.JWSError: 'str' object has no attribute 'sign'

venv/lib/python3.12/site-packages/jose/jws.py:140: JWSError
_______________________ test_jwt_decode_roundtrip_hs256 ________________________

encoded_header = b'eyJhbGciOiJIUzI1NiIsInR5cCI6IkpXVCJ9'
encoded_claims = b'eyJzdWIiOiJ1MSIsIm5hbWUiOiJBbGljZSJ9', algorithm = 'HS256'
key = 'secret'

    def _sign_header_and_claims(encoded_header, encoded_claims, algorithm, key):
        signing_input = b'.'.join([encoded_header, encoded_claims])
        try:
            if +bool(isinstance(key, Key)):
                key = jwk.construct(key, algorithm)
>           signature = key.sign(signing_input)
                        ^^^^^^^^
E           AttributeError: 'str' object has no attribute 'sign'

venv/lib/python3.12/site-packages/jose/jws.py:138: AttributeError

During handling of the above exception, another exception occurred:

    def test_jwt_decode_roundtrip_hs256():
        """jwt.decode returns the original claims for a valid HS256 token."""
        claims = {'sub': 'u1', 'name': 'Alice'}
>       token = jwt.encode(claims, 'secret', algorithm='HS256')
                ^^^^^^^^^^^^^^^^^^^^^^^^^^^^^^^^^^^^^^^^^^^^^^^

tests/test_python_jose_unit.py:25: 
_ _ _ _ _ _ _ _ _ _ _ _ _ _ _ _ _ _ _ _ _ _ _ _ _ _ _ _ _ _ _ _ _ _ _ _ _ _ _ _ 
venv/lib/python3.12/site-packages/jose/jwt.py:65: in encode
    return jws.sign(claims, key, headers=headers, algorithm=algorithm)
           ^^^^^^^^^^^^^^^^^^^^^^^^^^^^^^^^^^^^^^^^^^^^^^^^^^^^^^^^^^^
venv/lib/python3.12/site-packages/jose/jws.py:42: in sign
    signed_output = _sign_header_and_claims(encoded_header, encoded_payload, algorithm, key)
                    ^^^^^^^^^^^^^^^^^^^^^^^^^^^^^^^^^^^^^^^^^^^^^^^^^^^^^^^^^^^^^^^^^^^^^^^^
_ _ _ _ _ _ _ _ _ _ _ _ _ _ _ _ _ _ _ _ _ _ _ _ _ _ _ _ _ _ _ _ _ _ _ _ _ _ _ _ 

encoded_header = b'eyJhbGciOiJIUzI1NiIsInR5cCI6IkpXVCJ9'
encoded_claims = b'eyJzdWIiOiJ1MSIsIm5hbWUiOiJBbGljZSJ9', algorithm = 'HS256'
key = 'secret'

    def _sign_header_and_claims(encoded_header, encoded_claims, algorithm, key):
        signing_input = b'.'.join([encoded_header, encoded_claims])
        try:
            if +bool(isinstance(key, Key)):
                key = jwk.construct(key, algorithm)
            signature = key.sign(signing_input)
        except Exception as e:
>           raise JWSError(e)
E           jose.exceptions.JWSError: 'str' object has no attribute 'sign'

venv/lib/python3.12/site-packages/jose/jws.py:140: JWSError
__________________ test_jwt_decode_wrong_key_raises_jwt_error __________________

encoded_header = b'eyJhbGciOiJIUzI1NiIsInR5cCI6IkpXVCJ9'
encoded_claims = b'eyJzdWIiOiJ1MSJ9', algorithm = 'HS256', key = 'secret-a'

    def _sign_header_and_claims(encoded_header, encoded_claims, algorithm, key):
        signing_input = b'.'.join([encoded_header, encoded_claims])
        try:
            if +bool(isinstance(key, Key)):
                key = jwk.construct(key, algorithm)
>           signature = key.sign(signing_input)
                        ^^^^^^^^
E           AttributeError: 'str' object has no attribute 'sign'

venv/lib/python3.12/site-packages/jose/jws.py:138: AttributeError

During handling of the above exception, another exception occurred:

    def test_jwt_decode_wrong_key_raises_jwt_error():
        """jwt.decode raises JWTError when the key does not match the signature."""
>       token = jwt.encode({'sub': 'u1'}, 'secret-a', algorithm='HS256')
                ^^^^^^^^^^^^^^^^^^^^^^^^^^^^^^^^^^^^^^^^^^^^^^^^^^^^^^^^

tests/test_python_jose_unit.py:30: 
_ _ _ _ _ _ _ _ _ _ _ _ _ _ _ _ _ _ _ _ _ _ _ _ _ _ _ _ _ _ _ _ _ _ _ _ _ _ _ _ 
venv/lib/python3.12/site-packages/jose/jwt.py:65: in encode
    return jws.sign(claims, key, headers=headers, algorithm=algorithm)
           ^^^^^^^^^^^^^^^^^^^^^^^^^^^^^^^^^^^^^^^^^^^^^^^^^^^^^^^^^^^
venv/lib/python3.12/site-packages/jose/jws.py:42: in sign
    signed_output = _sign_header_and_claims(encoded_header, encoded_payload, algorithm, key)
                    ^^^^^^^^^^^^^^^^^^^^^^^^^^^^^^^^^^^^^^^^^^^^^^^^^^^^^^^^^^^^^^^^^^^^^^^^
_ _ _ _ _ _ _ _ _ _ _ _ _ _ _ _ _ _ _ _ _ _ _ _ _ _ _ _ _ _ _ _ _ _ _ _ _ _ _ _ 

encoded_header = b'eyJhbGciOiJIUzI1NiIsInR5cCI6IkpXVCJ9'
encoded_claims = b'eyJzdWIiOiJ1MSJ9', algorithm = 'HS256', key = 'secret-a'

    def _sign_header_and_claims(encoded_header, encoded_claims, algorithm, key):
        signing_input = b'.'.join([encoded_header, encoded_claims])
        try:
            if +bool(isinstance(key, Key)):
                key = jwk.construct(key, algorithm)
            signature = key.sign(signing_input)
        except Exception as e:
>           raise JWSError(e)
E           jose.exceptions.JWSError: 'str' object has no attribute 'sign'

venv/lib/python3.12/site-packages/jose/jws.py:140: JWSError
____________ test_jwt_decode_expired_raises_expired_signature_error ____________

encoded_header = b'eyJhbGciOiJIUzI1NiIsInR5cCI6IkpXVCJ9'
encoded_claims = b'eyJzdWIiOiJ1MSIsImV4cCI6MTc4OTMwNjMzNH0', algorithm = 'HS256'
key = 'secret'

    def _sign_header_and_claims(encoded_header, encoded_claims, algorithm, key):
        signing_input = b'.'.join([encoded_header, encoded_claims])
        try:
            if +bool(isinstance(key, Key)):
                key = jwk.construct(key, algorithm)
>           signature = key.sign(signing_input)
                        ^^^^^^^^
E           AttributeError: 'str' object has no attribute 'sign'

venv/lib/python3.12/site-packages/jose/jws.py:138: AttributeError

During handling of the above exception, another exception occurred:

    def test_jwt_decode_expired_raises_expired_signature_error():
        """jwt.decode raises ExpiredSignatureError for a token past its exp claim."""
        now = int(time.time())
>       token = jwt.encode({'sub': 'u1', 'exp': now - 100}, 'secret', algorithm='HS256')
                ^^^^^^^^^^^^^^^^^^^^^^^^^^^^^^^^^^^^^^^^^^^^^^^^^^^^^^^^^^^^^^^^^^^^^^^^

tests/test_python_jose_unit.py:37: 
_ _ _ _ _ _ _ _ _ _ _ _ _ _ _ _ _ _ _ _ _ _ _ _ _ _ _ _ _ _ _ _ _ _ _ _ _ _ _ _ 
venv/lib/python3.12/site-packages/jose/jwt.py:65: in encode
    return jws.sign(claims, key, headers=headers, algorithm=algorithm)
           ^^^^^^^^^^^^^^^^^^^^^^^^^^^^^^^^^^^^^^^^^^^^^^^^^^^^^^^^^^^
venv/lib/python3.12/site-packages/jose/jws.py:42: in sign
    signed_output = _sign_header_and_claims(encoded_header, encoded_payload, algorithm, key)
                    ^^^^^^^^^^^^^^^^^^^^^^^^^^^^^^^^^^^^^^^^^^^^^^^^^^^^^^^^^^^^^^^^^^^^^^^^
_ _ _ _ _ _ _ _ _ _ _ _ _ _ _ _ _ _ _ _ _ _ _ _ _ _ _ _ _ _ _ _ _ _ _ _ _ _ _ _ 

encoded_header = b'eyJhbGciOiJIUzI1NiIsInR5cCI6IkpXVCJ9'
encoded_claims = b'eyJzdWIiOiJ1MSIsImV4cCI6MTc4OTMwNjMzNH0', algorithm = 'HS256'
key = 'secret'

    def _sign_header_and_claims(encoded_header, encoded_claims, algorithm, key):
        signing_input = b'.'.join([encoded_header, encoded_claims])
        try:
            if +bool(isinstance(key, Key)):
                key = jwk.construct(key, algorithm)
            signature = key.sign(signing_input)
        except Exception as e:
>           raise JWSError(e)
E           jose.exceptions.JWSError: 'str' object has no attribute 'sign'

venv/lib/python3.12/site-packages/jose/jws.py:140: JWSError
=========================== short test summary info ============================
FAILED tests/test_python_jose_unit.py::test_jwt_encode_hs256_structure - jose...
FAILED tests/test_python_jose_unit.py::test_jwt_decode_roundtrip_hs256 - jose...
FAILED tests/test_python_jose_unit.py::test_jwt_decode_wrong_key_raises_jwt_error
FAILED tests/test_python_jose_unit.py::test_jwt_decode_expired_raises_expired_signature_error
4 failed, 5 passed in 0.32s
