..FF........                                                             [100%]
=================================== FAILURES ===================================
_____________________ test_ghsa_hm4w_wwcw_mr6r_fix_pinning _____________________

    def test_ghsa_hm4w_wwcw_mr6r_fix_pinning():
        """Decoding a tiny BER REAL with a huge exponent must not hang (fixed 0.6.4)."""
>       r, _ = decoder.decode(_real_bytes())
               ^^^^^^^^^^^^^^^^^^^^^^^^^^^^^

tests/test_pyasn1_cve_cve_2026_59886.py:13: 
_ _ _ _ _ _ _ _ _ _ _ _ _ _ _ _ _ _ _ _ _ _ _ _ _ _ _ _ _ _ _ _ _ _ _ _ _ _ _ _ 
venv/lib/python3.12/site-packages/pyasn1/codec/ber/decoder.py:1581: in __call__
    value, substrate = concreteDecoder.valueDecoder(
venv/lib/python3.12/site-packages/pyasn1/codec/ber/decoder.py:478: in valueDecoder
    return self._createComponent(asn1Spec, tagSet, value, **options), tail
           ^^^^^^^^^^^^^^^^^^^^^^^^^^^^^^^^^^^^^^^^^^^^^^^^^^^^^^^^^
venv/lib/python3.12/site-packages/pyasn1/codec/ber/decoder.py:51: in _createComponent
    return self.protoComponent.clone(value, tagSet=tagSet)
           ^^^^^^^^^^^^^^^^^^^^^^^^^^^^^^^^^^^^^^^^^^^^^^^
venv/lib/python3.12/site-packages/pyasn1/type/base.py:376: in clone
    return self.__class__(value, **initializers)
           ^^^^^^^^^^^^^^^^^^^^^^^^^^^^^^^^^^^^^
venv/lib/python3.12/site-packages/pyasn1/type/base.py:267: in __init__
    value = self.prettyIn(value)
            ^^^^^^^^^^^^^^^^^^^^
_ _ _ _ _ _ _ _ _ _ _ _ _ _ _ _ _ _ _ _ _ _ _ _ _ _ _ _ _ _ _ _ _ _ _ _ _ _ _ _ 

self = <[AttributeError("'Real' object has no attribute '_value'") raised in repr()] Real object at 0x7ff088ca7c20>
value = (17564428, 2, 769)

    def prettyIn(self, value):
        if isinstance(value, tuple) and len(value) == 3:
            if not isinstance(value[0], numericTypes) or not isinstance(value[1], intTypes) or (not isinstance(value[2], intTypes)):
                raise error.PyAsn1Error('Lame Real value syntax: %s' % (value,))
            if isinstance(value[0], float) and self._inf and (value[0] in self._inf):
                return value[0]
            if value[1] not in (3, 10):
>               raise error.PyAsn1Error('Prohibited base for Real value: %s' % (value[1],))
E               pyasn1.error.PyAsn1Error: Prohibited base for Real value: 2

venv/lib/python3.12/site-packages/pyasn1/type/univ.py:1094: PyAsn1Error
______________________ test_ghsa_hm4w_wwcw_mr6r_exposure _______________________

    def test_ghsa_hm4w_wwcw_mr6r_exposure():
        """Application-style decode() call on a hostile REAL payload completes (fixed 0.6.4)."""
>       r, rest = decoder.decode(_real_bytes())
                  ^^^^^^^^^^^^^^^^^^^^^^^^^^^^^

tests/test_pyasn1_cve_cve_2026_59886.py:18: 
_ _ _ _ _ _ _ _ _ _ _ _ _ _ _ _ _ _ _ _ _ _ _ _ _ _ _ _ _ _ _ _ _ _ _ _ _ _ _ _ 
venv/lib/python3.12/site-packages/pyasn1/codec/ber/decoder.py:1581: in __call__
    value, substrate = concreteDecoder.valueDecoder(
venv/lib/python3.12/site-packages/pyasn1/codec/ber/decoder.py:478: in valueDecoder
    return self._createComponent(asn1Spec, tagSet, value, **options), tail
           ^^^^^^^^^^^^^^^^^^^^^^^^^^^^^^^^^^^^^^^^^^^^^^^^^^^^^^^^^
venv/lib/python3.12/site-packages/pyasn1/codec/ber/decoder.py:51: in _createComponent
    return self.protoComponent.clone(value, tagSet=tagSet)
           ^^^^^^^^^^^^^^^^^^^^^^^^^^^^^^^^^^^^^^^^^^^^^^^
venv/lib/python3.12/site-packages/pyasn1/type/base.py:376: in clone
    return self.__class__(value, **initializers)
           ^^^^^^^^^^^^^^^^^^^^^^^^^^^^^^^^^^^^^
venv/lib/python3.12/site-packages/pyasn1/type/base.py:267: in __init__
    value = self.prettyIn(value)
            ^^^^^^^^^^^^^^^^^^^^
_ _ _ _ _ _ _ _ _ _ _ _ _ _ _ _ _ _ _ _ _ _ _ _ _ _ _ _ _ _ _ _ _ _ _ _ _ _ _ _ 

self = <[AttributeError("'Real' object has no attribute '_value'") raised in repr()] Real object at 0x7ff088ca5040>
value = (17564428, 2, 769)

    def prettyIn(self, value):
        if isinstance(value, tuple) and len(value) == 3:
            if not isinstance(value[0], numericTypes) or not isinstance(value[1], intTypes) or (not isinstance(value[2], intTypes)):
                raise error.PyAsn1Error('Lame Real value syntax: %s' % (value,))
            if isinstance(value[0], float) and self._inf and (value[0] in self._inf):
                return value[0]
            if value[1] not in (3, 10):
>               raise error.PyAsn1Error('Prohibited base for Real value: %s' % (value[1],))
E               pyasn1.error.PyAsn1Error: Prohibited base for Real value: 2

venv/lib/python3.12/site-packages/pyasn1/type/univ.py:1094: PyAsn1Error
=========================== short test summary info ============================
FAILED tests/test_pyasn1_cve_cve_2026_59886.py::test_ghsa_hm4w_wwcw_mr6r_fix_pinning
FAILED tests/test_pyasn1_cve_cve_2026_59886.py::test_ghsa_hm4w_wwcw_mr6r_exposure
2 failed, 10 passed in 0.45s
