FF..FF........                                                           [100%]
=================================== FAILURES ===================================
_______________________ test_PYSEC_2025_185_fix_pinning ________________________

    def test_PYSEC_2025_185_fix_pinning():
        """A JWE whose compressed payload expands beyond the size limit must be rejected with JWEError."""
        token = _make_token(zlib.compress(b'A' * (300 * 1024)))
        with pytest.raises(JWEError):
>           jwe.decrypt(token, KEY)

tests/test_python_jose_cve_cve_2024_29370.py:24: 
_ _ _ _ _ _ _ _ _ _ _ _ _ _ _ _ _ _ _ _ _ _ _ _ _ _ _ _ _ _ _ _ _ _ _ _ _ _ _ _ 

jwe_str = 'eyJhbGciOiJkaXIiLCJlbmMiOiJBMTI4R0NNIiwiemlwIjoiREVGIn0..AAAAAAAAAAAAAAAA.eJztwQENAAAAwqBs71_KHG5AAQAAAAAAAAAAAAAAAAA...AAAAAAAAAAAAAAAAAAAAAAAAAAAAAAAAAAAAAAAAAAAAAAAAAAAAAAAAAAAAAAAAAAAAAAAAAAAAAAAAAAAAAwJ8BMHnB0Q.AAAAAAAAAAAAAAAAAAAAAA'
key = <jose.backends.base.DIRKey object at 0x7fc0b8633ef0>

    def decrypt(jwe_str, key):
        """Decrypts a JWE compact serialized string and returns the plaintext.
    
        Args:
            jwe_str (str): A JWE to be decrypt.
            key (str or dict): A key to attempt to decrypt the payload with. Can be
                individual JWK or JWK set.
    
        Returns:
            bytes: The plaintext bytes, assuming the authentication tag is valid.
    
        Raises:
            JWEError: If there is an exception verifying the token.
    
        Examples:
            >>> from jose import jwe
            >>> jwe.decrypt(jwe_string, 'asecret128bitkey')
            'Hello, World!'
        """
        if len(jwe_str) > JWE_SIZE_LIMIT:
            raise JWEError(f'JWE string {len(jwe_str)} bytes exceeds {JWE_SIZE_LIMIT} bytes')
        header, encoded_header, encrypted_key, iv, cipher_text, auth_tag = _jwe_compact_deserialize(jwe_str)
        try:
            alg = header['alg']
            enc = header['enc']
            if alg not in ALGORITHMS.SUPPORTED:
                raise JWEError('Algorithm %s not supported.' % alg)
            if enc not in ALGORITHMS.SUPPORTED:
                raise JWEError('Algorithm %s not supported.' % enc)
        except KeyError:
            raise JWEParseError('alg and enc headers are required!')
        key = jwk.construct(key, alg)
        if alg == ALGORITHMS.DIR:
            cek_valid = encrypted_key == b''
            cek_bytes = _get_key_bytes_from_key(key)
        else:
            try:
                cek_bytes = key.unwrap_key(encrypted_key)
                cek_valid = True
            except NotImplementedError:
                raise JWEError(f'alg {alg} is not implemented')
            except Exception:
                cek_valid = False
                cek_bytes = _get_random_cek_bytes_for_enc(enc)
        protected_header = encoded_header
        aad = protected_header
        try:
            plain_text = _decrypt_and_auth(cek_bytes, enc, cipher_text, iv, aad, auth_tag)
        except NotImplementedError:
            raise JWEError(f'enc {enc} is not implemented')
        except Exception as e:
            pass
>       if plain_text is not None:
           ^^^^^^^^^^
E       UnboundLocalError: cannot access local variable 'plain_text' where it is not associated with a value

venv/lib/python3.12/site-packages/jose/jwe.py:107: UnboundLocalError
_________________________ test_PYSEC_2025_185_exposure _________________________

    def test_PYSEC_2025_185_exposure():
        """Same oversized compressed JWE through the app's jwe.decrypt call pattern must raise JWEError."""
        token = _make_token(zlib.compress(b'B' * (300 * 1024)))
        with pytest.raises(JWEError):
>           jwe.decrypt(token, KEY)

tests/test_python_jose_cve_cve_2024_29370.py:30: 
_ _ _ _ _ _ _ _ _ _ _ _ _ _ _ _ _ _ _ _ _ _ _ _ _ _ _ _ _ _ _ _ _ _ _ _ _ _ _ _ 

jwe_str = 'eyJhbGciOiJkaXIiLCJlbmMiOiJBMTI4R0NNIiwiemlwIjoiREVGIn0..AAAAAAAAAAAAAAAA.eJztwQENAAAAwqBu7x_KHG5AAQAAAAAAAAAAAAAAAAA...AAAAAAAAAAAAAAAAAAAAAAAAAAAAAAAAAAAAAAAAAAAAAAAAAAAAAAAAAAAAAAAAAAAAAAAAAAAAAAAAAAAAAwJ8BXcJyHA.AAAAAAAAAAAAAAAAAAAAAA'
key = <jose.backends.base.DIRKey object at 0x7fc0b79440e0>

    def decrypt(jwe_str, key):
        """Decrypts a JWE compact serialized string and returns the plaintext.
    
        Args:
            jwe_str (str): A JWE to be decrypt.
            key (str or dict): A key to attempt to decrypt the payload with. Can be
                individual JWK or JWK set.
    
        Returns:
            bytes: The plaintext bytes, assuming the authentication tag is valid.
    
        Raises:
            JWEError: If there is an exception verifying the token.
    
        Examples:
            >>> from jose import jwe
            >>> jwe.decrypt(jwe_string, 'asecret128bitkey')
            'Hello, World!'
        """
        if len(jwe_str) > JWE_SIZE_LIMIT:
            raise JWEError(f'JWE string {len(jwe_str)} bytes exceeds {JWE_SIZE_LIMIT} bytes')
        header, encoded_header, encrypted_key, iv, cipher_text, auth_tag = _jwe_compact_deserialize(jwe_str)
        try:
            alg = header['alg']
            enc = header['enc']
            if alg not in ALGORITHMS.SUPPORTED:
                raise JWEError('Algorithm %s not supported.' % alg)
            if enc not in ALGORITHMS.SUPPORTED:
                raise JWEError('Algorithm %s not supported.' % enc)
        except KeyError:
            raise JWEParseError('alg and enc headers are required!')
        key = jwk.construct(key, alg)
        if alg == ALGORITHMS.DIR:
            cek_valid = encrypted_key == b''
            cek_bytes = _get_key_bytes_from_key(key)
        else:
            try:
                cek_bytes = key.unwrap_key(encrypted_key)
                cek_valid = True
            except NotImplementedError:
                raise JWEError(f'alg {alg} is not implemented')
            except Exception:
                cek_valid = False
                cek_bytes = _get_random_cek_bytes_for_enc(enc)
        protected_header = encoded_header
        aad = protected_header
        try:
            plain_text = _decrypt_and_auth(cek_bytes, enc, cipher_text, iv, aad, auth_tag)
        except NotImplementedError:
            raise JWEError(f'enc {enc} is not implemented')
        except Exception as e:
            pass
>       if plain_text is not None:
           ^^^^^^^^^^
E       UnboundLocalError: cannot access local variable 'plain_text' where it is not associated with a value

venv/lib/python3.12/site-packages/jose/jwe.py:107: UnboundLocalError
_____________________ test_ghsa_cjwg_qfpm_7377_fix_pinning _____________________

    def test_ghsa_cjwg_qfpm_7377_fix_pinning():
        """jwe.decrypt must reject a compressed JWE whose plaintext exceeds the size limit (CVE-2024-33664)."""
        token = _bomb_token()
        with pytest.raises(JWEError):
>           jwe.decrypt(token, 'asecret128bitkey')

tests/test_python_jose_cve_cve_2024_33664.py:24: 
_ _ _ _ _ _ _ _ _ _ _ _ _ _ _ _ _ _ _ _ _ _ _ _ _ _ _ _ _ _ _ _ _ _ _ _ _ _ _ _ 

jwe_str = 'eyJhbGciOiAiZGlyIiwgImVuYyI6ICJBMjU2R0NNIiwgInppcCI6ICJERUYifQ..AAAAAAAAAAAAAAAA.eJztwQENAAAAwqBs71_KHG5AAQAAAAAAAAAA...AAAAAAAAAAAAAAAAAAAAAAAAAAAAAAAAAAAAAAAAAAAAAAAAAAAAAAAAAAAAAAAAAAAAAAAAAAAAAAAAAAAAAwJ8BMHnB0Q.AAAAAAAAAAAAAAAAAAAAAA'
key = <jose.backends.base.DIRKey object at 0x7fc0b7944d40>

    def decrypt(jwe_str, key):
        """Decrypts a JWE compact serialized string and returns the plaintext.
    
        Args:
            jwe_str (str): A JWE to be decrypt.
            key (str or dict): A key to attempt to decrypt the payload with. Can be
                individual JWK or JWK set.
    
        Returns:
            bytes: The plaintext bytes, assuming the authentication tag is valid.
    
        Raises:
            JWEError: If there is an exception verifying the token.
    
        Examples:
            >>> from jose import jwe
            >>> jwe.decrypt(jwe_string, 'asecret128bitkey')
            'Hello, World!'
        """
        if len(jwe_str) > JWE_SIZE_LIMIT:
            raise JWEError(f'JWE string {len(jwe_str)} bytes exceeds {JWE_SIZE_LIMIT} bytes')
        header, encoded_header, encrypted_key, iv, cipher_text, auth_tag = _jwe_compact_deserialize(jwe_str)
        try:
            alg = header['alg']
            enc = header['enc']
            if alg not in ALGORITHMS.SUPPORTED:
                raise JWEError('Algorithm %s not supported.' % alg)
            if enc not in ALGORITHMS.SUPPORTED:
                raise JWEError('Algorithm %s not supported.' % enc)
        except KeyError:
            raise JWEParseError('alg and enc headers are required!')
        key = jwk.construct(key, alg)
        if alg == ALGORITHMS.DIR:
            cek_valid = encrypted_key == b''
            cek_bytes = _get_key_bytes_from_key(key)
        else:
            try:
                cek_bytes = key.unwrap_key(encrypted_key)
                cek_valid = True
            except NotImplementedError:
                raise JWEError(f'alg {alg} is not implemented')
            except Exception:
                cek_valid = False
                cek_bytes = _get_random_cek_bytes_for_enc(enc)
        protected_header = encoded_header
        aad = protected_header
        try:
            plain_text = _decrypt_and_auth(cek_bytes, enc, cipher_text, iv, aad, auth_tag)
        except NotImplementedError:
            raise JWEError(f'enc {enc} is not implemented')
        except Exception as e:
            pass
>       if plain_text is not None:
           ^^^^^^^^^^
E       UnboundLocalError: cannot access local variable 'plain_text' where it is not associated with a value

venv/lib/python3.12/site-packages/jose/jwe.py:107: UnboundLocalError
______________________ test_ghsa_cjwg_qfpm_7377_exposure _______________________

    def test_ghsa_cjwg_qfpm_7377_exposure():
        """Same JWT-bomb trigger via the app's decrypt call pattern must raise JWEError, not hang or OOM."""
        token = _bomb_token()
        with pytest.raises(JWEError):
>           jwe.decrypt(token, 'asecret128bitkey')

tests/test_python_jose_cve_cve_2024_33664.py:30: 
_ _ _ _ _ _ _ _ _ _ _ _ _ _ _ _ _ _ _ _ _ _ _ _ _ _ _ _ _ _ _ _ _ _ _ _ _ _ _ _ 

jwe_str = 'eyJhbGciOiAiZGlyIiwgImVuYyI6ICJBMjU2R0NNIiwgInppcCI6ICJERUYifQ..AAAAAAAAAAAAAAAA.eJztwQENAAAAwqBs71_KHG5AAQAAAAAAAAAA...AAAAAAAAAAAAAAAAAAAAAAAAAAAAAAAAAAAAAAAAAAAAAAAAAAAAAAAAAAAAAAAAAAAAAAAAAAAAAAAAAAAAAwJ8BMHnB0Q.AAAAAAAAAAAAAAAAAAAAAA'
key = <jose.backends.base.DIRKey object at 0x7fc0b7946750>

    def decrypt(jwe_str, key):
        """Decrypts a JWE compact serialized string and returns the plaintext.
    
        Args:
            jwe_str (str): A JWE to be decrypt.
            key (str or dict): A key to attempt to decrypt the payload with. Can be
                individual JWK or JWK set.
    
        Returns:
            bytes: The plaintext bytes, assuming the authentication tag is valid.
    
        Raises:
            JWEError: If there is an exception verifying the token.
    
        Examples:
            >>> from jose import jwe
            >>> jwe.decrypt(jwe_string, 'asecret128bitkey')
            'Hello, World!'
        """
        if len(jwe_str) > JWE_SIZE_LIMIT:
            raise JWEError(f'JWE string {len(jwe_str)} bytes exceeds {JWE_SIZE_LIMIT} bytes')
        header, encoded_header, encrypted_key, iv, cipher_text, auth_tag = _jwe_compact_deserialize(jwe_str)
        try:
            alg = header['alg']
            enc = header['enc']
            if alg not in ALGORITHMS.SUPPORTED:
                raise JWEError('Algorithm %s not supported.' % alg)
            if enc not in ALGORITHMS.SUPPORTED:
                raise JWEError('Algorithm %s not supported.' % enc)
        except KeyError:
            raise JWEParseError('alg and enc headers are required!')
        key = jwk.construct(key, alg)
        if alg == ALGORITHMS.DIR:
            cek_valid = encrypted_key == b''
            cek_bytes = _get_key_bytes_from_key(key)
        else:
            try:
                cek_bytes = key.unwrap_key(encrypted_key)
                cek_valid = True
            except NotImplementedError:
                raise JWEError(f'alg {alg} is not implemented')
            except Exception:
                cek_valid = False
                cek_bytes = _get_random_cek_bytes_for_enc(enc)
        protected_header = encoded_header
        aad = protected_header
        try:
            plain_text = _decrypt_and_auth(cek_bytes, enc, cipher_text, iv, aad, auth_tag)
        except NotImplementedError:
            raise JWEError(f'enc {enc} is not implemented')
        except Exception as e:
            pass
>       if plain_text is not None:
           ^^^^^^^^^^
E       UnboundLocalError: cannot access local variable 'plain_text' where it is not associated with a value

venv/lib/python3.12/site-packages/jose/jwe.py:107: UnboundLocalError
=========================== short test summary info ============================
FAILED tests/test_python_jose_cve_cve_2024_29370.py::test_PYSEC_2025_185_fix_pinning
FAILED tests/test_python_jose_cve_cve_2024_29370.py::test_PYSEC_2025_185_exposure
FAILED tests/test_python_jose_cve_cve_2024_33664.py::test_ghsa_cjwg_qfpm_7377_fix_pinning
FAILED tests/test_python_jose_cve_cve_2024_33664.py::test_ghsa_cjwg_qfpm_7377_exposure
4 failed, 10 passed in 0.32s
