FF..FF                                                                   [100%]
=================================== FAILURES ===================================
_______________________ test_PYSEC_2025_185_fix_pinning ________________________

    def test_PYSEC_2025_185_fix_pinning():
        """A JWE whose compressed payload decompresses beyond the size limit must be rejected with JWEError."""
        cek = b'0' * 32
        iv = b'1' * 16
        token = _make_gzip_jwe(b'A' * (300 * 1024), cek, iv)
        with pytest.raises(JWEError):
>           jwe.decrypt(token, cek)

tests/test_python_jose_cve_cve_2024_29370.py:33: 
_ _ _ _ _ _ _ _ _ _ _ _ _ _ _ _ _ _ _ _ _ _ _ _ _ _ _ _ _ _ _ _ _ _ _ _ _ _ _ _ 
venv/lib/python3.12/site-packages/jose/jwe.py:138: in decrypt
    cek_bytes = _get_key_bytes_from_key(key)
                ^^^^^^^^^^^^^^^^^^^^^^^^^^^^
_ _ _ _ _ _ _ _ _ _ _ _ _ _ _ _ _ _ _ _ _ _ _ _ _ _ _ _ _ _ _ _ _ _ _ _ _ _ _ _ 

key = <jose.backends.base.DIRKey object at 0x7f6cb94f8080>

    def _get_key_bytes_from_key(key):
        """
        Get the raw key bytes from a Key object
    
        Args:
            key (Key): Key from which to extract the raw key bytes
        Returns:
            (bytes) key data
        """
        jwk_data = key.to_dict()
>       encoded_key = jwk_data["k"]
                      ^^^^^^^^^^^^^
E       TypeError: 'NoneType' object is not subscriptable

venv/lib/python3.12/site-packages/jose/jwe.py:522: TypeError
_________________________ test_PYSEC_2025_185_exposure _________________________

    def test_PYSEC_2025_185_exposure():
        """Same oversized-compression trigger via the app's jwe.decrypt call pattern must raise JWEError."""
        cek = b'0' * 32
        iv = b'1' * 16
        token = _make_gzip_jwe(b'B' * (300 * 1024), cek, iv)
        with pytest.raises(JWEError):
>           jwe.decrypt(token, cek)

tests/test_python_jose_cve_cve_2024_29370.py:41: 
_ _ _ _ _ _ _ _ _ _ _ _ _ _ _ _ _ _ _ _ _ _ _ _ _ _ _ _ _ _ _ _ _ _ _ _ _ _ _ _ 
venv/lib/python3.12/site-packages/jose/jwe.py:138: in decrypt
    cek_bytes = _get_key_bytes_from_key(key)
                ^^^^^^^^^^^^^^^^^^^^^^^^^^^^
_ _ _ _ _ _ _ _ _ _ _ _ _ _ _ _ _ _ _ _ _ _ _ _ _ _ _ _ _ _ _ _ _ _ _ _ _ _ _ _ 

key = <jose.backends.base.DIRKey object at 0x7f6cb94fa0f0>

    def _get_key_bytes_from_key(key):
        """
        Get the raw key bytes from a Key object
    
        Args:
            key (Key): Key from which to extract the raw key bytes
        Returns:
            (bytes) key data
        """
        jwk_data = key.to_dict()
>       encoded_key = jwk_data["k"]
                      ^^^^^^^^^^^^^
E       TypeError: 'NoneType' object is not subscriptable

venv/lib/python3.12/site-packages/jose/jwe.py:522: TypeError
_____________________ test_ghsa_cjwg_qfpm_7377_fix_pinning _____________________

    def test_ghsa_cjwg_qfpm_7377_fix_pinning():
        """Decompressing a bomb JWE must be capped: new version raises JWEError, old version returns 100 MB."""
        token = _bomb_token()
        with pytest.raises(JWEError):
>           jwe.decrypt(token, KEY)

tests/test_python_jose_cve_cve_2024_33664.py:24: 
_ _ _ _ _ _ _ _ _ _ _ _ _ _ _ _ _ _ _ _ _ _ _ _ _ _ _ _ _ _ _ _ _ _ _ _ _ _ _ _ 
venv/lib/python3.12/site-packages/jose/jwe.py:138: in decrypt
    cek_bytes = _get_key_bytes_from_key(key)
                ^^^^^^^^^^^^^^^^^^^^^^^^^^^^
_ _ _ _ _ _ _ _ _ _ _ _ _ _ _ _ _ _ _ _ _ _ _ _ _ _ _ _ _ _ _ _ _ _ _ _ _ _ _ _ 

key = <jose.backends.base.DIRKey object at 0x7f6cb94f9be0>

    def _get_key_bytes_from_key(key):
        """
        Get the raw key bytes from a Key object
    
        Args:
            key (Key): Key from which to extract the raw key bytes
        Returns:
            (bytes) key data
        """
        jwk_data = key.to_dict()
>       encoded_key = jwk_data["k"]
                      ^^^^^^^^^^^^^
E       TypeError: 'NoneType' object is not subscriptable

venv/lib/python3.12/site-packages/jose/jwe.py:522: TypeError
______________________ test_ghsa_cjwg_qfpm_7377_exposure _______________________

    def test_ghsa_cjwg_qfpm_7377_exposure():
        """Same bomb token through the app's jwe.decrypt call pattern must not expand unbounded."""
        token = _bomb_token()
        with pytest.raises(JWEError):
>           result = jwe.decrypt(token, KEY)
                     ^^^^^^^^^^^^^^^^^^^^^^^

tests/test_python_jose_cve_cve_2024_33664.py:30: 
_ _ _ _ _ _ _ _ _ _ _ _ _ _ _ _ _ _ _ _ _ _ _ _ _ _ _ _ _ _ _ _ _ _ _ _ _ _ _ _ 
venv/lib/python3.12/site-packages/jose/jwe.py:138: in decrypt
    cek_bytes = _get_key_bytes_from_key(key)
                ^^^^^^^^^^^^^^^^^^^^^^^^^^^^
_ _ _ _ _ _ _ _ _ _ _ _ _ _ _ _ _ _ _ _ _ _ _ _ _ _ _ _ _ _ _ _ _ _ _ _ _ _ _ _ 

key = <jose.backends.base.DIRKey object at 0x7f6cb94fa6f0>

    def _get_key_bytes_from_key(key):
        """
        Get the raw key bytes from a Key object
    
        Args:
            key (Key): Key from which to extract the raw key bytes
        Returns:
            (bytes) key data
        """
        jwk_data = key.to_dict()
>       encoded_key = jwk_data["k"]
                      ^^^^^^^^^^^^^
E       TypeError: 'NoneType' object is not subscriptable

venv/lib/python3.12/site-packages/jose/jwe.py:522: TypeError
=========================== short test summary info ============================
FAILED tests/test_python_jose_cve_cve_2024_29370.py::test_PYSEC_2025_185_fix_pinning
FAILED tests/test_python_jose_cve_cve_2024_29370.py::test_PYSEC_2025_185_exposure
FAILED tests/test_python_jose_cve_cve_2024_33664.py::test_ghsa_cjwg_qfpm_7377_fix_pinning
FAILED tests/test_python_jose_cve_cve_2024_33664.py::test_ghsa_cjwg_qfpm_7377_exposure
4 failed, 2 passed in 1.13s
