=== RUN   Test_GHSA_r277_6w6q_xmqw_fix_pinning
    kin_openapi_cve_cve_2026_73501_test.go:28: Expected Load to succeed, but got error: invalid info: 
--- FAIL: Test_GHSA_r277_6w6q_xmqw_fix_pinning (0.00s)
=== RUN   Test_GHSA_r277_6w6q_xmqw_exposure
    kin_openapi_cve_cve_2026_73501_test.go:61: Load failed: invalid info: 
--- FAIL: Test_GHSA_r277_6w6q_xmqw_exposure (0.00s)
=== RUN   TestComponentsValidatePassesOnEmpty
    kin_openapi_unit_test.go:17: expected no validation error for empty components, got 
--- FAIL: TestComponentsValidatePassesOnEmpty (0.00s)
=== RUN   TestContactUnmarshalJSONSetsName
--- PASS: TestContactUnmarshalJSONSetsName (0.00s)
=== RUN   TestContactMarshalJSONProducesName
--- PASS: TestContactMarshalJSONProducesName (0.00s)
=== RUN   TestCallbackUnmarshalJSONCopiesData
--- PASS: TestCallbackUnmarshalJSONCopiesData (0.00s)
=== RUN   TestNewExampleSetsValue
--- PASS: TestNewExampleSetsValue (0.00s)
=== RUN   TestExampleUnmarshalJSONSetsSummary
--- PASS: TestExampleUnmarshalJSONSetsSummary (0.00s)
FAIL
coverage: [no statements]
FAIL	harnesstest	0.014s
