=== RUN   Test_GHSA_r277_6w6q_xmqw_fix_pinning
--- PASS: Test_GHSA_r277_6w6q_xmqw_fix_pinning (0.00s)
=== RUN   Test_GHSA_r277_6w6q_xmqw_exposure
--- PASS: Test_GHSA_r277_6w6q_xmqw_exposure (0.00s)
=== RUN   TestComponentsValidatePassesOnEmpty
--- PASS: TestComponentsValidatePassesOnEmpty (0.00s)
=== RUN   TestContactUnmarshalJSONSetsName
--- PASS: TestContactUnmarshalJSONSetsName (0.00s)
=== RUN   TestContactMarshalJSONProducesName
--- PASS: TestContactMarshalJSONProducesName (0.00s)
=== RUN   TestCallbackUnmarshalJSONCopiesData
    kin_openapi_unit_test.go:54: expected one callback, got 0
--- FAIL: TestCallbackUnmarshalJSONCopiesData (0.00s)
=== RUN   TestNewExampleSetsValue
--- PASS: TestNewExampleSetsValue (0.00s)
=== RUN   TestExampleUnmarshalJSONSetsSummary
--- PASS: TestExampleUnmarshalJSONSetsSummary (0.00s)
FAIL
coverage: [no statements]
FAIL	harnesstest	0.013s
