=== RUN   TestComponentsValidate
--- FAIL: TestComponentsValidate (0.00s)
panic: runtime error: invalid memory address or nil pointer dereference [recovered, repanicked]
[signal SIGSEGV: segmentation violation code=0x1 addr=0x9 pc=0x7556ca]

goroutine 21 [running]:
testing.tRunner.func1.2({0x83cc60, 0xc38f10})
	/usr/local/go/src/testing/testing.go:1872 +0x232
testing.tRunner.func1()
	/usr/local/go/src/testing/testing.go:1875 +0x35b
panic({0x83cc60?, 0xc38f10?})
	/usr/local/go/src/runtime/panic.go:783 +0x132
github.com/getkin/kin-openapi/openapi3.newErrCollector({0x972588?, 0xc6ed40?})
	/work/mutant/openapi3/error_collector.go:27 +0x6a
github.com/getkin/kin-openapi/openapi3.(*Components).Validate(0xc0000fdef8, {0x972588?, 0xc6ed40?}, {0x0?, 0xf?, 0xa03ebf?})
	/work/mutant/openapi3/components.go:113 +0x65
harnesstest.TestComponentsValidate(0xc00008afc0)
	/work/m/kin_openapi_unit_test.go:16 +0x72
testing.tRunner(0xc00008afc0, 0x8f3928)
	/usr/local/go/src/testing/testing.go:1934 +0xea
created by testing.(*T).Run in goroutine 1
	/usr/local/go/src/testing/testing.go:1997 +0x465
FAIL	harnesstest	0.014s
