FFF.FF.......                                                            [100%]
=================================== FAILURES ===================================
_______________________ test_pysec_2025_185_fix_pinning ________________________

self = <jose.backends.cryptography_backend.CryptographyAESKey object at 0x7f5058076de0>
plain_text = b'x\x9c\xed\xc11\x01\x00\x00\x00\xc2\xa0l\xeb_\xca\x10\xbe@\x01\x00\x00\x00\x00\x00\x00\x00\x00\x00\x00\x00\x00\x00\x0...\x00\x00\x00\x00\x00\x00\x00\x00\x00\x00\x00\x00\x00\x00\x00\x00\x00\x00\x00\x00\x00\x00\x00\x00\x00|\x06\xb1\x8c<\xf1'
aad = b'eyJhbGciOiJkaXIiLCJlbmMiOiJBMTI4R0NNIn0'

    def encrypt(self, plain_text, aad=None):
        plain_text = ensure_binary(plain_text)
        try:
>           iv = get_random_bytes(algorithms.AES.block_size // 8)
                 ^^^^^^^^^^^^^^^^^^^^^^^^^^^^^^^^^^^^^^^^^^^^^^^^

venv/lib/python3.12/site-packages/jose/backends/cryptography_backend.py:471: 
_ _ _ _ _ _ _ _ _ _ _ _ _ _ _ _ _ _ _ _ _ _ _ _ _ _ _ _ _ _ _ _ _ _ _ _ _ _ _ _ 

num_bytes = 16

    def get_random_bytes(num_bytes):
        """
        Get random bytes
    
        Currently, Cryptography returns OS random bytes. If you want OpenSSL
        generated random bytes, you'll have to switch the RAND engine after
        initializing the OpenSSL backend
        Args:
            num_bytes (int): Number of random bytes to generate and return
        Returns:
            bytes: Random bytes
        """
        global _binding
    
        if _binding is None:
            _binding = Binding()
    
        buf = _binding.ffi.new("char[]", num_bytes)
>       _binding.lib.RAND_bytes(buf, num_bytes)
        ^^^^^^^^^^^^^^^^^^^^^^^
E       AttributeError: module 'lib' has no attribute 'RAND_bytes'. Did you mean: 'RAND_status'?

venv/lib/python3.12/site-packages/jose/backends/cryptography_backend.py:43: AttributeError

During handling of the above exception, another exception occurred:

    def test_pysec_2025_185_fix_pinning():
        """jwe.decrypt must reject a compressed JWE whose plaintext exceeds the size limit (CVE-2024-29370)."""
>       token = _make_token()
                ^^^^^^^^^^^^^

tests/test_python_jose_cve_cve_2024_29370.py:30: 
_ _ _ _ _ _ _ _ _ _ _ _ _ _ _ _ _ _ _ _ _ _ _ _ _ _ _ _ _ _ _ _ _ _ _ _ _ _ _ _ 
tests/test_python_jose_cve_cve_2024_29370.py:22: in _make_token
    token = jwe.encrypt(zlib.compress(big), KEY, algorithm="dir", encryption="A128GCM")
            ^^^^^^^^^^^^^^^^^^^^^^^^^^^^^^^^^^^^^^^^^^^^^^^^^^^^^^^^^^^^^^^^^^^^^^^^^^^
venv/lib/python3.12/site-packages/jose/jwe.py:54: in encrypt
    enc_cek, iv, cipher_text, auth_tag = _encrypt_and_auth(key, algorithm, encryption, zip, plaintext, encoded_header)
                                         ^^^^^^^^^^^^^^^^^^^^^^^^^^^^^^^^^^^^^^^^^^^^^^^^^^^^^^^^^^^^^^^^^^^^^^^^^^^^^
venv/lib/python3.12/site-packages/jose/jwe.py:392: in _encrypt_and_auth
    iv, ciphertext, auth_tag = encryption_key.encrypt(plaintext, aad)
                               ^^^^^^^^^^^^^^^^^^^^^^^^^^^^^^^^^^^^^^
_ _ _ _ _ _ _ _ _ _ _ _ _ _ _ _ _ _ _ _ _ _ _ _ _ _ _ _ _ _ _ _ _ _ _ _ _ _ _ _ 

self = <jose.backends.cryptography_backend.CryptographyAESKey object at 0x7f5058076de0>
plain_text = b'x\x9c\xed\xc11\x01\x00\x00\x00\xc2\xa0l\xeb_\xca\x10\xbe@\x01\x00\x00\x00\x00\x00\x00\x00\x00\x00\x00\x00\x00\x00\x0...\x00\x00\x00\x00\x00\x00\x00\x00\x00\x00\x00\x00\x00\x00\x00\x00\x00\x00\x00\x00\x00\x00\x00\x00\x00|\x06\xb1\x8c<\xf1'
aad = b'eyJhbGciOiJkaXIiLCJlbmMiOiJBMTI4R0NNIn0'

    def encrypt(self, plain_text, aad=None):
        plain_text = ensure_binary(plain_text)
        try:
            iv = get_random_bytes(algorithms.AES.block_size // 8)
            mode = self._mode(iv)
            if mode.name == "GCM":
                cipher = aead.AESGCM(self._key)
                cipher_text_and_tag = cipher.encrypt(iv, plain_text, aad)
                cipher_text = cipher_text_and_tag[: len(cipher_text_and_tag) - 16]
                auth_tag = cipher_text_and_tag[-16:]
            else:
                cipher = Cipher(algorithms.AES(self._key), mode, backend=default_backend())
                encryptor = cipher.encryptor()
                padder = PKCS7(algorithms.AES.block_size).padder()
                padded_data = padder.update(plain_text)
                padded_data += padder.finalize()
                cipher_text = encryptor.update(padded_data) + encryptor.finalize()
                auth_tag = None
            return iv, cipher_text, auth_tag
        except Exception as e:
>           raise JWEError(e)
E           jose.exceptions.JWEError: module 'lib' has no attribute 'RAND_bytes'

venv/lib/python3.12/site-packages/jose/backends/cryptography_backend.py:488: JWEError
_________________________ test_pysec_2025_185_exposure _________________________

self = <jose.backends.cryptography_backend.CryptographyAESKey object at 0x7f50580757c0>
plain_text = b'x\x9c\xed\xc11\x01\x00\x00\x00\xc2\xa0l\xeb_\xca\x10\xbe@\x01\x00\x00\x00\x00\x00\x00\x00\x00\x00\x00\x00\x00\x00\x0...\x00\x00\x00\x00\x00\x00\x00\x00\x00\x00\x00\x00\x00\x00\x00\x00\x00\x00\x00\x00\x00\x00\x00\x00\x00|\x06\xb1\x8c<\xf1'
aad = b'eyJhbGciOiJkaXIiLCJlbmMiOiJBMTI4R0NNIn0'

    def encrypt(self, plain_text, aad=None):
        plain_text = ensure_binary(plain_text)
        try:
>           iv = get_random_bytes(algorithms.AES.block_size // 8)
                 ^^^^^^^^^^^^^^^^^^^^^^^^^^^^^^^^^^^^^^^^^^^^^^^^

venv/lib/python3.12/site-packages/jose/backends/cryptography_backend.py:471: 
_ _ _ _ _ _ _ _ _ _ _ _ _ _ _ _ _ _ _ _ _ _ _ _ _ _ _ _ _ _ _ _ _ _ _ _ _ _ _ _ 

num_bytes = 16

    def get_random_bytes(num_bytes):
        """
        Get random bytes
    
        Currently, Cryptography returns OS random bytes. If you want OpenSSL
        generated random bytes, you'll have to switch the RAND engine after
        initializing the OpenSSL backend
        Args:
            num_bytes (int): Number of random bytes to generate and return
        Returns:
            bytes: Random bytes
        """
        global _binding
    
        if _binding is None:
            _binding = Binding()
    
        buf = _binding.ffi.new("char[]", num_bytes)
>       _binding.lib.RAND_bytes(buf, num_bytes)
        ^^^^^^^^^^^^^^^^^^^^^^^
E       AttributeError: module 'lib' has no attribute 'RAND_bytes'. Did you mean: 'RAND_status'?

venv/lib/python3.12/site-packages/jose/backends/cryptography_backend.py:43: AttributeError

During handling of the above exception, another exception occurred:

    def test_pysec_2025_185_exposure():
        """App-style jwe.decrypt call on an attacker-supplied compressed token must raise JWEError, not decompress unbounded data."""
>       token = _make_token()
                ^^^^^^^^^^^^^

tests/test_python_jose_cve_cve_2024_29370.py:37: 
_ _ _ _ _ _ _ _ _ _ _ _ _ _ _ _ _ _ _ _ _ _ _ _ _ _ _ _ _ _ _ _ _ _ _ _ _ _ _ _ 
tests/test_python_jose_cve_cve_2024_29370.py:22: in _make_token
    token = jwe.encrypt(zlib.compress(big), KEY, algorithm="dir", encryption="A128GCM")
            ^^^^^^^^^^^^^^^^^^^^^^^^^^^^^^^^^^^^^^^^^^^^^^^^^^^^^^^^^^^^^^^^^^^^^^^^^^^
venv/lib/python3.12/site-packages/jose/jwe.py:54: in encrypt
    enc_cek, iv, cipher_text, auth_tag = _encrypt_and_auth(key, algorithm, encryption, zip, plaintext, encoded_header)
                                         ^^^^^^^^^^^^^^^^^^^^^^^^^^^^^^^^^^^^^^^^^^^^^^^^^^^^^^^^^^^^^^^^^^^^^^^^^^^^^
venv/lib/python3.12/site-packages/jose/jwe.py:392: in _encrypt_and_auth
    iv, ciphertext, auth_tag = encryption_key.encrypt(plaintext, aad)
                               ^^^^^^^^^^^^^^^^^^^^^^^^^^^^^^^^^^^^^^
_ _ _ _ _ _ _ _ _ _ _ _ _ _ _ _ _ _ _ _ _ _ _ _ _ _ _ _ _ _ _ _ _ _ _ _ _ _ _ _ 

self = <jose.backends.cryptography_backend.CryptographyAESKey object at 0x7f50580757c0>
plain_text = b'x\x9c\xed\xc11\x01\x00\x00\x00\xc2\xa0l\xeb_\xca\x10\xbe@\x01\x00\x00\x00\x00\x00\x00\x00\x00\x00\x00\x00\x00\x00\x0...\x00\x00\x00\x00\x00\x00\x00\x00\x00\x00\x00\x00\x00\x00\x00\x00\x00\x00\x00\x00\x00\x00\x00\x00\x00|\x06\xb1\x8c<\xf1'
aad = b'eyJhbGciOiJkaXIiLCJlbmMiOiJBMTI4R0NNIn0'

    def encrypt(self, plain_text, aad=None):
        plain_text = ensure_binary(plain_text)
        try:
            iv = get_random_bytes(algorithms.AES.block_size // 8)
            mode = self._mode(iv)
            if mode.name == "GCM":
                cipher = aead.AESGCM(self._key)
                cipher_text_and_tag = cipher.encrypt(iv, plain_text, aad)
                cipher_text = cipher_text_and_tag[: len(cipher_text_and_tag) - 16]
                auth_tag = cipher_text_and_tag[-16:]
            else:
                cipher = Cipher(algorithms.AES(self._key), mode, backend=default_backend())
                encryptor = cipher.encryptor()
                padder = PKCS7(algorithms.AES.block_size).padder()
                padded_data = padder.update(plain_text)
                padded_data += padder.finalize()
                cipher_text = encryptor.update(padded_data) + encryptor.finalize()
                auth_tag = None
            return iv, cipher_text, auth_tag
        except Exception as e:
>           raise JWEError(e)
E           jose.exceptions.JWEError: module 'lib' has no attribute 'RAND_bytes'

venv/lib/python3.12/site-packages/jose/backends/cryptography_backend.py:488: JWEError
_____________________ test_ghsa_6c5p_j8vq_pqhj_fix_pinning _____________________

    def test_ghsa_6c5p_j8vq_pqhj_fix_pinning():
        """OpenSSH ECDSA key used as HMAC secret must be rejected (CVE-2024-33663)."""
>       with pytest.raises(JWKError):
             ^^^^^^^^^^^^^^^^^^^^^^^
E       Failed: DID NOT RAISE JWKError

tests/test_python_jose_cve_cve_2024_33663.py:24: Failed
_____________________ test_ghsa_cjwg_qfpm_7377_fix_pinning _____________________

self = <jose.backends.cryptography_backend.CryptographyAESKey object at 0x7f50581b1760>
plain_text = b'x\x9c\xec\xc1\x81\x00\x00\x00\x00\x80 \xb6\xfd\xa5\x16\xa9\n\x00\x00\x00\x00\x00\x00\x00\x00\x00\x00\x00\x00\x00\x00...x00\x00\x00\x00\x00\x00\x00\x00\x00\x00\x00\x00\x00\x00\x00\x00\x00\x00\x00\x00\x00\x00\x00\x00\x00\x00^\x022&\xcf\x1a'
aad = b'eyJhbGciOiJkaXIiLCJlbmMiOiJBMTI4R0NNIn0'

    def encrypt(self, plain_text, aad=None):
        plain_text = ensure_binary(plain_text)
        try:
>           iv = get_random_bytes(algorithms.AES.block_size // 8)
                 ^^^^^^^^^^^^^^^^^^^^^^^^^^^^^^^^^^^^^^^^^^^^^^^^

venv/lib/python3.12/site-packages/jose/backends/cryptography_backend.py:471: 
_ _ _ _ _ _ _ _ _ _ _ _ _ _ _ _ _ _ _ _ _ _ _ _ _ _ _ _ _ _ _ _ _ _ _ _ _ _ _ _ 

num_bytes = 16

    def get_random_bytes(num_bytes):
        """
        Get random bytes
    
        Currently, Cryptography returns OS random bytes. If you want OpenSSL
        generated random bytes, you'll have to switch the RAND engine after
        initializing the OpenSSL backend
        Args:
            num_bytes (int): Number of random bytes to generate and return
        Returns:
            bytes: Random bytes
        """
        global _binding
    
        if _binding is None:
            _binding = Binding()
    
        buf = _binding.ffi.new("char[]", num_bytes)
>       _binding.lib.RAND_bytes(buf, num_bytes)
        ^^^^^^^^^^^^^^^^^^^^^^^
E       AttributeError: module 'lib' has no attribute 'RAND_bytes'. Did you mean: 'RAND_status'?

venv/lib/python3.12/site-packages/jose/backends/cryptography_backend.py:43: AttributeError

During handling of the above exception, another exception occurred:

    def test_ghsa_cjwg_qfpm_7377_fix_pinning():
        """A compressed JWE bomb must be rejected instead of decompressing ~100MB."""
        key = "asecret128bitkey"
>       token = _make_bomb_jwe(key)
                ^^^^^^^^^^^^^^^^^^^

tests/test_python_jose_cve_cve_2024_33664.py:32: 
_ _ _ _ _ _ _ _ _ _ _ _ _ _ _ _ _ _ _ _ _ _ _ _ _ _ _ _ _ _ _ _ _ _ _ _ _ _ _ _ 
tests/test_python_jose_cve_cve_2024_33664.py:23: in _make_bomb_jwe
    token = jwe.encrypt(compressed, key, algorithm="dir", encryption="A128GCM")
            ^^^^^^^^^^^^^^^^^^^^^^^^^^^^^^^^^^^^^^^^^^^^^^^^^^^^^^^^^^^^^^^^^^^
venv/lib/python3.12/site-packages/jose/jwe.py:54: in encrypt
    enc_cek, iv, cipher_text, auth_tag = _encrypt_and_auth(key, algorithm, encryption, zip, plaintext, encoded_header)
                                         ^^^^^^^^^^^^^^^^^^^^^^^^^^^^^^^^^^^^^^^^^^^^^^^^^^^^^^^^^^^^^^^^^^^^^^^^^^^^^
venv/lib/python3.12/site-packages/jose/jwe.py:392: in _encrypt_and_auth
    iv, ciphertext, auth_tag = encryption_key.encrypt(plaintext, aad)
                               ^^^^^^^^^^^^^^^^^^^^^^^^^^^^^^^^^^^^^^
_ _ _ _ _ _ _ _ _ _ _ _ _ _ _ _ _ _ _ _ _ _ _ _ _ _ _ _ _ _ _ _ _ _ _ _ _ _ _ _ 

self = <jose.backends.cryptography_backend.CryptographyAESKey object at 0x7f50581b1760>
plain_text = b'x\x9c\xec\xc1\x81\x00\x00\x00\x00\x80 \xb6\xfd\xa5\x16\xa9\n\x00\x00\x00\x00\x00\x00\x00\x00\x00\x00\x00\x00\x00\x00...x00\x00\x00\x00\x00\x00\x00\x00\x00\x00\x00\x00\x00\x00\x00\x00\x00\x00\x00\x00\x00\x00\x00\x00\x00\x00^\x022&\xcf\x1a'
aad = b'eyJhbGciOiJkaXIiLCJlbmMiOiJBMTI4R0NNIn0'

    def encrypt(self, plain_text, aad=None):
        plain_text = ensure_binary(plain_text)
        try:
            iv = get_random_bytes(algorithms.AES.block_size // 8)
            mode = self._mode(iv)
            if mode.name == "GCM":
                cipher = aead.AESGCM(self._key)
                cipher_text_and_tag = cipher.encrypt(iv, plain_text, aad)
                cipher_text = cipher_text_and_tag[: len(cipher_text_and_tag) - 16]
                auth_tag = cipher_text_and_tag[-16:]
            else:
                cipher = Cipher(algorithms.AES(self._key), mode, backend=default_backend())
                encryptor = cipher.encryptor()
                padder = PKCS7(algorithms.AES.block_size).padder()
                padded_data = padder.update(plain_text)
                padded_data += padder.finalize()
                cipher_text = encryptor.update(padded_data) + encryptor.finalize()
                auth_tag = None
            return iv, cipher_text, auth_tag
        except Exception as e:
>           raise JWEError(e)
E           jose.exceptions.JWEError: module 'lib' has no attribute 'RAND_bytes'

venv/lib/python3.12/site-packages/jose/backends/cryptography_backend.py:488: JWEError
______________________ test_ghsa_cjwg_qfpm_7377_exposure _______________________

self = <jose.backends.cryptography_backend.CryptographyAESKey object at 0x7f50581b2000>
plain_text = b'x\x9c\xec\xc1\x81\x00\x00\x00\x00\x80 \xb6\xfd\xa5\x16\xa9\n\x00\x00\x00\x00\x00\x00\x00\x00\x00\x00\x00\x00\x00\x00...x00\x00\x00\x00\x00\x00\x00\x00\x00\x00\x00\x00\x00\x00\x00\x00\x00\x00\x00\x00\x00\x00\x00\x00\x00\x00^\x022&\xcf\x1a'
aad = b'eyJhbGciOiJkaXIiLCJlbmMiOiJBMTI4R0NNIn0'

    def encrypt(self, plain_text, aad=None):
        plain_text = ensure_binary(plain_text)
        try:
>           iv = get_random_bytes(algorithms.AES.block_size // 8)
                 ^^^^^^^^^^^^^^^^^^^^^^^^^^^^^^^^^^^^^^^^^^^^^^^^

venv/lib/python3.12/site-packages/jose/backends/cryptography_backend.py:471: 
_ _ _ _ _ _ _ _ _ _ _ _ _ _ _ _ _ _ _ _ _ _ _ _ _ _ _ _ _ _ _ _ _ _ _ _ _ _ _ _ 

num_bytes = 16

    def get_random_bytes(num_bytes):
        """
        Get random bytes
    
        Currently, Cryptography returns OS random bytes. If you want OpenSSL
        generated random bytes, you'll have to switch the RAND engine after
        initializing the OpenSSL backend
        Args:
            num_bytes (int): Number of random bytes to generate and return
        Returns:
            bytes: Random bytes
        """
        global _binding
    
        if _binding is None:
            _binding = Binding()
    
        buf = _binding.ffi.new("char[]", num_bytes)
>       _binding.lib.RAND_bytes(buf, num_bytes)
        ^^^^^^^^^^^^^^^^^^^^^^^
E       AttributeError: module 'lib' has no attribute 'RAND_bytes'. Did you mean: 'RAND_status'?

venv/lib/python3.12/site-packages/jose/backends/cryptography_backend.py:43: AttributeError

During handling of the above exception, another exception occurred:

    def test_ghsa_cjwg_qfpm_7377_exposure():
        """Same bomb via the app's jwe.decrypt call pattern must raise JWEError."""
        key = "asecret128bitkey"
>       token = _make_bomb_jwe(key)
                ^^^^^^^^^^^^^^^^^^^

tests/test_python_jose_cve_cve_2024_33664.py:40: 
_ _ _ _ _ _ _ _ _ _ _ _ _ _ _ _ _ _ _ _ _ _ _ _ _ _ _ _ _ _ _ _ _ _ _ _ _ _ _ _ 
tests/test_python_jose_cve_cve_2024_33664.py:23: in _make_bomb_jwe
    token = jwe.encrypt(compressed, key, algorithm="dir", encryption="A128GCM")
            ^^^^^^^^^^^^^^^^^^^^^^^^^^^^^^^^^^^^^^^^^^^^^^^^^^^^^^^^^^^^^^^^^^^
venv/lib/python3.12/site-packages/jose/jwe.py:54: in encrypt
    enc_cek, iv, cipher_text, auth_tag = _encrypt_and_auth(key, algorithm, encryption, zip, plaintext, encoded_header)
                                         ^^^^^^^^^^^^^^^^^^^^^^^^^^^^^^^^^^^^^^^^^^^^^^^^^^^^^^^^^^^^^^^^^^^^^^^^^^^^^
venv/lib/python3.12/site-packages/jose/jwe.py:392: in _encrypt_and_auth
    iv, ciphertext, auth_tag = encryption_key.encrypt(plaintext, aad)
                               ^^^^^^^^^^^^^^^^^^^^^^^^^^^^^^^^^^^^^^
_ _ _ _ _ _ _ _ _ _ _ _ _ _ _ _ _ _ _ _ _ _ _ _ _ _ _ _ _ _ _ _ _ _ _ _ _ _ _ _ 

self = <jose.backends.cryptography_backend.CryptographyAESKey object at 0x7f50581b2000>
plain_text = b'x\x9c\xec\xc1\x81\x00\x00\x00\x00\x80 \xb6\xfd\xa5\x16\xa9\n\x00\x00\x00\x00\x00\x00\x00\x00\x00\x00\x00\x00\x00\x00...x00\x00\x00\x00\x00\x00\x00\x00\x00\x00\x00\x00\x00\x00\x00\x00\x00\x00\x00\x00\x00\x00\x00\x00\x00\x00^\x022&\xcf\x1a'
aad = b'eyJhbGciOiJkaXIiLCJlbmMiOiJBMTI4R0NNIn0'

    def encrypt(self, plain_text, aad=None):
        plain_text = ensure_binary(plain_text)
        try:
            iv = get_random_bytes(algorithms.AES.block_size // 8)
            mode = self._mode(iv)
            if mode.name == "GCM":
                cipher = aead.AESGCM(self._key)
                cipher_text_and_tag = cipher.encrypt(iv, plain_text, aad)
                cipher_text = cipher_text_and_tag[: len(cipher_text_and_tag) - 16]
                auth_tag = cipher_text_and_tag[-16:]
            else:
                cipher = Cipher(algorithms.AES(self._key), mode, backend=default_backend())
                encryptor = cipher.encryptor()
                padder = PKCS7(algorithms.AES.block_size).padder()
                padded_data = padder.update(plain_text)
                padded_data += padder.finalize()
                cipher_text = encryptor.update(padded_data) + encryptor.finalize()
                auth_tag = None
            return iv, cipher_text, auth_tag
        except Exception as e:
>           raise JWEError(e)
E           jose.exceptions.JWEError: module 'lib' has no attribute 'RAND_bytes'

venv/lib/python3.12/site-packages/jose/backends/cryptography_backend.py:488: JWEError
=============================== warnings summary ===============================
tests/test_python_jose_unit.py::test_jwt_decode_expired_token_raises_expired_signature_error
  /work/venv/lib/python3.12/site-packages/jose/jwt.py:311: DeprecationWarning: datetime.datetime.utcnow() is deprecated and scheduled for removal in a future version. Use timezone-aware objects to represent datetimes in UTC: datetime.datetime.now(datetime.UTC).
    now = timegm(datetime.utcnow().utctimetuple())

-- Docs: https://docs.pytest.org/en/stable/how-to/capture-warnings.html
=========================== short test summary info ============================
FAILED tests/test_python_jose_cve_cve_2024_29370.py::test_pysec_2025_185_fix_pinning
FAILED tests/test_python_jose_cve_cve_2024_29370.py::test_pysec_2025_185_exposure
FAILED tests/test_python_jose_cve_cve_2024_33663.py::test_ghsa_6c5p_j8vq_pqhj_fix_pinning
FAILED tests/test_python_jose_cve_cve_2024_33664.py::test_ghsa_cjwg_qfpm_7377_fix_pinning
FAILED tests/test_python_jose_cve_cve_2024_33664.py::test_ghsa_cjwg_qfpm_7377_exposure
5 failed, 8 passed, 1 warning in 1.66s
