......F.......                                                           [100%]
=================================== FAILURES ===================================
____________________ test_jwt_encode_decode_roundtrip_hmac _____________________

    def test_jwt_encode_decode_roundtrip_hmac():
        """jwt.encode then jwt.decode with the same key returns the original claims."""
        claims = {'sub': 'user-1', 'data': 'abc'}
        token = jwt.encode(claims, SECRET, algorithm=Algorithms.HS256)
>       assert jwt.decode(token, SECRET, algorithms=[Algorithms.HS256]) == claims
               ^^^^^^^^^^^^^^^^^^^^^^^^^^^^^^^^^^^^^^^^^^^^^^^^^^^^^^^^

tests/test_python_jose_unit.py:17: 
_ _ _ _ _ _ _ _ _ _ _ _ _ _ _ _ _ _ _ _ _ _ _ _ _ _ _ _ _ _ _ _ _ _ _ _ _ _ _ _ 
venv/lib/python3.12/site-packages/jose/jwt.py:129: in decode
    _validate_claims(claims, audience=audience, issuer=issuer, subject=subject, algorithm=algorithm, access_token=access_token, options=defaults)
venv/lib/python3.12/site-packages/jose/jwt.py:408: in _validate_claims
    _validate_jti(claims)
_ _ _ _ _ _ _ _ _ _ _ _ _ _ _ _ _ _ _ _ _ _ _ _ _ _ _ _ _ _ _ _ _ _ _ _ _ _ _ _ 

claims = {'sub': 'user-1', 'data': 'abc'}

    def _validate_jti(claims):
        """Validates that the 'jti' claim is valid.
    
        The "jti" (JWT ID) claim provides a unique identifier for the JWT.
        The identifier value MUST be assigned in a manner that ensures that
        there is a negligible probability that the same value will be
        accidentally assigned to a different data object; if the application
        uses multiple issuers, collisions MUST be prevented among values
        produced by different issuers as well.  The "jti" claim can be used
        to prevent the JWT from being replayed.  The "jti" value is a case-
        sensitive string.  Use of this claim is OPTIONAL.
    
        Args:
            claims (dict): The claims dictionary to validate.
        """
        if 'jti' in claims:
            return
>       if not isinstance(claims['jti'], str):
                          ^^^^^^^^^^^^^
E       KeyError: 'jti'

venv/lib/python3.12/site-packages/jose/jwt.py:349: KeyError
=========================== short test summary info ============================
FAILED tests/test_python_jose_unit.py::test_jwt_encode_decode_roundtrip_hmac
1 failed, 13 passed in 0.29s
