......FFFFFF..                                                           [100%]
=================================== FAILURES ===================================
_______________________ test_jwt_encode_decode_roundtrip _______________________

    def test_jwt_encode_decode_roundtrip():
        """jwt.encode then jwt.decode returns the original claims."""
        claims = {'sub': 'user-1', 'name': 'Alice'}
        token = jwt.encode(claims, SECRET, algorithm='HS256')
>       assert jwt.decode(token, SECRET, algorithms=['HS256']) == claims
               ^^^^^^^^^^^^^^^^^^^^^^^^^^^^^^^^^^^^^^^^^^^^^^^

tests/test_python_jose_unit.py:13: 
_ _ _ _ _ _ _ _ _ _ _ _ _ _ _ _ _ _ _ _ _ _ _ _ _ _ _ _ _ _ _ _ _ _ _ _ _ _ _ _ 
venv/lib/python3.12/site-packages/jose/jwt.py:154: in decode
    payload = jws.verify(token, key, algorithms, verify=verify_signature)
              ^^^^^^^^^^^^^^^^^^^^^^^^^^^^^^^^^^^^^^^^^^^^^^^^^^^^^^^^^^^
venv/lib/python3.12/site-packages/jose/jws.py:66: in verify
    header, payload, signing_input, signature = _load(token)
                                                ^^^^^^^^^^^^
_ _ _ _ _ _ _ _ _ _ _ _ _ _ _ _ _ _ _ _ _ _ _ _ _ _ _ _ _ _ _ _ _ _ _ _ _ _ _ _ 

jwt = None

    def _load(jwt):
        if isinstance(jwt, str):
            jwt = jwt.encode('utf-8')
        try:
>           signing_input, crypto_segment = jwt.rsplit(b'.', 1)
                                            ^^^^^^^^^^
E           AttributeError: 'NoneType' object has no attribute 'rsplit'

venv/lib/python3.12/site-packages/jose/jws.py:149: AttributeError
__________________ test_jwt_decode_wrong_key_raises_jwt_error __________________

    def test_jwt_decode_wrong_key_raises_jwt_error():
        """Decoding with the wrong key raises JWTError."""
        token = jwt.encode({'sub': 'user-1'}, SECRET, algorithm='HS256')
        with pytest.raises(JWTError):
>           jwt.decode(token, b'wrong-key-0123456789', algorithms=['HS256'])

tests/test_python_jose_unit.py:19: 
_ _ _ _ _ _ _ _ _ _ _ _ _ _ _ _ _ _ _ _ _ _ _ _ _ _ _ _ _ _ _ _ _ _ _ _ _ _ _ _ 
venv/lib/python3.12/site-packages/jose/jwt.py:154: in decode
    payload = jws.verify(token, key, algorithms, verify=verify_signature)
              ^^^^^^^^^^^^^^^^^^^^^^^^^^^^^^^^^^^^^^^^^^^^^^^^^^^^^^^^^^^
venv/lib/python3.12/site-packages/jose/jws.py:66: in verify
    header, payload, signing_input, signature = _load(token)
                                                ^^^^^^^^^^^^
_ _ _ _ _ _ _ _ _ _ _ _ _ _ _ _ _ _ _ _ _ _ _ _ _ _ _ _ _ _ _ _ _ _ _ _ _ _ _ _ 

jwt = None

    def _load(jwt):
        if isinstance(jwt, str):
            jwt = jwt.encode('utf-8')
        try:
>           signing_input, crypto_segment = jwt.rsplit(b'.', 1)
                                            ^^^^^^^^^^
E           AttributeError: 'NoneType' object has no attribute 'rsplit'

venv/lib/python3.12/site-packages/jose/jws.py:149: AttributeError
____________ test_jwt_decode_expired_raises_expired_signature_error ____________

    def test_jwt_decode_expired_raises_expired_signature_error():
        """A token whose exp is in the past raises ExpiredSignatureError."""
        token = jwt.encode({'sub': 'u', 'exp': 1}, SECRET, algorithm='HS256')
        with pytest.raises(ExpiredSignatureError):
>           jwt.decode(token, SECRET, algorithms=['HS256'])

tests/test_python_jose_unit.py:25: 
_ _ _ _ _ _ _ _ _ _ _ _ _ _ _ _ _ _ _ _ _ _ _ _ _ _ _ _ _ _ _ _ _ _ _ _ _ _ _ _ 
venv/lib/python3.12/site-packages/jose/jwt.py:154: in decode
    payload = jws.verify(token, key, algorithms, verify=verify_signature)
              ^^^^^^^^^^^^^^^^^^^^^^^^^^^^^^^^^^^^^^^^^^^^^^^^^^^^^^^^^^^
venv/lib/python3.12/site-packages/jose/jws.py:66: in verify
    header, payload, signing_input, signature = _load(token)
                                                ^^^^^^^^^^^^
_ _ _ _ _ _ _ _ _ _ _ _ _ _ _ _ _ _ _ _ _ _ _ _ _ _ _ _ _ _ _ _ _ _ _ _ _ _ _ _ 

jwt = None

    def _load(jwt):
        if isinstance(jwt, str):
            jwt = jwt.encode('utf-8')
        try:
>           signing_input, crypto_segment = jwt.rsplit(b'.', 1)
                                            ^^^^^^^^^^
E           AttributeError: 'NoneType' object has no attribute 'rsplit'

venv/lib/python3.12/site-packages/jose/jws.py:149: AttributeError
__________________ test_jwt_get_unverified_header_returns_alg __________________

token = None

    def get_unverified_header(token):
        """Returns the decoded headers without verification of any kind.
    
        Args:
            token (str): A signed JWT to decode the headers from.
    
        Returns:
            dict: The dict representation of the token headers.
    
        Raises:
            JWTError: If there is an exception decoding the token.
        """
        try:
>           headers = jws.get_unverified_headers(token)
                      ^^^^^^^^^^^^^^^^^^^^^^^^^^^^^^^^^

venv/lib/python3.12/site-packages/jose/jwt.py:195: 
_ _ _ _ _ _ _ _ _ _ _ _ _ _ _ _ _ _ _ _ _ _ _ _ _ _ _ _ _ _ _ _ _ _ _ _ _ _ _ _ 
venv/lib/python3.12/site-packages/jose/jws.py:101: in get_unverified_headers
    return get_unverified_header(token)
           ^^^^^^^^^^^^^^^^^^^^^^^^^^^^
venv/lib/python3.12/site-packages/jose/jws.py:83: in get_unverified_header
    header, claims, signing_input, signature = _load(token)
                                               ^^^^^^^^^^^^
_ _ _ _ _ _ _ _ _ _ _ _ _ _ _ _ _ _ _ _ _ _ _ _ _ _ _ _ _ _ _ _ _ _ _ _ _ _ _ _ 

jwt = None

    def _load(jwt):
        if isinstance(jwt, str):
            jwt = jwt.encode('utf-8')
        try:
>           signing_input, crypto_segment = jwt.rsplit(b'.', 1)
                                            ^^^^^^^^^^
E           AttributeError: 'NoneType' object has no attribute 'rsplit'

venv/lib/python3.12/site-packages/jose/jws.py:149: AttributeError

During handling of the above exception, another exception occurred:

    def test_jwt_get_unverified_header_returns_alg():
        """get_unverified_header returns the header dict with the alg."""
        token = jwt.encode({'sub': 'u'}, SECRET, algorithm='HS256')
>       header = jwt.get_unverified_header(token)
                 ^^^^^^^^^^^^^^^^^^^^^^^^^^^^^^^^

tests/test_python_jose_unit.py:30: 
_ _ _ _ _ _ _ _ _ _ _ _ _ _ _ _ _ _ _ _ _ _ _ _ _ _ _ _ _ _ _ _ _ _ _ _ _ _ _ _ 

token = None

    def get_unverified_header(token):
        """Returns the decoded headers without verification of any kind.
    
        Args:
            token (str): A signed JWT to decode the headers from.
    
        Returns:
            dict: The dict representation of the token headers.
    
        Raises:
            JWTError: If there is an exception decoding the token.
        """
        try:
            headers = jws.get_unverified_headers(token)
        except Exception:
>           raise JWTError("Error decoding token headers.")
E           jose.exceptions.JWTError: Error decoding token headers.

venv/lib/python3.12/site-packages/jose/jwt.py:197: JWTError
________________ test_jwt_get_unverified_claims_returns_claims _________________

token = None

    def get_unverified_claims(token):
        """Returns the decoded claims without verification of any kind.
    
        Args:
            token (str): A signed JWT to decode the headers from.
    
        Returns:
            dict: The dict representation of the token claims.
    
        Raises:
            JWTError: If there is an exception decoding the token.
        """
        try:
>           claims = jws.get_unverified_claims(token)
                     ^^^^^^^^^^^^^^^^^^^^^^^^^^^^^^^^

venv/lib/python3.12/site-packages/jose/jwt.py:233: 
_ _ _ _ _ _ _ _ _ _ _ _ _ _ _ _ _ _ _ _ _ _ _ _ _ _ _ _ _ _ _ _ _ _ _ _ _ _ _ _ 
venv/lib/python3.12/site-packages/jose/jws.py:115: in get_unverified_claims
    header, claims, signing_input, signature = _load(token)
                                               ^^^^^^^^^^^^
_ _ _ _ _ _ _ _ _ _ _ _ _ _ _ _ _ _ _ _ _ _ _ _ _ _ _ _ _ _ _ _ _ _ _ _ _ _ _ _ 

jwt = None

    def _load(jwt):
        if isinstance(jwt, str):
            jwt = jwt.encode('utf-8')
        try:
>           signing_input, crypto_segment = jwt.rsplit(b'.', 1)
                                            ^^^^^^^^^^
E           AttributeError: 'NoneType' object has no attribute 'rsplit'

venv/lib/python3.12/site-packages/jose/jws.py:149: AttributeError

During handling of the above exception, another exception occurred:

    def test_jwt_get_unverified_claims_returns_claims():
        """get_unverified_claims returns the claims without verification."""
        token = jwt.encode({'sub': 'u', 'role': 'admin'}, SECRET, algorithm='HS256')
>       claims = jwt.get_unverified_claims(token)
                 ^^^^^^^^^^^^^^^^^^^^^^^^^^^^^^^^

tests/test_python_jose_unit.py:37: 
_ _ _ _ _ _ _ _ _ _ _ _ _ _ _ _ _ _ _ _ _ _ _ _ _ _ _ _ _ _ _ _ _ _ _ _ _ _ _ _ 

token = None

    def get_unverified_claims(token):
        """Returns the decoded claims without verification of any kind.
    
        Args:
            token (str): A signed JWT to decode the headers from.
    
        Returns:
            dict: The dict representation of the token claims.
    
        Raises:
            JWTError: If there is an exception decoding the token.
        """
        try:
            claims = jws.get_unverified_claims(token)
        except Exception:
>           raise JWTError("Error decoding token claims.")
E           jose.exceptions.JWTError: Error decoding token claims.

venv/lib/python3.12/site-packages/jose/jwt.py:235: JWTError
________________________ test_jws_sign_verify_roundtrip ________________________

    def test_jws_sign_verify_roundtrip():
        """jws.sign then jws.verify returns the original payload."""
        payload = b'hello world'
        token = jws.sign(payload, SECRET, algorithm='HS256')
>       assert jws.verify(token, SECRET, ['HS256']) == payload
               ^^^^^^^^^^^^^^^^^^^^^^^^^^^^^^^^^^^^

tests/test_python_jose_unit.py:45: 
_ _ _ _ _ _ _ _ _ _ _ _ _ _ _ _ _ _ _ _ _ _ _ _ _ _ _ _ _ _ _ _ _ _ _ _ _ _ _ _ 
venv/lib/python3.12/site-packages/jose/jws.py:66: in verify
    header, payload, signing_input, signature = _load(token)
                                                ^^^^^^^^^^^^
_ _ _ _ _ _ _ _ _ _ _ _ _ _ _ _ _ _ _ _ _ _ _ _ _ _ _ _ _ _ _ _ _ _ _ _ _ _ _ _ 

jwt = None

    def _load(jwt):
        if isinstance(jwt, str):
            jwt = jwt.encode('utf-8')
        try:
>           signing_input, crypto_segment = jwt.rsplit(b'.', 1)
                                            ^^^^^^^^^^
E           AttributeError: 'NoneType' object has no attribute 'rsplit'

venv/lib/python3.12/site-packages/jose/jws.py:149: AttributeError
=========================== short test summary info ============================
FAILED tests/test_python_jose_unit.py::test_jwt_encode_decode_roundtrip - Att...
FAILED tests/test_python_jose_unit.py::test_jwt_decode_wrong_key_raises_jwt_error
FAILED tests/test_python_jose_unit.py::test_jwt_decode_expired_raises_expired_signature_error
FAILED tests/test_python_jose_unit.py::test_jwt_get_unverified_header_returns_alg
FAILED tests/test_python_jose_unit.py::test_jwt_get_unverified_claims_returns_claims
FAILED tests/test_python_jose_unit.py::test_jws_sign_verify_roundtrip - Attri...
6 failed, 8 passed in 0.46s
