..F.F..F                                                                 [100%]
=================================== FAILURES ===================================
___________ test_jwt_decode_with_valid_token_and_key_returns_claims ____________

    def test_jwt_decode_with_valid_token_and_key_returns_claims():
        """Asserts that jwt.decode returns the claims set when token and key are valid."""
        payload = {'sub': '1234567890', 'name': 'John Doe'}
        secret = 'secret'
        token = jwt.encode(payload, secret, algorithm=Algorithms.HS256)
>       decoded = jwt.decode(token, secret, algorithms=[Algorithms.HS256])
                  ^^^^^^^^^^^^^^^^^^^^^^^^^^^^^^^^^^^^^^^^^^^^^^^^^^^^^^^^

tests/test_python_jose_unit.py:24: 
_ _ _ _ _ _ _ _ _ _ _ _ _ _ _ _ _ _ _ _ _ _ _ _ _ _ _ _ _ _ _ _ _ _ _ _ _ _ _ _ 

token = 'eyJhbGciOiJIUzI1NiIsInR5cCI6IkpXVCJ9.eyJzdWIiOiIxMjM0NTY3ODkwIiwibmFtZSI6IkpvaG4gRG9lIn0.Q6CM1qIz2WTgTlhMzpFL8jI8xbu9FFfj5DY_bGVY98Y'
key = 'secret', algorithms = ['HS256'], options = None, audience = None
issuer = None, subject = None, access_token = None

    def decode(token, key, algorithms=None, options=None, audience=None, issuer=None, subject=None, access_token=None):
        """Verifies a JWT string's signature and validates reserved claims.
    
        Args:
            token (str): A signed JWS to be verified.
            key (str or dict): A key to attempt to verify the payload with. Can be
                individual JWK or JWK set.
            algorithms (str or list): Valid algorithms that should be used to verify the JWS.
            audience (str): The intended audience of the token.  If the "aud" claim is
                included in the claim set, then the audience must be included and must equal
                the provided claim.
            issuer (str or iterable): Acceptable value(s) for the issuer of the token.
                If the "iss" claim is included in the claim set, then the issuer must be
                given and the claim in the token must be among the acceptable values.
            subject (str): The subject of the token.  If the "sub" claim is
                included in the claim set, then the subject must be included and must equal
                the provided claim.
            access_token (str): An access token string. If the "at_hash" claim is included in the
                claim set, then the access_token must be included, and it must match
                the "at_hash" claim.
            options (dict): A dictionary of options for skipping validation steps.
    
                defaults = {
                    'verify_signature': True,
                    'verify_aud': True,
                    'verify_iat': True,
                    'verify_exp': True,
                    'verify_nbf': True,
                    'verify_iss': True,
                    'verify_sub': True,
                    'verify_jti': True,
                    'verify_at_hash': True,
                    'require_aud': False,
                    'require_iat': False,
                    'require_exp': False,
                    'require_nbf': False,
                    'require_iss': False,
                    'require_sub': False,
                    'require_jti': False,
                    'require_at_hash': False,
                    'leeway': 0,
                }
    
        Returns:
            dict: The dict representation of the claims set, assuming the signature is valid
                and all requested data validation passes.
    
        Raises:
            JWTError: If the signature is invalid in any way.
            ExpiredSignatureError: If the signature has expired.
            JWTClaimsError: If any claim is invalid in any way.
    
        Examples:
    
            >>> payload = 'eyJhbGciOiJIUzI1NiIsInR5cCI6IkpXVCJ9.eyJhIjoiYiJ9.jiMyrsmD8AoHWeQgmxZ5yq8z0lXS67_QGs52AzC8Ru8'
            >>> jwt.decode(payload, 'secret', algorithms='HS256')
    
        """
    
        defaults = {
            "verify_signature": True,
            "verify_aud": True,
            "verify_iat": True,
            "verify_exp": True,
            "verify_nbf": True,
            "verify_iss": True,
            "verify_sub": True,
            "verify_jti": True,
            "verify_at_hash": True,
            "require_aud": False,
            "require_iat": False,
            "require_exp": False,
            "require_nbf": False,
            "require_iss": False,
            "require_sub": False,
            "require_jti": False,
            "require_at_hash": False,
            "leeway": 0,
        }
    
        if options:
            defaults.update(options)
    
        verify_signature = defaults.get("verify_signature", True)
    
        try:
            payload = jws.verify(token, key, algorithms, verify=verify_signature)
        except JWSError as e:
            raise JWTError(e)
    
        # Needed for at_hash verification
        algorithm = jws.get_unverified_header(token)["alg"]
    
        try:
>           claims = json.loads(payload.decode("utf-8"))
                                ^^^^^^^^^^^^^^
E           AttributeError: 'NoneType' object has no attribute 'decode'

venv/lib/python3.12/site-packages/jose/jwt.py:162: AttributeError
_______ test_jwt_decode_with_expired_token_raises_ExpiredSignatureError ________

    def test_jwt_decode_with_expired_token_raises_ExpiredSignatureError():
        """Asserts that jwt.decode raises ExpiredSignatureError when exp claim is in the past."""
        payload = {'sub': '1234567890', 'exp': int(time.time()) - 100}
        secret = 'secret'
        token = jwt.encode(payload, secret, algorithm=Algorithms.HS256)
        with pytest.raises(jwt.ExpiredSignatureError):
>           jwt.decode(token, secret, algorithms=[Algorithms.HS256])

tests/test_python_jose_unit.py:39: 
_ _ _ _ _ _ _ _ _ _ _ _ _ _ _ _ _ _ _ _ _ _ _ _ _ _ _ _ _ _ _ _ _ _ _ _ _ _ _ _ 

token = 'eyJhbGciOiJIUzI1NiIsInR5cCI6IkpXVCJ9.eyJzdWIiOiIxMjM0NTY3ODkwIiwiZXhwIjoxNzkwMTE4Mzc5fQ.w-tK_PkSiCbauENLXhv-3ehCPfoSzJE7K1iUNNehr9Q'
key = 'secret', algorithms = ['HS256'], options = None, audience = None
issuer = None, subject = None, access_token = None

    def decode(token, key, algorithms=None, options=None, audience=None, issuer=None, subject=None, access_token=None):
        """Verifies a JWT string's signature and validates reserved claims.
    
        Args:
            token (str): A signed JWS to be verified.
            key (str or dict): A key to attempt to verify the payload with. Can be
                individual JWK or JWK set.
            algorithms (str or list): Valid algorithms that should be used to verify the JWS.
            audience (str): The intended audience of the token.  If the "aud" claim is
                included in the claim set, then the audience must be included and must equal
                the provided claim.
            issuer (str or iterable): Acceptable value(s) for the issuer of the token.
                If the "iss" claim is included in the claim set, then the issuer must be
                given and the claim in the token must be among the acceptable values.
            subject (str): The subject of the token.  If the "sub" claim is
                included in the claim set, then the subject must be included and must equal
                the provided claim.
            access_token (str): An access token string. If the "at_hash" claim is included in the
                claim set, then the access_token must be included, and it must match
                the "at_hash" claim.
            options (dict): A dictionary of options for skipping validation steps.
    
                defaults = {
                    'verify_signature': True,
                    'verify_aud': True,
                    'verify_iat': True,
                    'verify_exp': True,
                    'verify_nbf': True,
                    'verify_iss': True,
                    'verify_sub': True,
                    'verify_jti': True,
                    'verify_at_hash': True,
                    'require_aud': False,
                    'require_iat': False,
                    'require_exp': False,
                    'require_nbf': False,
                    'require_iss': False,
                    'require_sub': False,
                    'require_jti': False,
                    'require_at_hash': False,
                    'leeway': 0,
                }
    
        Returns:
            dict: The dict representation of the claims set, assuming the signature is valid
                and all requested data validation passes.
    
        Raises:
            JWTError: If the signature is invalid in any way.
            ExpiredSignatureError: If the signature has expired.
            JWTClaimsError: If any claim is invalid in any way.
    
        Examples:
    
            >>> payload = 'eyJhbGciOiJIUzI1NiIsInR5cCI6IkpXVCJ9.eyJhIjoiYiJ9.jiMyrsmD8AoHWeQgmxZ5yq8z0lXS67_QGs52AzC8Ru8'
            >>> jwt.decode(payload, 'secret', algorithms='HS256')
    
        """
    
        defaults = {
            "verify_signature": True,
            "verify_aud": True,
            "verify_iat": True,
            "verify_exp": True,
            "verify_nbf": True,
            "verify_iss": True,
            "verify_sub": True,
            "verify_jti": True,
            "verify_at_hash": True,
            "require_aud": False,
            "require_iat": False,
            "require_exp": False,
            "require_nbf": False,
            "require_iss": False,
            "require_sub": False,
            "require_jti": False,
            "require_at_hash": False,
            "leeway": 0,
        }
    
        if options:
            defaults.update(options)
    
        verify_signature = defaults.get("verify_signature", True)
    
        try:
            payload = jws.verify(token, key, algorithms, verify=verify_signature)
        except JWSError as e:
            raise JWTError(e)
    
        # Needed for at_hash verification
        algorithm = jws.get_unverified_header(token)["alg"]
    
        try:
>           claims = json.loads(payload.decode("utf-8"))
                                ^^^^^^^^^^^^^^
E           AttributeError: 'NoneType' object has no attribute 'decode'

venv/lib/python3.12/site-packages/jose/jwt.py:162: AttributeError
________________ test_jwt_decode_with_audience_checks_aud_claim ________________

    def test_jwt_decode_with_audience_checks_aud_claim():
        """Asserts that jwt.decode validates the aud claim when audience is provided."""
        payload = {'sub': '123', 'aud': 'test-audience'}
        secret = 'secret'
        token = jwt.encode(payload, secret, algorithm=Algorithms.HS256)
>       jwt.decode(token, secret, algorithms=[Algorithms.HS256], audience='test-audience')

tests/test_python_jose_unit.py:64: 
_ _ _ _ _ _ _ _ _ _ _ _ _ _ _ _ _ _ _ _ _ _ _ _ _ _ _ _ _ _ _ _ _ _ _ _ _ _ _ _ 

token = 'eyJhbGciOiJIUzI1NiIsInR5cCI6IkpXVCJ9.eyJzdWIiOiIxMjMiLCJhdWQiOiJ0ZXN0LWF1ZGllbmNlIn0.u4Ppk74N5rnHN9JOzZs2DGFQMp1nx12eBraPP3ToHtQ'
key = 'secret', algorithms = ['HS256'], options = None
audience = 'test-audience', issuer = None, subject = None, access_token = None

    def decode(token, key, algorithms=None, options=None, audience=None, issuer=None, subject=None, access_token=None):
        """Verifies a JWT string's signature and validates reserved claims.
    
        Args:
            token (str): A signed JWS to be verified.
            key (str or dict): A key to attempt to verify the payload with. Can be
                individual JWK or JWK set.
            algorithms (str or list): Valid algorithms that should be used to verify the JWS.
            audience (str): The intended audience of the token.  If the "aud" claim is
                included in the claim set, then the audience must be included and must equal
                the provided claim.
            issuer (str or iterable): Acceptable value(s) for the issuer of the token.
                If the "iss" claim is included in the claim set, then the issuer must be
                given and the claim in the token must be among the acceptable values.
            subject (str): The subject of the token.  If the "sub" claim is
                included in the claim set, then the subject must be included and must equal
                the provided claim.
            access_token (str): An access token string. If the "at_hash" claim is included in the
                claim set, then the access_token must be included, and it must match
                the "at_hash" claim.
            options (dict): A dictionary of options for skipping validation steps.
    
                defaults = {
                    'verify_signature': True,
                    'verify_aud': True,
                    'verify_iat': True,
                    'verify_exp': True,
                    'verify_nbf': True,
                    'verify_iss': True,
                    'verify_sub': True,
                    'verify_jti': True,
                    'verify_at_hash': True,
                    'require_aud': False,
                    'require_iat': False,
                    'require_exp': False,
                    'require_nbf': False,
                    'require_iss': False,
                    'require_sub': False,
                    'require_jti': False,
                    'require_at_hash': False,
                    'leeway': 0,
                }
    
        Returns:
            dict: The dict representation of the claims set, assuming the signature is valid
                and all requested data validation passes.
    
        Raises:
            JWTError: If the signature is invalid in any way.
            ExpiredSignatureError: If the signature has expired.
            JWTClaimsError: If any claim is invalid in any way.
    
        Examples:
    
            >>> payload = 'eyJhbGciOiJIUzI1NiIsInR5cCI6IkpXVCJ9.eyJhIjoiYiJ9.jiMyrsmD8AoHWeQgmxZ5yq8z0lXS67_QGs52AzC8Ru8'
            >>> jwt.decode(payload, 'secret', algorithms='HS256')
    
        """
    
        defaults = {
            "verify_signature": True,
            "verify_aud": True,
            "verify_iat": True,
            "verify_exp": True,
            "verify_nbf": True,
            "verify_iss": True,
            "verify_sub": True,
            "verify_jti": True,
            "verify_at_hash": True,
            "require_aud": False,
            "require_iat": False,
            "require_exp": False,
            "require_nbf": False,
            "require_iss": False,
            "require_sub": False,
            "require_jti": False,
            "require_at_hash": False,
            "leeway": 0,
        }
    
        if options:
            defaults.update(options)
    
        verify_signature = defaults.get("verify_signature", True)
    
        try:
            payload = jws.verify(token, key, algorithms, verify=verify_signature)
        except JWSError as e:
            raise JWTError(e)
    
        # Needed for at_hash verification
        algorithm = jws.get_unverified_header(token)["alg"]
    
        try:
>           claims = json.loads(payload.decode("utf-8"))
                                ^^^^^^^^^^^^^^
E           AttributeError: 'NoneType' object has no attribute 'decode'

venv/lib/python3.12/site-packages/jose/jwt.py:162: AttributeError
=========================== short test summary info ============================
FAILED tests/test_python_jose_unit.py::test_jwt_decode_with_valid_token_and_key_returns_claims
FAILED tests/test_python_jose_unit.py::test_jwt_decode_with_expired_token_raises_ExpiredSignatureError
FAILED tests/test_python_jose_unit.py::test_jwt_decode_with_audience_checks_aud_claim
3 failed, 5 passed in 0.23s
