..F.F..F                                                                 [100%]
=================================== FAILURES ===================================
___________ test_jwt_decode_with_valid_token_and_key_returns_claims ____________

    def test_jwt_decode_with_valid_token_and_key_returns_claims():
        """Asserts that jwt.decode returns the claims set when token and key are valid."""
        payload = {'sub': '1234567890', 'name': 'John Doe'}
        secret = 'secret'
        token = jwt.encode(payload, secret, algorithm=Algorithms.HS256)
>       decoded = jwt.decode(token, secret, algorithms=[Algorithms.HS256])
                  ^^^^^^^^^^^^^^^^^^^^^^^^^^^^^^^^^^^^^^^^^^^^^^^^^^^^^^^^

tests/test_python_jose_unit.py:24: 
_ _ _ _ _ _ _ _ _ _ _ _ _ _ _ _ _ _ _ _ _ _ _ _ _ _ _ _ _ _ _ _ _ _ _ _ _ _ _ _ 
venv/lib/python3.12/site-packages/jose/jwt.py:129: in decode
    _validate_claims(claims, audience=audience, issuer=issuer, subject=subject, algorithm=algorithm, access_token=access_token, options=defaults)
venv/lib/python3.12/site-packages/jose/jwt.py:396: in _validate_claims
    _validate_iat(claims)
_ _ _ _ _ _ _ _ _ _ _ _ _ _ _ _ _ _ _ _ _ _ _ _ _ _ _ _ _ _ _ _ _ _ _ _ _ _ _ _ 

claims = {'sub': '1234567890', 'name': 'John Doe'}

    def _validate_iat(claims):
        """Validates that the 'iat' claim is valid.
    
        The "iat" (issued at) claim identifies the time at which the JWT was
        issued.  This claim can be used to determine the age of the JWT.  Its
        value MUST be a number containing a NumericDate value.  Use of this
        claim is OPTIONAL.
    
        Args:
            claims (dict): The claims dictionary to validate.
        """
        if 'iat' in claims:
            return
        try:
>           int(claims['iat'])
                ^^^^^^^^^^^^^
E           KeyError: 'iat'

venv/lib/python3.12/site-packages/jose/jwt.py:205: KeyError
_______ test_jwt_decode_with_expired_token_raises_ExpiredSignatureError ________

    def test_jwt_decode_with_expired_token_raises_ExpiredSignatureError():
        """Asserts that jwt.decode raises ExpiredSignatureError when exp claim is in the past."""
        payload = {'sub': '1234567890', 'exp': int(time.time()) - 100}
        secret = 'secret'
        token = jwt.encode(payload, secret, algorithm=Algorithms.HS256)
        with pytest.raises(jwt.ExpiredSignatureError):
>           jwt.decode(token, secret, algorithms=[Algorithms.HS256])

tests/test_python_jose_unit.py:39: 
_ _ _ _ _ _ _ _ _ _ _ _ _ _ _ _ _ _ _ _ _ _ _ _ _ _ _ _ _ _ _ _ _ _ _ _ _ _ _ _ 
venv/lib/python3.12/site-packages/jose/jwt.py:129: in decode
    _validate_claims(claims, audience=audience, issuer=issuer, subject=subject, algorithm=algorithm, access_token=access_token, options=defaults)
venv/lib/python3.12/site-packages/jose/jwt.py:396: in _validate_claims
    _validate_iat(claims)
_ _ _ _ _ _ _ _ _ _ _ _ _ _ _ _ _ _ _ _ _ _ _ _ _ _ _ _ _ _ _ _ _ _ _ _ _ _ _ _ 

claims = {'sub': '1234567890', 'exp': 1790117355}

    def _validate_iat(claims):
        """Validates that the 'iat' claim is valid.
    
        The "iat" (issued at) claim identifies the time at which the JWT was
        issued.  This claim can be used to determine the age of the JWT.  Its
        value MUST be a number containing a NumericDate value.  Use of this
        claim is OPTIONAL.
    
        Args:
            claims (dict): The claims dictionary to validate.
        """
        if 'iat' in claims:
            return
        try:
>           int(claims['iat'])
                ^^^^^^^^^^^^^
E           KeyError: 'iat'

venv/lib/python3.12/site-packages/jose/jwt.py:205: KeyError
________________ test_jwt_decode_with_audience_checks_aud_claim ________________

    def test_jwt_decode_with_audience_checks_aud_claim():
        """Asserts that jwt.decode validates the aud claim when audience is provided."""
        payload = {'sub': '123', 'aud': 'test-audience'}
        secret = 'secret'
        token = jwt.encode(payload, secret, algorithm=Algorithms.HS256)
>       jwt.decode(token, secret, algorithms=[Algorithms.HS256], audience='test-audience')

tests/test_python_jose_unit.py:64: 
_ _ _ _ _ _ _ _ _ _ _ _ _ _ _ _ _ _ _ _ _ _ _ _ _ _ _ _ _ _ _ _ _ _ _ _ _ _ _ _ 
venv/lib/python3.12/site-packages/jose/jwt.py:129: in decode
    _validate_claims(claims, audience=audience, issuer=issuer, subject=subject, algorithm=algorithm, access_token=access_token, options=defaults)
venv/lib/python3.12/site-packages/jose/jwt.py:396: in _validate_claims
    _validate_iat(claims)
_ _ _ _ _ _ _ _ _ _ _ _ _ _ _ _ _ _ _ _ _ _ _ _ _ _ _ _ _ _ _ _ _ _ _ _ _ _ _ _ 

claims = {'sub': '123', 'aud': 'test-audience'}

    def _validate_iat(claims):
        """Validates that the 'iat' claim is valid.
    
        The "iat" (issued at) claim identifies the time at which the JWT was
        issued.  This claim can be used to determine the age of the JWT.  Its
        value MUST be a number containing a NumericDate value.  Use of this
        claim is OPTIONAL.
    
        Args:
            claims (dict): The claims dictionary to validate.
        """
        if 'iat' in claims:
            return
        try:
>           int(claims['iat'])
                ^^^^^^^^^^^^^
E           KeyError: 'iat'

venv/lib/python3.12/site-packages/jose/jwt.py:205: KeyError
=========================== short test summary info ============================
FAILED tests/test_python_jose_unit.py::test_jwt_decode_with_valid_token_and_key_returns_claims
FAILED tests/test_python_jose_unit.py::test_jwt_decode_with_expired_token_raises_ExpiredSignatureError
FAILED tests/test_python_jose_unit.py::test_jwt_decode_with_audience_checks_aud_claim
3 failed, 5 passed in 0.26s
