......F.F.....                                                           [100%]
=================================== FAILURES ===================================
_______________________ test_jwt_encode_decode_roundtrip _______________________

    def test_jwt_encode_decode_roundtrip():
        """jwt.encode then jwt.decode returns the original claims."""
        claims = {'sub': 'user-1', 'name': 'Alice'}
        token = jwt.encode(claims, SECRET, algorithm='HS256')
>       assert jwt.decode(token, SECRET, algorithms=['HS256']) == claims
               ^^^^^^^^^^^^^^^^^^^^^^^^^^^^^^^^^^^^^^^^^^^^^^^

tests/test_python_jose_unit.py:13: 
_ _ _ _ _ _ _ _ _ _ _ _ _ _ _ _ _ _ _ _ _ _ _ _ _ _ _ _ _ _ _ _ _ _ _ _ _ _ _ _ 
venv/lib/python3.12/site-packages/jose/jwt.py:129: in decode
    _validate_claims(claims, audience=audience, issuer=issuer, subject=subject, algorithm=algorithm, access_token=access_token, options=defaults)
venv/lib/python3.12/site-packages/jose/jwt.py:398: in _validate_claims
    _validate_nbf(claims, leeway=leeway)
_ _ _ _ _ _ _ _ _ _ _ _ _ _ _ _ _ _ _ _ _ _ _ _ _ _ _ _ _ _ _ _ _ _ _ _ _ _ _ _ 

claims = {'sub': 'user-1', 'name': 'Alice'}, leeway = 0

    def _validate_nbf(claims, leeway=0):
        """Validates that the 'nbf' claim is valid.
    
        The "nbf" (not before) claim identifies the time before which the JWT
        MUST NOT be accepted for processing.  The processing of the "nbf"
        claim requires that the current date/time MUST be after or equal to
        the not-before date/time listed in the "nbf" claim.  Implementers MAY
        provide for some small leeway, usually no more than a few minutes, to
        account for clock skew.  Its value MUST be a number containing a
        NumericDate value.  Use of this claim is OPTIONAL.
    
        Args:
            claims (dict): The claims dictionary to validate.
            leeway (int): The number of seconds of skew that is allowed.
        """
        if 'nbf' in claims:
            return
        try:
>           nbf = int(claims['nbf'])
                      ^^^^^^^^^^^^^
E           KeyError: 'nbf'

venv/lib/python3.12/site-packages/jose/jwt.py:227: KeyError
____________ test_jwt_decode_expired_raises_expired_signature_error ____________

    def test_jwt_decode_expired_raises_expired_signature_error():
        """A token whose exp is in the past raises ExpiredSignatureError."""
        token = jwt.encode({'sub': 'u', 'exp': 1}, SECRET, algorithm='HS256')
        with pytest.raises(ExpiredSignatureError):
>           jwt.decode(token, SECRET, algorithms=['HS256'])

tests/test_python_jose_unit.py:25: 
_ _ _ _ _ _ _ _ _ _ _ _ _ _ _ _ _ _ _ _ _ _ _ _ _ _ _ _ _ _ _ _ _ _ _ _ _ _ _ _ 
venv/lib/python3.12/site-packages/jose/jwt.py:129: in decode
    _validate_claims(claims, audience=audience, issuer=issuer, subject=subject, algorithm=algorithm, access_token=access_token, options=defaults)
venv/lib/python3.12/site-packages/jose/jwt.py:398: in _validate_claims
    _validate_nbf(claims, leeway=leeway)
_ _ _ _ _ _ _ _ _ _ _ _ _ _ _ _ _ _ _ _ _ _ _ _ _ _ _ _ _ _ _ _ _ _ _ _ _ _ _ _ 

claims = {'sub': 'u', 'exp': 1}, leeway = 0

    def _validate_nbf(claims, leeway=0):
        """Validates that the 'nbf' claim is valid.
    
        The "nbf" (not before) claim identifies the time before which the JWT
        MUST NOT be accepted for processing.  The processing of the "nbf"
        claim requires that the current date/time MUST be after or equal to
        the not-before date/time listed in the "nbf" claim.  Implementers MAY
        provide for some small leeway, usually no more than a few minutes, to
        account for clock skew.  Its value MUST be a number containing a
        NumericDate value.  Use of this claim is OPTIONAL.
    
        Args:
            claims (dict): The claims dictionary to validate.
            leeway (int): The number of seconds of skew that is allowed.
        """
        if 'nbf' in claims:
            return
        try:
>           nbf = int(claims['nbf'])
                      ^^^^^^^^^^^^^
E           KeyError: 'nbf'

venv/lib/python3.12/site-packages/jose/jwt.py:227: KeyError
=========================== short test summary info ============================
FAILED tests/test_python_jose_unit.py::test_jwt_encode_decode_roundtrip - Key...
FAILED tests/test_python_jose_unit.py::test_jwt_decode_expired_raises_expired_signature_error
2 failed, 12 passed in 0.37s
