FF....FFFFFFF.                                                           [100%]
=================================== FAILURES ===================================
_______________________ test_PYSEC_2025_185_fix_pinning ________________________

    def test_PYSEC_2025_185_fix_pinning():
        """A JWE whose compressed payload expands beyond the size limit must be rejected with JWEError."""
        token = _make_token(zlib.compress(b'A' * (300 * 1024)))
        with pytest.raises(JWEError):
>           jwe.decrypt(token, KEY)

tests/test_python_jose_cve_cve_2024_29370.py:24: 
_ _ _ _ _ _ _ _ _ _ _ _ _ _ _ _ _ _ _ _ _ _ _ _ _ _ _ _ _ _ _ _ _ _ _ _ _ _ _ _ 
venv/lib/python3.12/site-packages/jose/jwe.py:138: in decrypt
    cek_bytes = _get_key_bytes_from_key(key)
                ^^^^^^^^^^^^^^^^^^^^^^^^^^^^
venv/lib/python3.12/site-packages/jose/jwe.py:521: in _get_key_bytes_from_key
    jwk_data = key.to_dict()
               ^^^^^^^^^^^^^
venv/lib/python3.12/site-packages/jose/backends/base.py:88: in to_dict
    "k": base64url_encode(self._key),
         ^^^^^^^^^^^^^^^^^^^^^^^^^^^
venv/lib/python3.12/site-packages/jose/utils.py:74: in base64url_encode
    return base64.urlsafe_b64encode(input).replace(b'=', b'')
           ^^^^^^^^^^^^^^^^^^^^^^^^^^^^^^^
/usr/local/lib/python3.12/base64.py:119: in urlsafe_b64encode
    return b64encode(s).translate(_urlsafe_encode_translation)
           ^^^^^^^^^^^^
_ _ _ _ _ _ _ _ _ _ _ _ _ _ _ _ _ _ _ _ _ _ _ _ _ _ _ _ _ _ _ _ _ _ _ _ _ _ _ _ 

s = None, altchars = None

    def b64encode(s, altchars=None):
        """Encode the bytes-like object s using Base64 and return a bytes object.
    
        Optional altchars should be a byte string of length 2 which specifies an
        alternative alphabet for the '+' and '/' characters.  This allows an
        application to e.g. generate url or filesystem safe Base64 strings.
        """
>       encoded = binascii.b2a_base64(s, newline=False)
                  ^^^^^^^^^^^^^^^^^^^^^^^^^^^^^^^^^^^^^
E       TypeError: a bytes-like object is required, not 'NoneType'

/usr/local/lib/python3.12/base64.py:58: TypeError
_________________________ test_PYSEC_2025_185_exposure _________________________

    def test_PYSEC_2025_185_exposure():
        """Same oversized compressed JWE through the app's jwe.decrypt call pattern must raise JWEError."""
        token = _make_token(zlib.compress(b'B' * (300 * 1024)))
        with pytest.raises(JWEError):
>           jwe.decrypt(token, KEY)

tests/test_python_jose_cve_cve_2024_29370.py:30: 
_ _ _ _ _ _ _ _ _ _ _ _ _ _ _ _ _ _ _ _ _ _ _ _ _ _ _ _ _ _ _ _ _ _ _ _ _ _ _ _ 
venv/lib/python3.12/site-packages/jose/jwe.py:138: in decrypt
    cek_bytes = _get_key_bytes_from_key(key)
                ^^^^^^^^^^^^^^^^^^^^^^^^^^^^
venv/lib/python3.12/site-packages/jose/jwe.py:521: in _get_key_bytes_from_key
    jwk_data = key.to_dict()
               ^^^^^^^^^^^^^
venv/lib/python3.12/site-packages/jose/backends/base.py:88: in to_dict
    "k": base64url_encode(self._key),
         ^^^^^^^^^^^^^^^^^^^^^^^^^^^
venv/lib/python3.12/site-packages/jose/utils.py:74: in base64url_encode
    return base64.urlsafe_b64encode(input).replace(b'=', b'')
           ^^^^^^^^^^^^^^^^^^^^^^^^^^^^^^^
/usr/local/lib/python3.12/base64.py:119: in urlsafe_b64encode
    return b64encode(s).translate(_urlsafe_encode_translation)
           ^^^^^^^^^^^^
_ _ _ _ _ _ _ _ _ _ _ _ _ _ _ _ _ _ _ _ _ _ _ _ _ _ _ _ _ _ _ _ _ _ _ _ _ _ _ _ 

s = None, altchars = None

    def b64encode(s, altchars=None):
        """Encode the bytes-like object s using Base64 and return a bytes object.
    
        Optional altchars should be a byte string of length 2 which specifies an
        alternative alphabet for the '+' and '/' characters.  This allows an
        application to e.g. generate url or filesystem safe Base64 strings.
        """
>       encoded = binascii.b2a_base64(s, newline=False)
                  ^^^^^^^^^^^^^^^^^^^^^^^^^^^^^^^^^^^^^
E       TypeError: a bytes-like object is required, not 'NoneType'

/usr/local/lib/python3.12/base64.py:58: TypeError
____________________ test_jwt_encode_decode_roundtrip_hmac _____________________

encoded_header = b'eyJhbGciOiJIUzI1NiIsInR5cCI6IkpXVCJ9'
encoded_claims = b'eyJzdWIiOiJ1c2VyLTEiLCJkYXRhIjoiYWJjIn0', algorithm = 'HS256'
key = <jose.backends.cryptography_backend.CryptographyHMACKey object at 0x7f3cdaf8dbe0>

    def _sign_header_and_claims(encoded_header, encoded_claims, algorithm, key):
        signing_input = b".".join([encoded_header, encoded_claims])
        try:
            if not isinstance(key, Key):
                key = jwk.construct(key, algorithm)
>           signature = key.sign(signing_input)
                        ^^^^^^^^^^^^^^^^^^^^^^^

venv/lib/python3.12/site-packages/jose/jws.py:165: 
_ _ _ _ _ _ _ _ _ _ _ _ _ _ _ _ _ _ _ _ _ _ _ _ _ _ _ _ _ _ _ _ _ _ _ _ _ _ _ _ 

self = <jose.backends.cryptography_backend.CryptographyHMACKey object at 0x7f3cdaf8dbe0>
msg = None

    def sign(self, msg):
        msg = ensure_binary(msg)
        h = hmac.HMAC(self.prepared_key, self._hash_alg, backend=default_backend())
>       h.update(msg)
E       TypeError: Cannot convert "<class 'NoneType'>" instance to a buffer.
E       while processing 'data'

venv/lib/python3.12/site-packages/jose/backends/cryptography_backend.py:595: TypeError

During handling of the above exception, another exception occurred:

    def test_jwt_encode_decode_roundtrip_hmac():
        """jwt.encode then jwt.decode with the same key returns the original claims."""
        claims = {'sub': 'user-1', 'data': 'abc'}
>       token = jwt.encode(claims, SECRET, algorithm=Algorithms.HS256)
                ^^^^^^^^^^^^^^^^^^^^^^^^^^^^^^^^^^^^^^^^^^^^^^^^^^^^^^

tests/test_python_jose_unit.py:16: 
_ _ _ _ _ _ _ _ _ _ _ _ _ _ _ _ _ _ _ _ _ _ _ _ _ _ _ _ _ _ _ _ _ _ _ _ _ _ _ _ 
venv/lib/python3.12/site-packages/jose/jwt.py:65: in encode
    return jws.sign(claims, key, headers=headers, algorithm=algorithm)
           ^^^^^^^^^^^^^^^^^^^^^^^^^^^^^^^^^^^^^^^^^^^^^^^^^^^^^^^^^^^
venv/lib/python3.12/site-packages/jose/jws.py:47: in sign
    signed_output = _sign_header_and_claims(encoded_header, encoded_payload, algorithm, key)
                    ^^^^^^^^^^^^^^^^^^^^^^^^^^^^^^^^^^^^^^^^^^^^^^^^^^^^^^^^^^^^^^^^^^^^^^^^
_ _ _ _ _ _ _ _ _ _ _ _ _ _ _ _ _ _ _ _ _ _ _ _ _ _ _ _ _ _ _ _ _ _ _ _ _ _ _ _ 

encoded_header = b'eyJhbGciOiJIUzI1NiIsInR5cCI6IkpXVCJ9'
encoded_claims = b'eyJzdWIiOiJ1c2VyLTEiLCJkYXRhIjoiYWJjIn0', algorithm = 'HS256'
key = <jose.backends.cryptography_backend.CryptographyHMACKey object at 0x7f3cdaf8dbe0>

    def _sign_header_and_claims(encoded_header, encoded_claims, algorithm, key):
        signing_input = b".".join([encoded_header, encoded_claims])
        try:
            if not isinstance(key, Key):
                key = jwk.construct(key, algorithm)
            signature = key.sign(signing_input)
        except Exception as e:
>           raise JWSError(e)
E           jose.exceptions.JWSError: Cannot convert "<class 'NoneType'>" instance to a buffer.

venv/lib/python3.12/site-packages/jose/jws.py:167: JWSError
__________________ test_jwt_decode_wrong_key_raises_jwt_error __________________

encoded_header = b'eyJhbGciOiJIUzI1NiIsInR5cCI6IkpXVCJ9'
encoded_claims = b'eyJzdWIiOiJ4In0', algorithm = 'HS256'
key = <jose.backends.cryptography_backend.CryptographyHMACKey object at 0x7f3cda9ffad0>

    def _sign_header_and_claims(encoded_header, encoded_claims, algorithm, key):
        signing_input = b".".join([encoded_header, encoded_claims])
        try:
            if not isinstance(key, Key):
                key = jwk.construct(key, algorithm)
>           signature = key.sign(signing_input)
                        ^^^^^^^^^^^^^^^^^^^^^^^

venv/lib/python3.12/site-packages/jose/jws.py:165: 
_ _ _ _ _ _ _ _ _ _ _ _ _ _ _ _ _ _ _ _ _ _ _ _ _ _ _ _ _ _ _ _ _ _ _ _ _ _ _ _ 

self = <jose.backends.cryptography_backend.CryptographyHMACKey object at 0x7f3cda9ffad0>
msg = None

    def sign(self, msg):
        msg = ensure_binary(msg)
        h = hmac.HMAC(self.prepared_key, self._hash_alg, backend=default_backend())
>       h.update(msg)
E       TypeError: Cannot convert "<class 'NoneType'>" instance to a buffer.
E       while processing 'data'

venv/lib/python3.12/site-packages/jose/backends/cryptography_backend.py:595: TypeError

During handling of the above exception, another exception occurred:

    def test_jwt_decode_wrong_key_raises_jwt_error():
        """Decoding a token with the wrong key raises JWTError."""
>       token = jwt.encode({'sub': 'x'}, SECRET, algorithm=Algorithms.HS256)
                ^^^^^^^^^^^^^^^^^^^^^^^^^^^^^^^^^^^^^^^^^^^^^^^^^^^^^^^^^^^^

tests/test_python_jose_unit.py:21: 
_ _ _ _ _ _ _ _ _ _ _ _ _ _ _ _ _ _ _ _ _ _ _ _ _ _ _ _ _ _ _ _ _ _ _ _ _ _ _ _ 
venv/lib/python3.12/site-packages/jose/jwt.py:65: in encode
    return jws.sign(claims, key, headers=headers, algorithm=algorithm)
           ^^^^^^^^^^^^^^^^^^^^^^^^^^^^^^^^^^^^^^^^^^^^^^^^^^^^^^^^^^^
venv/lib/python3.12/site-packages/jose/jws.py:47: in sign
    signed_output = _sign_header_and_claims(encoded_header, encoded_payload, algorithm, key)
                    ^^^^^^^^^^^^^^^^^^^^^^^^^^^^^^^^^^^^^^^^^^^^^^^^^^^^^^^^^^^^^^^^^^^^^^^^
_ _ _ _ _ _ _ _ _ _ _ _ _ _ _ _ _ _ _ _ _ _ _ _ _ _ _ _ _ _ _ _ _ _ _ _ _ _ _ _ 

encoded_header = b'eyJhbGciOiJIUzI1NiIsInR5cCI6IkpXVCJ9'
encoded_claims = b'eyJzdWIiOiJ4In0', algorithm = 'HS256'
key = <jose.backends.cryptography_backend.CryptographyHMACKey object at 0x7f3cda9ffad0>

    def _sign_header_and_claims(encoded_header, encoded_claims, algorithm, key):
        signing_input = b".".join([encoded_header, encoded_claims])
        try:
            if not isinstance(key, Key):
                key = jwk.construct(key, algorithm)
            signature = key.sign(signing_input)
        except Exception as e:
>           raise JWSError(e)
E           jose.exceptions.JWSError: Cannot convert "<class 'NoneType'>" instance to a buffer.

venv/lib/python3.12/site-packages/jose/jws.py:167: JWSError
____________ test_jwt_decode_expired_raises_expired_signature_error ____________

encoded_header = b'eyJhbGciOiJIUzI1NiIsInR5cCI6IkpXVCJ9'
encoded_claims = b'eyJleHAiOjE3ODkzMzYyMDJ9', algorithm = 'HS256'
key = <jose.backends.cryptography_backend.CryptographyHMACKey object at 0x7f3cdaf8ede0>

    def _sign_header_and_claims(encoded_header, encoded_claims, algorithm, key):
        signing_input = b".".join([encoded_header, encoded_claims])
        try:
            if not isinstance(key, Key):
                key = jwk.construct(key, algorithm)
>           signature = key.sign(signing_input)
                        ^^^^^^^^^^^^^^^^^^^^^^^

venv/lib/python3.12/site-packages/jose/jws.py:165: 
_ _ _ _ _ _ _ _ _ _ _ _ _ _ _ _ _ _ _ _ _ _ _ _ _ _ _ _ _ _ _ _ _ _ _ _ _ _ _ _ 

self = <jose.backends.cryptography_backend.CryptographyHMACKey object at 0x7f3cdaf8ede0>
msg = None

    def sign(self, msg):
        msg = ensure_binary(msg)
        h = hmac.HMAC(self.prepared_key, self._hash_alg, backend=default_backend())
>       h.update(msg)
E       TypeError: Cannot convert "<class 'NoneType'>" instance to a buffer.
E       while processing 'data'

venv/lib/python3.12/site-packages/jose/backends/cryptography_backend.py:595: TypeError

During handling of the above exception, another exception occurred:

    def test_jwt_decode_expired_raises_expired_signature_error():
        """A token whose exp is in the past raises ExpiredSignatureError."""
        past = int((datetime.datetime.now(datetime.timezone.utc) - datetime.timedelta(hours=1)).timestamp())
>       token = jwt.encode({'exp': past}, SECRET, algorithm=Algorithms.HS256)
                ^^^^^^^^^^^^^^^^^^^^^^^^^^^^^^^^^^^^^^^^^^^^^^^^^^^^^^^^^^^^^

tests/test_python_jose_unit.py:28: 
_ _ _ _ _ _ _ _ _ _ _ _ _ _ _ _ _ _ _ _ _ _ _ _ _ _ _ _ _ _ _ _ _ _ _ _ _ _ _ _ 
venv/lib/python3.12/site-packages/jose/jwt.py:65: in encode
    return jws.sign(claims, key, headers=headers, algorithm=algorithm)
           ^^^^^^^^^^^^^^^^^^^^^^^^^^^^^^^^^^^^^^^^^^^^^^^^^^^^^^^^^^^
venv/lib/python3.12/site-packages/jose/jws.py:47: in sign
    signed_output = _sign_header_and_claims(encoded_header, encoded_payload, algorithm, key)
                    ^^^^^^^^^^^^^^^^^^^^^^^^^^^^^^^^^^^^^^^^^^^^^^^^^^^^^^^^^^^^^^^^^^^^^^^^
_ _ _ _ _ _ _ _ _ _ _ _ _ _ _ _ _ _ _ _ _ _ _ _ _ _ _ _ _ _ _ _ _ _ _ _ _ _ _ _ 

encoded_header = b'eyJhbGciOiJIUzI1NiIsInR5cCI6IkpXVCJ9'
encoded_claims = b'eyJleHAiOjE3ODkzMzYyMDJ9', algorithm = 'HS256'
key = <jose.backends.cryptography_backend.CryptographyHMACKey object at 0x7f3cdaf8ede0>

    def _sign_header_and_claims(encoded_header, encoded_claims, algorithm, key):
        signing_input = b".".join([encoded_header, encoded_claims])
        try:
            if not isinstance(key, Key):
                key = jwk.construct(key, algorithm)
            signature = key.sign(signing_input)
        except Exception as e:
>           raise JWSError(e)
E           jose.exceptions.JWSError: Cannot convert "<class 'NoneType'>" instance to a buffer.

venv/lib/python3.12/site-packages/jose/jws.py:167: JWSError
__________ test_jwt_decode_audience_mismatch_raises_jwt_claims_error ___________

encoded_header = b'eyJhbGciOiJIUzI1NiIsInR5cCI6IkpXVCJ9'
encoded_claims = b'eyJhdWQiOiJhcHAtYSJ9', algorithm = 'HS256'
key = <jose.backends.cryptography_backend.CryptographyHMACKey object at 0x7f3cda9fd6d0>

    def _sign_header_and_claims(encoded_header, encoded_claims, algorithm, key):
        signing_input = b".".join([encoded_header, encoded_claims])
        try:
            if not isinstance(key, Key):
                key = jwk.construct(key, algorithm)
>           signature = key.sign(signing_input)
                        ^^^^^^^^^^^^^^^^^^^^^^^

venv/lib/python3.12/site-packages/jose/jws.py:165: 
_ _ _ _ _ _ _ _ _ _ _ _ _ _ _ _ _ _ _ _ _ _ _ _ _ _ _ _ _ _ _ _ _ _ _ _ _ _ _ _ 

self = <jose.backends.cryptography_backend.CryptographyHMACKey object at 0x7f3cda9fd6d0>
msg = None

    def sign(self, msg):
        msg = ensure_binary(msg)
        h = hmac.HMAC(self.prepared_key, self._hash_alg, backend=default_backend())
>       h.update(msg)
E       TypeError: Cannot convert "<class 'NoneType'>" instance to a buffer.
E       while processing 'data'

venv/lib/python3.12/site-packages/jose/backends/cryptography_backend.py:595: TypeError

During handling of the above exception, another exception occurred:

    def test_jwt_decode_audience_mismatch_raises_jwt_claims_error():
        """A token whose aud does not match the expected audience raises JWTClaimsError."""
>       token = jwt.encode({'aud': 'app-a'}, SECRET, algorithm=Algorithms.HS256)
                ^^^^^^^^^^^^^^^^^^^^^^^^^^^^^^^^^^^^^^^^^^^^^^^^^^^^^^^^^^^^^^^^

tests/test_python_jose_unit.py:34: 
_ _ _ _ _ _ _ _ _ _ _ _ _ _ _ _ _ _ _ _ _ _ _ _ _ _ _ _ _ _ _ _ _ _ _ _ _ _ _ _ 
venv/lib/python3.12/site-packages/jose/jwt.py:65: in encode
    return jws.sign(claims, key, headers=headers, algorithm=algorithm)
           ^^^^^^^^^^^^^^^^^^^^^^^^^^^^^^^^^^^^^^^^^^^^^^^^^^^^^^^^^^^
venv/lib/python3.12/site-packages/jose/jws.py:47: in sign
    signed_output = _sign_header_and_claims(encoded_header, encoded_payload, algorithm, key)
                    ^^^^^^^^^^^^^^^^^^^^^^^^^^^^^^^^^^^^^^^^^^^^^^^^^^^^^^^^^^^^^^^^^^^^^^^^
_ _ _ _ _ _ _ _ _ _ _ _ _ _ _ _ _ _ _ _ _ _ _ _ _ _ _ _ _ _ _ _ _ _ _ _ _ _ _ _ 

encoded_header = b'eyJhbGciOiJIUzI1NiIsInR5cCI6IkpXVCJ9'
encoded_claims = b'eyJhdWQiOiJhcHAtYSJ9', algorithm = 'HS256'
key = <jose.backends.cryptography_backend.CryptographyHMACKey object at 0x7f3cda9fd6d0>

    def _sign_header_and_claims(encoded_header, encoded_claims, algorithm, key):
        signing_input = b".".join([encoded_header, encoded_claims])
        try:
            if not isinstance(key, Key):
                key = jwk.construct(key, algorithm)
            signature = key.sign(signing_input)
        except Exception as e:
>           raise JWSError(e)
E           jose.exceptions.JWSError: Cannot convert "<class 'NoneType'>" instance to a buffer.

venv/lib/python3.12/site-packages/jose/jws.py:167: JWSError
______________ test_jwt_get_unverified_header_returns_alg_and_typ ______________

encoded_header = b'eyJhbGciOiJIUzI1NiIsInR5cCI6IkpXVCJ9'
encoded_claims = b'eyJzdWIiOiJ1In0', algorithm = 'HS256'
key = <jose.backends.cryptography_backend.CryptographyHMACKey object at 0x7f3cda9fcec0>

    def _sign_header_and_claims(encoded_header, encoded_claims, algorithm, key):
        signing_input = b".".join([encoded_header, encoded_claims])
        try:
            if not isinstance(key, Key):
                key = jwk.construct(key, algorithm)
>           signature = key.sign(signing_input)
                        ^^^^^^^^^^^^^^^^^^^^^^^

venv/lib/python3.12/site-packages/jose/jws.py:165: 
_ _ _ _ _ _ _ _ _ _ _ _ _ _ _ _ _ _ _ _ _ _ _ _ _ _ _ _ _ _ _ _ _ _ _ _ _ _ _ _ 

self = <jose.backends.cryptography_backend.CryptographyHMACKey object at 0x7f3cda9fcec0>
msg = None

    def sign(self, msg):
        msg = ensure_binary(msg)
        h = hmac.HMAC(self.prepared_key, self._hash_alg, backend=default_backend())
>       h.update(msg)
E       TypeError: Cannot convert "<class 'NoneType'>" instance to a buffer.
E       while processing 'data'

venv/lib/python3.12/site-packages/jose/backends/cryptography_backend.py:595: TypeError

During handling of the above exception, another exception occurred:

    def test_jwt_get_unverified_header_returns_alg_and_typ():
        """get_unverified_header returns the alg and typ of an encoded token."""
>       token = jwt.encode({'sub': 'u'}, SECRET, algorithm=Algorithms.HS256)
                ^^^^^^^^^^^^^^^^^^^^^^^^^^^^^^^^^^^^^^^^^^^^^^^^^^^^^^^^^^^^

tests/test_python_jose_unit.py:40: 
_ _ _ _ _ _ _ _ _ _ _ _ _ _ _ _ _ _ _ _ _ _ _ _ _ _ _ _ _ _ _ _ _ _ _ _ _ _ _ _ 
venv/lib/python3.12/site-packages/jose/jwt.py:65: in encode
    return jws.sign(claims, key, headers=headers, algorithm=algorithm)
           ^^^^^^^^^^^^^^^^^^^^^^^^^^^^^^^^^^^^^^^^^^^^^^^^^^^^^^^^^^^
venv/lib/python3.12/site-packages/jose/jws.py:47: in sign
    signed_output = _sign_header_and_claims(encoded_header, encoded_payload, algorithm, key)
                    ^^^^^^^^^^^^^^^^^^^^^^^^^^^^^^^^^^^^^^^^^^^^^^^^^^^^^^^^^^^^^^^^^^^^^^^^
_ _ _ _ _ _ _ _ _ _ _ _ _ _ _ _ _ _ _ _ _ _ _ _ _ _ _ _ _ _ _ _ _ _ _ _ _ _ _ _ 

encoded_header = b'eyJhbGciOiJIUzI1NiIsInR5cCI6IkpXVCJ9'
encoded_claims = b'eyJzdWIiOiJ1In0', algorithm = 'HS256'
key = <jose.backends.cryptography_backend.CryptographyHMACKey object at 0x7f3cda9fcec0>

    def _sign_header_and_claims(encoded_header, encoded_claims, algorithm, key):
        signing_input = b".".join([encoded_header, encoded_claims])
        try:
            if not isinstance(key, Key):
                key = jwk.construct(key, algorithm)
            signature = key.sign(signing_input)
        except Exception as e:
>           raise JWSError(e)
E           jose.exceptions.JWSError: Cannot convert "<class 'NoneType'>" instance to a buffer.

venv/lib/python3.12/site-packages/jose/jws.py:167: JWSError
______ test_jwt_get_unverified_claims_returns_claims_without_verification ______

encoded_header = b'eyJhbGciOiJIUzI1NiIsInR5cCI6IkpXVCJ9'
encoded_claims = b'eyJzdWIiOiJ1IiwibiI6NDJ9', algorithm = 'HS256'
key = <jose.backends.cryptography_backend.CryptographyHMACKey object at 0x7f3cda9fdd30>

    def _sign_header_and_claims(encoded_header, encoded_claims, algorithm, key):
        signing_input = b".".join([encoded_header, encoded_claims])
        try:
            if not isinstance(key, Key):
                key = jwk.construct(key, algorithm)
>           signature = key.sign(signing_input)
                        ^^^^^^^^^^^^^^^^^^^^^^^

venv/lib/python3.12/site-packages/jose/jws.py:165: 
_ _ _ _ _ _ _ _ _ _ _ _ _ _ _ _ _ _ _ _ _ _ _ _ _ _ _ _ _ _ _ _ _ _ _ _ _ _ _ _ 

self = <jose.backends.cryptography_backend.CryptographyHMACKey object at 0x7f3cda9fdd30>
msg = None

    def sign(self, msg):
        msg = ensure_binary(msg)
        h = hmac.HMAC(self.prepared_key, self._hash_alg, backend=default_backend())
>       h.update(msg)
E       TypeError: Cannot convert "<class 'NoneType'>" instance to a buffer.
E       while processing 'data'

venv/lib/python3.12/site-packages/jose/backends/cryptography_backend.py:595: TypeError

During handling of the above exception, another exception occurred:

    def test_jwt_get_unverified_claims_returns_claims_without_verification():
        """get_unverified_claims returns the claims even for an unverified token."""
>       token = jwt.encode({'sub': 'u', 'n': 42}, SECRET, algorithm=Algorithms.HS256)
                ^^^^^^^^^^^^^^^^^^^^^^^^^^^^^^^^^^^^^^^^^^^^^^^^^^^^^^^^^^^^^^^^^^^^^

tests/test_python_jose_unit.py:47: 
_ _ _ _ _ _ _ _ _ _ _ _ _ _ _ _ _ _ _ _ _ _ _ _ _ _ _ _ _ _ _ _ _ _ _ _ _ _ _ _ 
venv/lib/python3.12/site-packages/jose/jwt.py:65: in encode
    return jws.sign(claims, key, headers=headers, algorithm=algorithm)
           ^^^^^^^^^^^^^^^^^^^^^^^^^^^^^^^^^^^^^^^^^^^^^^^^^^^^^^^^^^^
venv/lib/python3.12/site-packages/jose/jws.py:47: in sign
    signed_output = _sign_header_and_claims(encoded_header, encoded_payload, algorithm, key)
                    ^^^^^^^^^^^^^^^^^^^^^^^^^^^^^^^^^^^^^^^^^^^^^^^^^^^^^^^^^^^^^^^^^^^^^^^^
_ _ _ _ _ _ _ _ _ _ _ _ _ _ _ _ _ _ _ _ _ _ _ _ _ _ _ _ _ _ _ _ _ _ _ _ _ _ _ _ 

encoded_header = b'eyJhbGciOiJIUzI1NiIsInR5cCI6IkpXVCJ9'
encoded_claims = b'eyJzdWIiOiJ1IiwibiI6NDJ9', algorithm = 'HS256'
key = <jose.backends.cryptography_backend.CryptographyHMACKey object at 0x7f3cda9fdd30>

    def _sign_header_and_claims(encoded_header, encoded_claims, algorithm, key):
        signing_input = b".".join([encoded_header, encoded_claims])
        try:
            if not isinstance(key, Key):
                key = jwk.construct(key, algorithm)
            signature = key.sign(signing_input)
        except Exception as e:
>           raise JWSError(e)
E           jose.exceptions.JWSError: Cannot convert "<class 'NoneType'>" instance to a buffer.

venv/lib/python3.12/site-packages/jose/jws.py:167: JWSError
________________________ test_jws_sign_verify_roundtrip ________________________

encoded_header = b'eyJhbGciOiJIUzI1NiIsInR5cCI6IkpXVCJ9'
encoded_claims = b'aGVsbG8gandz', algorithm = 'HS256'
key = <jose.backends.cryptography_backend.CryptographyHMACKey object at 0x7f3cdb10d070>

    def _sign_header_and_claims(encoded_header, encoded_claims, algorithm, key):
        signing_input = b".".join([encoded_header, encoded_claims])
        try:
            if not isinstance(key, Key):
                key = jwk.construct(key, algorithm)
>           signature = key.sign(signing_input)
                        ^^^^^^^^^^^^^^^^^^^^^^^

venv/lib/python3.12/site-packages/jose/jws.py:165: 
_ _ _ _ _ _ _ _ _ _ _ _ _ _ _ _ _ _ _ _ _ _ _ _ _ _ _ _ _ _ _ _ _ _ _ _ _ _ _ _ 

self = <jose.backends.cryptography_backend.CryptographyHMACKey object at 0x7f3cdb10d070>
msg = None

    def sign(self, msg):
        msg = ensure_binary(msg)
        h = hmac.HMAC(self.prepared_key, self._hash_alg, backend=default_backend())
>       h.update(msg)
E       TypeError: Cannot convert "<class 'NoneType'>" instance to a buffer.
E       while processing 'data'

venv/lib/python3.12/site-packages/jose/backends/cryptography_backend.py:595: TypeError

During handling of the above exception, another exception occurred:

    def test_jws_sign_verify_roundtrip():
        """jws.sign then jws.verify returns the original payload."""
        payload = b'hello jws'
>       token = jws.sign(payload, SECRET, algorithm=Algorithms.HS256)
                ^^^^^^^^^^^^^^^^^^^^^^^^^^^^^^^^^^^^^^^^^^^^^^^^^^^^^

tests/test_python_jose_unit.py:53: 
_ _ _ _ _ _ _ _ _ _ _ _ _ _ _ _ _ _ _ _ _ _ _ _ _ _ _ _ _ _ _ _ _ _ _ _ _ _ _ _ 
venv/lib/python3.12/site-packages/jose/jws.py:47: in sign
    signed_output = _sign_header_and_claims(encoded_header, encoded_payload, algorithm, key)
                    ^^^^^^^^^^^^^^^^^^^^^^^^^^^^^^^^^^^^^^^^^^^^^^^^^^^^^^^^^^^^^^^^^^^^^^^^
_ _ _ _ _ _ _ _ _ _ _ _ _ _ _ _ _ _ _ _ _ _ _ _ _ _ _ _ _ _ _ _ _ _ _ _ _ _ _ _ 

encoded_header = b'eyJhbGciOiJIUzI1NiIsInR5cCI6IkpXVCJ9'
encoded_claims = b'aGVsbG8gandz', algorithm = 'HS256'
key = <jose.backends.cryptography_backend.CryptographyHMACKey object at 0x7f3cdb10d070>

    def _sign_header_and_claims(encoded_header, encoded_claims, algorithm, key):
        signing_input = b".".join([encoded_header, encoded_claims])
        try:
            if not isinstance(key, Key):
                key = jwk.construct(key, algorithm)
            signature = key.sign(signing_input)
        except Exception as e:
>           raise JWSError(e)
E           jose.exceptions.JWSError: Cannot convert "<class 'NoneType'>" instance to a buffer.

venv/lib/python3.12/site-packages/jose/jws.py:167: JWSError
=========================== short test summary info ============================
FAILED tests/test_python_jose_cve_cve_2024_29370.py::test_PYSEC_2025_185_fix_pinning
FAILED tests/test_python_jose_cve_cve_2024_29370.py::test_PYSEC_2025_185_exposure
FAILED tests/test_python_jose_unit.py::test_jwt_encode_decode_roundtrip_hmac
FAILED tests/test_python_jose_unit.py::test_jwt_decode_wrong_key_raises_jwt_error
FAILED tests/test_python_jose_unit.py::test_jwt_decode_expired_raises_expired_signature_error
FAILED tests/test_python_jose_unit.py::test_jwt_decode_audience_mismatch_raises_jwt_claims_error
FAILED tests/test_python_jose_unit.py::test_jwt_get_unverified_header_returns_alg_and_typ
FAILED tests/test_python_jose_unit.py::test_jwt_get_unverified_claims_returns_claims_without_verification
FAILED tests/test_python_jose_unit.py::test_jws_sign_verify_roundtrip - jose....
9 failed, 5 passed in 0.66s
