FF..FF.....                                                              [100%]
=================================== FAILURES ===================================
_______________________ test_pysec_2025_185_fix_pinning ________________________

self = <jose.backends.cryptography_backend.CryptographyAESKey object at 0x7f6f8580a780>
plain_text = b'x\x9c\xcbH\xcd\xc9\xc9W(\xcf/\xcaI\xc9\xa0=\x13\x00r\xd9+\x99'
aad = b'eyJhbGciOiJkaXIiLCJlbmMiOiJBMTI4R0NNIiwiemlwIjoiREVGIn0'

    def encrypt(self, plain_text, aad=None):
        plain_text = ensure_binary(plain_text)
        try:
>           iv = get_random_bytes(algorithms.AES.block_size // 8)
                 ^^^^^^^^^^^^^^^^^^^^^^^^^^^^^^^^^^^^^^^^^^^^^^^^

venv/lib/python3.12/site-packages/jose/backends/cryptography_backend.py:471: 
_ _ _ _ _ _ _ _ _ _ _ _ _ _ _ _ _ _ _ _ _ _ _ _ _ _ _ _ _ _ _ _ _ _ _ _ _ _ _ _ 

num_bytes = 16

    def get_random_bytes(num_bytes):
        """
        Get random bytes
    
        Currently, Cryptography returns OS random bytes. If you want OpenSSL
        generated random bytes, you'll have to switch the RAND engine after
        initializing the OpenSSL backend
        Args:
            num_bytes (int): Number of random bytes to generate and return
        Returns:
            bytes: Random bytes
        """
        global _binding
    
        if _binding is None:
            _binding = Binding()
    
        buf = _binding.ffi.new("char[]", num_bytes)
>       _binding.lib.RAND_bytes(buf, num_bytes)
        ^^^^^^^^^^^^^^^^^^^^^^^
E       AttributeError: module 'lib' has no attribute 'RAND_bytes'. Did you mean: 'RAND_status'?

venv/lib/python3.12/site-packages/jose/backends/cryptography_backend.py:43: AttributeError

During handling of the above exception, another exception occurred:

    def test_pysec_2025_185_fix_pinning():
        """jwe.decrypt must reject a JWE string longer than the size limit (JWEError)."""
>       token = _make_token()
                ^^^^^^^^^^^^^

tests/test_python_jose_cve_cve_2024_29370.py:22: 
_ _ _ _ _ _ _ _ _ _ _ _ _ _ _ _ _ _ _ _ _ _ _ _ _ _ _ _ _ _ _ _ _ _ _ _ _ _ _ _ 
tests/test_python_jose_cve_cve_2024_29370.py:17: in _make_token
    return jwe.encrypt(plaintext, KEY, algorithm="dir", encryption="A128GCM", zip="DEF")
           ^^^^^^^^^^^^^^^^^^^^^^^^^^^^^^^^^^^^^^^^^^^^^^^^^^^^^^^^^^^^^^^^^^^^^^^^^^^^^
venv/lib/python3.12/site-packages/jose/jwe.py:54: in encrypt
    enc_cek, iv, cipher_text, auth_tag = _encrypt_and_auth(key, algorithm, encryption, zip, plaintext, encoded_header)
                                         ^^^^^^^^^^^^^^^^^^^^^^^^^^^^^^^^^^^^^^^^^^^^^^^^^^^^^^^^^^^^^^^^^^^^^^^^^^^^^
venv/lib/python3.12/site-packages/jose/jwe.py:392: in _encrypt_and_auth
    iv, ciphertext, auth_tag = encryption_key.encrypt(plaintext, aad)
                               ^^^^^^^^^^^^^^^^^^^^^^^^^^^^^^^^^^^^^^
_ _ _ _ _ _ _ _ _ _ _ _ _ _ _ _ _ _ _ _ _ _ _ _ _ _ _ _ _ _ _ _ _ _ _ _ _ _ _ _ 

self = <jose.backends.cryptography_backend.CryptographyAESKey object at 0x7f6f8580a780>
plain_text = b'x\x9c\xcbH\xcd\xc9\xc9W(\xcf/\xcaI\xc9\xa0=\x13\x00r\xd9+\x99'
aad = b'eyJhbGciOiJkaXIiLCJlbmMiOiJBMTI4R0NNIiwiemlwIjoiREVGIn0'

    def encrypt(self, plain_text, aad=None):
        plain_text = ensure_binary(plain_text)
        try:
            iv = get_random_bytes(algorithms.AES.block_size // 8)
            mode = self._mode(iv)
            if mode.name == "GCM":
                cipher = aead.AESGCM(self._key)
                cipher_text_and_tag = cipher.encrypt(iv, plain_text, aad)
                cipher_text = cipher_text_and_tag[: len(cipher_text_and_tag) - 16]
                auth_tag = cipher_text_and_tag[-16:]
            else:
                cipher = Cipher(algorithms.AES(self._key), mode, backend=default_backend())
                encryptor = cipher.encryptor()
                padder = PKCS7(algorithms.AES.block_size).padder()
                padded_data = padder.update(plain_text)
                padded_data += padder.finalize()
                cipher_text = encryptor.update(padded_data) + encryptor.finalize()
                auth_tag = None
            return iv, cipher_text, auth_tag
        except Exception as e:
>           raise JWEError(e)
E           jose.exceptions.JWEError: module 'lib' has no attribute 'RAND_bytes'

venv/lib/python3.12/site-packages/jose/backends/cryptography_backend.py:488: JWEError
_________________________ test_pysec_2025_185_exposure _________________________

self = <jose.backends.cryptography_backend.CryptographyAESKey object at 0x7f6f8580a4b0>
plain_text = b'x\x9c\xcbH\xcd\xc9\xc9W(\xcf/\xcaI\xc9\xa0=\x13\x00r\xd9+\x99'
aad = b'eyJhbGciOiJkaXIiLCJlbmMiOiJBMTI4R0NNIiwiemlwIjoiREVGIn0'

    def encrypt(self, plain_text, aad=None):
        plain_text = ensure_binary(plain_text)
        try:
>           iv = get_random_bytes(algorithms.AES.block_size // 8)
                 ^^^^^^^^^^^^^^^^^^^^^^^^^^^^^^^^^^^^^^^^^^^^^^^^

venv/lib/python3.12/site-packages/jose/backends/cryptography_backend.py:471: 
_ _ _ _ _ _ _ _ _ _ _ _ _ _ _ _ _ _ _ _ _ _ _ _ _ _ _ _ _ _ _ _ _ _ _ _ _ _ _ _ 

num_bytes = 16

    def get_random_bytes(num_bytes):
        """
        Get random bytes
    
        Currently, Cryptography returns OS random bytes. If you want OpenSSL
        generated random bytes, you'll have to switch the RAND engine after
        initializing the OpenSSL backend
        Args:
            num_bytes (int): Number of random bytes to generate and return
        Returns:
            bytes: Random bytes
        """
        global _binding
    
        if _binding is None:
            _binding = Binding()
    
        buf = _binding.ffi.new("char[]", num_bytes)
>       _binding.lib.RAND_bytes(buf, num_bytes)
        ^^^^^^^^^^^^^^^^^^^^^^^
E       AttributeError: module 'lib' has no attribute 'RAND_bytes'. Did you mean: 'RAND_status'?

venv/lib/python3.12/site-packages/jose/backends/cryptography_backend.py:43: AttributeError

During handling of the above exception, another exception occurred:

    def test_pysec_2025_185_exposure():
        """Same oversized-token trigger as an application would pass to jwe.decrypt."""
>       token = _make_token()
                ^^^^^^^^^^^^^

tests/test_python_jose_cve_cve_2024_29370.py:35: 
_ _ _ _ _ _ _ _ _ _ _ _ _ _ _ _ _ _ _ _ _ _ _ _ _ _ _ _ _ _ _ _ _ _ _ _ _ _ _ _ 
tests/test_python_jose_cve_cve_2024_29370.py:17: in _make_token
    return jwe.encrypt(plaintext, KEY, algorithm="dir", encryption="A128GCM", zip="DEF")
           ^^^^^^^^^^^^^^^^^^^^^^^^^^^^^^^^^^^^^^^^^^^^^^^^^^^^^^^^^^^^^^^^^^^^^^^^^^^^^
venv/lib/python3.12/site-packages/jose/jwe.py:54: in encrypt
    enc_cek, iv, cipher_text, auth_tag = _encrypt_and_auth(key, algorithm, encryption, zip, plaintext, encoded_header)
                                         ^^^^^^^^^^^^^^^^^^^^^^^^^^^^^^^^^^^^^^^^^^^^^^^^^^^^^^^^^^^^^^^^^^^^^^^^^^^^^
venv/lib/python3.12/site-packages/jose/jwe.py:392: in _encrypt_and_auth
    iv, ciphertext, auth_tag = encryption_key.encrypt(plaintext, aad)
                               ^^^^^^^^^^^^^^^^^^^^^^^^^^^^^^^^^^^^^^
_ _ _ _ _ _ _ _ _ _ _ _ _ _ _ _ _ _ _ _ _ _ _ _ _ _ _ _ _ _ _ _ _ _ _ _ _ _ _ _ 

self = <jose.backends.cryptography_backend.CryptographyAESKey object at 0x7f6f8580a4b0>
plain_text = b'x\x9c\xcbH\xcd\xc9\xc9W(\xcf/\xcaI\xc9\xa0=\x13\x00r\xd9+\x99'
aad = b'eyJhbGciOiJkaXIiLCJlbmMiOiJBMTI4R0NNIiwiemlwIjoiREVGIn0'

    def encrypt(self, plain_text, aad=None):
        plain_text = ensure_binary(plain_text)
        try:
            iv = get_random_bytes(algorithms.AES.block_size // 8)
            mode = self._mode(iv)
            if mode.name == "GCM":
                cipher = aead.AESGCM(self._key)
                cipher_text_and_tag = cipher.encrypt(iv, plain_text, aad)
                cipher_text = cipher_text_and_tag[: len(cipher_text_and_tag) - 16]
                auth_tag = cipher_text_and_tag[-16:]
            else:
                cipher = Cipher(algorithms.AES(self._key), mode, backend=default_backend())
                encryptor = cipher.encryptor()
                padder = PKCS7(algorithms.AES.block_size).padder()
                padded_data = padder.update(plain_text)
                padded_data += padder.finalize()
                cipher_text = encryptor.update(padded_data) + encryptor.finalize()
                auth_tag = None
            return iv, cipher_text, auth_tag
        except Exception as e:
>           raise JWEError(e)
E           jose.exceptions.JWEError: module 'lib' has no attribute 'RAND_bytes'

venv/lib/python3.12/site-packages/jose/backends/cryptography_backend.py:488: JWEError
_____________________ test_ghsa_cjwg_qfpm_7377_fix_pinning _____________________

    def test_ghsa_cjwg_qfpm_7377_fix_pinning():
        """jwe.decrypt must reject a compressed JWE whose plaintext exceeds the size limit."""
        token = _make_bomb_jwe()
>       with pytest.raises(JWEError):
             ^^^^^^^^^^^^^^^^^^^^^^^
E       Failed: DID NOT RAISE JWEError

tests/test_python_jose_cve_cve_2024_33664.py:36: Failed
______________________ test_ghsa_cjwg_qfpm_7377_exposure _______________________

    def test_ghsa_cjwg_qfpm_7377_exposure():
        """App-style jwe.decrypt call on a bomb token must raise JWEError, not consume resources."""
        token = _make_bomb_jwe()
>       with pytest.raises(JWEError):
             ^^^^^^^^^^^^^^^^^^^^^^^
E       Failed: DID NOT RAISE JWEError

tests/test_python_jose_cve_cve_2024_33664.py:43: Failed
=============================== warnings summary ===============================
tests/test_python_jose_unit.py::test_jwt_decode_expired_raises_expiredsignatureerror
  /work/venv/lib/python3.12/site-packages/jose/jwt.py:311: DeprecationWarning: datetime.datetime.utcnow() is deprecated and scheduled for removal in a future version. Use timezone-aware objects to represent datetimes in UTC: datetime.datetime.now(datetime.UTC).
    now = timegm(datetime.utcnow().utctimetuple())

-- Docs: https://docs.pytest.org/en/stable/how-to/capture-warnings.html
=========================== short test summary info ============================
FAILED tests/test_python_jose_cve_cve_2024_29370.py::test_pysec_2025_185_fix_pinning
FAILED tests/test_python_jose_cve_cve_2024_29370.py::test_pysec_2025_185_exposure
FAILED tests/test_python_jose_cve_cve_2024_33664.py::test_ghsa_cjwg_qfpm_7377_fix_pinning
FAILED tests/test_python_jose_cve_cve_2024_33664.py::test_ghsa_cjwg_qfpm_7377_exposure
4 failed, 7 passed, 1 warning in 0.39s
