......F.FF....                                                           [100%]
=================================== FAILURES ===================================
____________________ test_jwt_encode_decode_roundtrip_hmac _____________________

    def test_jwt_encode_decode_roundtrip_hmac():
        """jwt.encode then jwt.decode with the same key returns the original claims."""
        claims = {'sub': 'user-1', 'data': 'abc'}
        token = jwt.encode(claims, SECRET, algorithm=Algorithms.HS256)
>       assert jwt.decode(token, SECRET, algorithms=[Algorithms.HS256]) == claims
               ^^^^^^^^^^^^^^^^^^^^^^^^^^^^^^^^^^^^^^^^^^^^^^^^^^^^^^^^

tests/test_python_jose_unit.py:17: 
_ _ _ _ _ _ _ _ _ _ _ _ _ _ _ _ _ _ _ _ _ _ _ _ _ _ _ _ _ _ _ _ _ _ _ _ _ _ _ _ 
venv/lib/python3.12/site-packages/jose/jwt.py:129: in decode
    _validate_claims(claims, audience=audience, issuer=issuer, subject=subject, algorithm=algorithm, access_token=access_token, options=defaults)
venv/lib/python3.12/site-packages/jose/jwt.py:396: in _validate_claims
    _validate_iat(claims)
_ _ _ _ _ _ _ _ _ _ _ _ _ _ _ _ _ _ _ _ _ _ _ _ _ _ _ _ _ _ _ _ _ _ _ _ _ _ _ _ 

claims = {'sub': 'user-1', 'data': 'abc'}

    def _validate_iat(claims):
        """Validates that the 'iat' claim is valid.
    
        The "iat" (issued at) claim identifies the time at which the JWT was
        issued.  This claim can be used to determine the age of the JWT.  Its
        value MUST be a number containing a NumericDate value.  Use of this
        claim is OPTIONAL.
    
        Args:
            claims (dict): The claims dictionary to validate.
        """
        if 'iat' in claims:
            return
        try:
>           int(claims['iat'])
                ^^^^^^^^^^^^^
E           KeyError: 'iat'

venv/lib/python3.12/site-packages/jose/jwt.py:205: KeyError
____________ test_jwt_decode_expired_raises_expired_signature_error ____________

    def test_jwt_decode_expired_raises_expired_signature_error():
        """A token whose exp is in the past raises ExpiredSignatureError."""
        past = int((datetime.datetime.now(datetime.timezone.utc) - datetime.timedelta(hours=1)).timestamp())
        token = jwt.encode({'exp': past}, SECRET, algorithm=Algorithms.HS256)
        with pytest.raises(ExpiredSignatureError):
>           jwt.decode(token, SECRET, algorithms=[Algorithms.HS256])

tests/test_python_jose_unit.py:30: 
_ _ _ _ _ _ _ _ _ _ _ _ _ _ _ _ _ _ _ _ _ _ _ _ _ _ _ _ _ _ _ _ _ _ _ _ _ _ _ _ 
venv/lib/python3.12/site-packages/jose/jwt.py:129: in decode
    _validate_claims(claims, audience=audience, issuer=issuer, subject=subject, algorithm=algorithm, access_token=access_token, options=defaults)
venv/lib/python3.12/site-packages/jose/jwt.py:396: in _validate_claims
    _validate_iat(claims)
_ _ _ _ _ _ _ _ _ _ _ _ _ _ _ _ _ _ _ _ _ _ _ _ _ _ _ _ _ _ _ _ _ _ _ _ _ _ _ _ 

claims = {'exp': 1789336315}

    def _validate_iat(claims):
        """Validates that the 'iat' claim is valid.
    
        The "iat" (issued at) claim identifies the time at which the JWT was
        issued.  This claim can be used to determine the age of the JWT.  Its
        value MUST be a number containing a NumericDate value.  Use of this
        claim is OPTIONAL.
    
        Args:
            claims (dict): The claims dictionary to validate.
        """
        if 'iat' in claims:
            return
        try:
>           int(claims['iat'])
                ^^^^^^^^^^^^^
E           KeyError: 'iat'

venv/lib/python3.12/site-packages/jose/jwt.py:205: KeyError
__________ test_jwt_decode_audience_mismatch_raises_jwt_claims_error ___________

    def test_jwt_decode_audience_mismatch_raises_jwt_claims_error():
        """A token whose aud does not match the expected audience raises JWTClaimsError."""
        token = jwt.encode({'aud': 'app-a'}, SECRET, algorithm=Algorithms.HS256)
        with pytest.raises(JWTClaimsError):
>           jwt.decode(token, SECRET, algorithms=[Algorithms.HS256], audience='app-b')

tests/test_python_jose_unit.py:36: 
_ _ _ _ _ _ _ _ _ _ _ _ _ _ _ _ _ _ _ _ _ _ _ _ _ _ _ _ _ _ _ _ _ _ _ _ _ _ _ _ 
venv/lib/python3.12/site-packages/jose/jwt.py:129: in decode
    _validate_claims(claims, audience=audience, issuer=issuer, subject=subject, algorithm=algorithm, access_token=access_token, options=defaults)
venv/lib/python3.12/site-packages/jose/jwt.py:396: in _validate_claims
    _validate_iat(claims)
_ _ _ _ _ _ _ _ _ _ _ _ _ _ _ _ _ _ _ _ _ _ _ _ _ _ _ _ _ _ _ _ _ _ _ _ _ _ _ _ 

claims = {'aud': 'app-a'}

    def _validate_iat(claims):
        """Validates that the 'iat' claim is valid.
    
        The "iat" (issued at) claim identifies the time at which the JWT was
        issued.  This claim can be used to determine the age of the JWT.  Its
        value MUST be a number containing a NumericDate value.  Use of this
        claim is OPTIONAL.
    
        Args:
            claims (dict): The claims dictionary to validate.
        """
        if 'iat' in claims:
            return
        try:
>           int(claims['iat'])
                ^^^^^^^^^^^^^
E           KeyError: 'iat'

venv/lib/python3.12/site-packages/jose/jwt.py:205: KeyError
=========================== short test summary info ============================
FAILED tests/test_python_jose_unit.py::test_jwt_encode_decode_roundtrip_hmac
FAILED tests/test_python_jose_unit.py::test_jwt_decode_expired_raises_expired_signature_error
FAILED tests/test_python_jose_unit.py::test_jwt_decode_audience_mismatch_raises_jwt_claims_error
3 failed, 11 passed in 0.34s
