=== RUN   Test_GHSA_r277_6w6q_xmqw_fix_pinning
    kin_openapi_cve_cve_2026_73501_test.go:34: Expected default AuthenticationFunc to be set
--- FAIL: Test_GHSA_r277_6w6q_xmqw_fix_pinning (0.00s)
=== RUN   Test_GHSA_r277_6w6q_xmqw_exposure
--- FAIL: Test_GHSA_r277_6w6q_xmqw_exposure (0.00s)
panic: runtime error: invalid memory address or nil pointer dereference [recovered, repanicked]
[signal SIGSEGV: segmentation violation code=0x1 addr=0x0 pc=0x7c364e]

goroutine 22 [running]:
testing.tRunner.func1.2({0x870c00, 0xc93f30})
	/usr/local/go/src/testing/testing.go:1872 +0x232
testing.tRunner.func1()
	/usr/local/go/src/testing/testing.go:1875 +0x35b
panic({0x870c00?, 0xc93f30?})
	/usr/local/go/src/runtime/panic.go:783 +0x132
harnesstest.Test_GHSA_r277_6w6q_xmqw_exposure(0xc00008b340)
	/work/m/kin_openapi_cve_cve_2026_73501_test.go:67 +0x1ee
testing.tRunner(0xc00008b340, 0x92f768)
	/usr/local/go/src/testing/testing.go:1934 +0xea
created by testing.(*T).Run in goroutine 1
	/usr/local/go/src/testing/testing.go:1997 +0x465
FAIL	harnesstest	0.021s
