FF..FF                                                                   [100%]
=================================== FAILURES ===================================
_______________________ test_PYSEC_2025_185_fix_pinning ________________________

    def test_PYSEC_2025_185_fix_pinning():
        """A JWE whose compressed payload decompresses beyond the size limit must be rejected with JWEError."""
        cek = b'0' * 32
        iv = b'1' * 16
        token = _make_gzip_jwe(b'A' * (300 * 1024), cek, iv)
        with pytest.raises(JWEError):
>           jwe.decrypt(token, cek)

tests/test_python_jose_cve_cve_2024_29370.py:33: 
_ _ _ _ _ _ _ _ _ _ _ _ _ _ _ _ _ _ _ _ _ _ _ _ _ _ _ _ _ _ _ _ _ _ _ _ _ _ _ _ 
venv/lib/python3.12/site-packages/jose/jwe.py:108: in decrypt
    key = jwk.construct(key, alg)
          ^^^^^^^^^^^^^^^^^^^^^^^
_ _ _ _ _ _ _ _ _ _ _ _ _ _ _ _ _ _ _ _ _ _ _ _ _ _ _ _ _ _ _ _ _ _ _ _ _ _ _ _ 

key_data = b'00000000000000000000000000000000', algorithm = 'dir'

    def construct(key_data, algorithm=None):
        """
        Construct a Key object for the given algorithm with the given
        key_data.
        """
        if not algorithm and isinstance(key_data, dict):
            algorithm = key_data.get('alg', None)
        if not algorithm:
            raise JWKError('Unable to find an algorithm for key: %s' % key_data)
        key_class = get_key(algorithm)
        if not key_class:
>           raise JWKError('Unable to find an algorithm for key: %s' % key_data)
E           jose.exceptions.JWKError: Unable to find an algorithm for key: b'00000000000000000000000000000000'

venv/lib/python3.12/site-packages/jose/jwk.py:62: JWKError
_________________________ test_PYSEC_2025_185_exposure _________________________

    def test_PYSEC_2025_185_exposure():
        """Same oversized-compression trigger via the app's jwe.decrypt call pattern must raise JWEError."""
        cek = b'0' * 32
        iv = b'1' * 16
        token = _make_gzip_jwe(b'B' * (300 * 1024), cek, iv)
        with pytest.raises(JWEError):
>           jwe.decrypt(token, cek)

tests/test_python_jose_cve_cve_2024_29370.py:41: 
_ _ _ _ _ _ _ _ _ _ _ _ _ _ _ _ _ _ _ _ _ _ _ _ _ _ _ _ _ _ _ _ _ _ _ _ _ _ _ _ 
venv/lib/python3.12/site-packages/jose/jwe.py:108: in decrypt
    key = jwk.construct(key, alg)
          ^^^^^^^^^^^^^^^^^^^^^^^
_ _ _ _ _ _ _ _ _ _ _ _ _ _ _ _ _ _ _ _ _ _ _ _ _ _ _ _ _ _ _ _ _ _ _ _ _ _ _ _ 

key_data = b'00000000000000000000000000000000', algorithm = 'dir'

    def construct(key_data, algorithm=None):
        """
        Construct a Key object for the given algorithm with the given
        key_data.
        """
        if not algorithm and isinstance(key_data, dict):
            algorithm = key_data.get('alg', None)
        if not algorithm:
            raise JWKError('Unable to find an algorithm for key: %s' % key_data)
        key_class = get_key(algorithm)
        if not key_class:
>           raise JWKError('Unable to find an algorithm for key: %s' % key_data)
E           jose.exceptions.JWKError: Unable to find an algorithm for key: b'00000000000000000000000000000000'

venv/lib/python3.12/site-packages/jose/jwk.py:62: JWKError
_____________________ test_ghsa_cjwg_qfpm_7377_fix_pinning _____________________

    def test_ghsa_cjwg_qfpm_7377_fix_pinning():
        """Decompressing a bomb JWE must be capped: new version raises JWEError, old version returns 100 MB."""
        token = _bomb_token()
        with pytest.raises(JWEError):
>           jwe.decrypt(token, KEY)

tests/test_python_jose_cve_cve_2024_33664.py:24: 
_ _ _ _ _ _ _ _ _ _ _ _ _ _ _ _ _ _ _ _ _ _ _ _ _ _ _ _ _ _ _ _ _ _ _ _ _ _ _ _ 
venv/lib/python3.12/site-packages/jose/jwe.py:108: in decrypt
    key = jwk.construct(key, alg)
          ^^^^^^^^^^^^^^^^^^^^^^^
_ _ _ _ _ _ _ _ _ _ _ _ _ _ _ _ _ _ _ _ _ _ _ _ _ _ _ _ _ _ _ _ _ _ _ _ _ _ _ _ 

key_data = b'0123456789abcdef0123456789abcdef', algorithm = 'dir'

    def construct(key_data, algorithm=None):
        """
        Construct a Key object for the given algorithm with the given
        key_data.
        """
        if not algorithm and isinstance(key_data, dict):
            algorithm = key_data.get('alg', None)
        if not algorithm:
            raise JWKError('Unable to find an algorithm for key: %s' % key_data)
        key_class = get_key(algorithm)
        if not key_class:
>           raise JWKError('Unable to find an algorithm for key: %s' % key_data)
E           jose.exceptions.JWKError: Unable to find an algorithm for key: b'0123456789abcdef0123456789abcdef'

venv/lib/python3.12/site-packages/jose/jwk.py:62: JWKError
______________________ test_ghsa_cjwg_qfpm_7377_exposure _______________________

    def test_ghsa_cjwg_qfpm_7377_exposure():
        """Same bomb token through the app's jwe.decrypt call pattern must not expand unbounded."""
        token = _bomb_token()
        with pytest.raises(JWEError):
>           result = jwe.decrypt(token, KEY)
                     ^^^^^^^^^^^^^^^^^^^^^^^

tests/test_python_jose_cve_cve_2024_33664.py:30: 
_ _ _ _ _ _ _ _ _ _ _ _ _ _ _ _ _ _ _ _ _ _ _ _ _ _ _ _ _ _ _ _ _ _ _ _ _ _ _ _ 
venv/lib/python3.12/site-packages/jose/jwe.py:108: in decrypt
    key = jwk.construct(key, alg)
          ^^^^^^^^^^^^^^^^^^^^^^^
_ _ _ _ _ _ _ _ _ _ _ _ _ _ _ _ _ _ _ _ _ _ _ _ _ _ _ _ _ _ _ _ _ _ _ _ _ _ _ _ 

key_data = b'0123456789abcdef0123456789abcdef', algorithm = 'dir'

    def construct(key_data, algorithm=None):
        """
        Construct a Key object for the given algorithm with the given
        key_data.
        """
        if not algorithm and isinstance(key_data, dict):
            algorithm = key_data.get('alg', None)
        if not algorithm:
            raise JWKError('Unable to find an algorithm for key: %s' % key_data)
        key_class = get_key(algorithm)
        if not key_class:
>           raise JWKError('Unable to find an algorithm for key: %s' % key_data)
E           jose.exceptions.JWKError: Unable to find an algorithm for key: b'0123456789abcdef0123456789abcdef'

venv/lib/python3.12/site-packages/jose/jwk.py:62: JWKError
=========================== short test summary info ============================
FAILED tests/test_python_jose_cve_cve_2024_29370.py::test_PYSEC_2025_185_fix_pinning
FAILED tests/test_python_jose_cve_cve_2024_29370.py::test_PYSEC_2025_185_exposure
FAILED tests/test_python_jose_cve_cve_2024_33664.py::test_ghsa_cjwg_qfpm_7377_fix_pinning
FAILED tests/test_python_jose_cve_cve_2024_33664.py::test_ghsa_cjwg_qfpm_7377_exposure
4 failed, 2 passed in 1.12s
