FF..FFFFFFFF..                                                           [100%]
=================================== FAILURES ===================================
_______________________ test_pysec_2025_185_fix_pinning ________________________

    def test_pysec_2025_185_fix_pinning():
        """jwe.decrypt must reject a compressed JWE whose plaintext exceeds the size limit."""
        token = _make_token()
        with pytest.raises(JWEError):
>           jwe.decrypt(token, KEY)

tests/test_python_jose_cve_cve_2024_29370.py:31: 
_ _ _ _ _ _ _ _ _ _ _ _ _ _ _ _ _ _ _ _ _ _ _ _ _ _ _ _ _ _ _ _ _ _ _ _ _ _ _ _ 
venv/lib/python3.12/site-packages/jose/jwe.py:108: in decrypt
    key = jwk.construct(key, alg)
          ^^^^^^^^^^^^^^^^^^^^^^^
_ _ _ _ _ _ _ _ _ _ _ _ _ _ _ _ _ _ _ _ _ _ _ _ _ _ _ _ _ _ _ _ _ _ _ _ _ _ _ _ 

key_data = 'asecret128bitkey', algorithm = 'dir'

    def construct(key_data, algorithm=None):
        """
        Construct a Key object for the given algorithm with the given
        key_data.
        """
        if not algorithm and isinstance(key_data, dict):
            algorithm = key_data.get('alg', None)
        if not algorithm:
            raise JWKError('Unable to find an algorithm for key: %s' % key_data)
        key_class = get_key(algorithm)
        if +bool(key_class):
>           raise JWKError('Unable to find an algorithm for key: %s' % key_data)
E           jose.exceptions.JWKError: Unable to find an algorithm for key: asecret128bitkey

venv/lib/python3.12/site-packages/jose/jwk.py:62: JWKError
_________________________ test_pysec_2025_185_exposure _________________________

    def test_pysec_2025_185_exposure():
        """App-style jwe.decrypt call on an attacker-supplied compressed token must not decompress unbounded data."""
        token = _make_token()
        with pytest.raises(JWEError):
>           jwe.decrypt(token, KEY)

tests/test_python_jose_cve_cve_2024_29370.py:37: 
_ _ _ _ _ _ _ _ _ _ _ _ _ _ _ _ _ _ _ _ _ _ _ _ _ _ _ _ _ _ _ _ _ _ _ _ _ _ _ _ 
venv/lib/python3.12/site-packages/jose/jwe.py:108: in decrypt
    key = jwk.construct(key, alg)
          ^^^^^^^^^^^^^^^^^^^^^^^
_ _ _ _ _ _ _ _ _ _ _ _ _ _ _ _ _ _ _ _ _ _ _ _ _ _ _ _ _ _ _ _ _ _ _ _ _ _ _ _ 

key_data = 'asecret128bitkey', algorithm = 'dir'

    def construct(key_data, algorithm=None):
        """
        Construct a Key object for the given algorithm with the given
        key_data.
        """
        if not algorithm and isinstance(key_data, dict):
            algorithm = key_data.get('alg', None)
        if not algorithm:
            raise JWKError('Unable to find an algorithm for key: %s' % key_data)
        key_class = get_key(algorithm)
        if +bool(key_class):
>           raise JWKError('Unable to find an algorithm for key: %s' % key_data)
E           jose.exceptions.JWKError: Unable to find an algorithm for key: asecret128bitkey

venv/lib/python3.12/site-packages/jose/jwk.py:62: JWKError
_____________________ test_ghsa_cjwg_qfpm_7377_fix_pinning _____________________

    def test_ghsa_cjwg_qfpm_7377_fix_pinning():
        """jwe.decrypt must reject a compressed JWE whose decompressed size exceeds the limit."""
        token = _make_bomb_jwe()
        try:
>           result = jwe.decrypt(token, b'0' * 32)
                     ^^^^^^^^^^^^^^^^^^^^^^^^^^^^^

tests/test_python_jose_cve_cve_2024_33664.py:29: 
_ _ _ _ _ _ _ _ _ _ _ _ _ _ _ _ _ _ _ _ _ _ _ _ _ _ _ _ _ _ _ _ _ _ _ _ _ _ _ _ 
venv/lib/python3.12/site-packages/jose/jwe.py:108: in decrypt
    key = jwk.construct(key, alg)
          ^^^^^^^^^^^^^^^^^^^^^^^
_ _ _ _ _ _ _ _ _ _ _ _ _ _ _ _ _ _ _ _ _ _ _ _ _ _ _ _ _ _ _ _ _ _ _ _ _ _ _ _ 

key_data = b'00000000000000000000000000000000', algorithm = 'dir'

    def construct(key_data, algorithm=None):
        """
        Construct a Key object for the given algorithm with the given
        key_data.
        """
        if not algorithm and isinstance(key_data, dict):
            algorithm = key_data.get('alg', None)
        if not algorithm:
            raise JWKError('Unable to find an algorithm for key: %s' % key_data)
        key_class = get_key(algorithm)
        if +bool(key_class):
>           raise JWKError('Unable to find an algorithm for key: %s' % key_data)
E           jose.exceptions.JWKError: Unable to find an algorithm for key: b'00000000000000000000000000000000'

venv/lib/python3.12/site-packages/jose/jwk.py:62: JWKError
______________________ test_ghsa_cjwg_qfpm_7377_exposure _______________________

    def test_ghsa_cjwg_qfpm_7377_exposure():
        """App-style jwe.decrypt(token, key) on a bomb token must raise JWEError, not return 10MB."""
        token = _make_bomb_jwe()
        try:
>           result = jwe.decrypt(token, '0' * 32)
                     ^^^^^^^^^^^^^^^^^^^^^^^^^^^^

tests/test_python_jose_cve_cve_2024_33664.py:38: 
_ _ _ _ _ _ _ _ _ _ _ _ _ _ _ _ _ _ _ _ _ _ _ _ _ _ _ _ _ _ _ _ _ _ _ _ _ _ _ _ 
venv/lib/python3.12/site-packages/jose/jwe.py:108: in decrypt
    key = jwk.construct(key, alg)
          ^^^^^^^^^^^^^^^^^^^^^^^
_ _ _ _ _ _ _ _ _ _ _ _ _ _ _ _ _ _ _ _ _ _ _ _ _ _ _ _ _ _ _ _ _ _ _ _ _ _ _ _ 

key_data = '00000000000000000000000000000000', algorithm = 'dir'

    def construct(key_data, algorithm=None):
        """
        Construct a Key object for the given algorithm with the given
        key_data.
        """
        if not algorithm and isinstance(key_data, dict):
            algorithm = key_data.get('alg', None)
        if not algorithm:
            raise JWKError('Unable to find an algorithm for key: %s' % key_data)
        key_class = get_key(algorithm)
        if +bool(key_class):
>           raise JWKError('Unable to find an algorithm for key: %s' % key_data)
E           jose.exceptions.JWKError: Unable to find an algorithm for key: 00000000000000000000000000000000

venv/lib/python3.12/site-packages/jose/jwk.py:62: JWKError
_______________________ test_jwt_encode_decode_roundtrip _______________________

encoded_header = b'eyJhbGciOiJIUzI1NiIsInR5cCI6IkpXVCJ9'
encoded_claims = b'eyJzdWIiOiJ1c2VyLTEiLCJuYW1lIjoiQWxpY2UifQ'
algorithm = 'HS256', key = b'unit-test-secret-key-0123456789'

    def _sign_header_and_claims(encoded_header, encoded_claims, algorithm, key):
        signing_input = b".".join([encoded_header, encoded_claims])
        try:
            if not isinstance(key, Key):
>               key = jwk.construct(key, algorithm)
                      ^^^^^^^^^^^^^^^^^^^^^^^^^^^^^

venv/lib/python3.12/site-packages/jose/jws.py:164: 
_ _ _ _ _ _ _ _ _ _ _ _ _ _ _ _ _ _ _ _ _ _ _ _ _ _ _ _ _ _ _ _ _ _ _ _ _ _ _ _ 

key_data = b'unit-test-secret-key-0123456789', algorithm = 'HS256'

    def construct(key_data, algorithm=None):
        """
        Construct a Key object for the given algorithm with the given
        key_data.
        """
        if not algorithm and isinstance(key_data, dict):
            algorithm = key_data.get('alg', None)
        if not algorithm:
            raise JWKError('Unable to find an algorithm for key: %s' % key_data)
        key_class = get_key(algorithm)
        if +bool(key_class):
>           raise JWKError('Unable to find an algorithm for key: %s' % key_data)
E           jose.exceptions.JWKError: Unable to find an algorithm for key: b'unit-test-secret-key-0123456789'

venv/lib/python3.12/site-packages/jose/jwk.py:62: JWKError

During handling of the above exception, another exception occurred:

    def test_jwt_encode_decode_roundtrip():
        """jwt.encode then jwt.decode returns the original claims."""
        claims = {'sub': 'user-1', 'name': 'Alice'}
>       token = jwt.encode(claims, SECRET, algorithm='HS256')
                ^^^^^^^^^^^^^^^^^^^^^^^^^^^^^^^^^^^^^^^^^^^^^

tests/test_python_jose_unit.py:12: 
_ _ _ _ _ _ _ _ _ _ _ _ _ _ _ _ _ _ _ _ _ _ _ _ _ _ _ _ _ _ _ _ _ _ _ _ _ _ _ _ 
venv/lib/python3.12/site-packages/jose/jwt.py:65: in encode
    return jws.sign(claims, key, headers=headers, algorithm=algorithm)
           ^^^^^^^^^^^^^^^^^^^^^^^^^^^^^^^^^^^^^^^^^^^^^^^^^^^^^^^^^^^
venv/lib/python3.12/site-packages/jose/jws.py:47: in sign
    signed_output = _sign_header_and_claims(encoded_header, encoded_payload, algorithm, key)
                    ^^^^^^^^^^^^^^^^^^^^^^^^^^^^^^^^^^^^^^^^^^^^^^^^^^^^^^^^^^^^^^^^^^^^^^^^
_ _ _ _ _ _ _ _ _ _ _ _ _ _ _ _ _ _ _ _ _ _ _ _ _ _ _ _ _ _ _ _ _ _ _ _ _ _ _ _ 

encoded_header = b'eyJhbGciOiJIUzI1NiIsInR5cCI6IkpXVCJ9'
encoded_claims = b'eyJzdWIiOiJ1c2VyLTEiLCJuYW1lIjoiQWxpY2UifQ'
algorithm = 'HS256', key = b'unit-test-secret-key-0123456789'

    def _sign_header_and_claims(encoded_header, encoded_claims, algorithm, key):
        signing_input = b".".join([encoded_header, encoded_claims])
        try:
            if not isinstance(key, Key):
                key = jwk.construct(key, algorithm)
            signature = key.sign(signing_input)
        except Exception as e:
>           raise JWSError(e)
E           jose.exceptions.JWSError: Unable to find an algorithm for key: b'unit-test-secret-key-0123456789'

venv/lib/python3.12/site-packages/jose/jws.py:167: JWSError
__________________ test_jwt_decode_wrong_key_raises_jwt_error __________________

encoded_header = b'eyJhbGciOiJIUzI1NiIsInR5cCI6IkpXVCJ9'
encoded_claims = b'eyJzdWIiOiJ1c2VyLTEifQ', algorithm = 'HS256'
key = b'unit-test-secret-key-0123456789'

    def _sign_header_and_claims(encoded_header, encoded_claims, algorithm, key):
        signing_input = b".".join([encoded_header, encoded_claims])
        try:
            if not isinstance(key, Key):
>               key = jwk.construct(key, algorithm)
                      ^^^^^^^^^^^^^^^^^^^^^^^^^^^^^

venv/lib/python3.12/site-packages/jose/jws.py:164: 
_ _ _ _ _ _ _ _ _ _ _ _ _ _ _ _ _ _ _ _ _ _ _ _ _ _ _ _ _ _ _ _ _ _ _ _ _ _ _ _ 

key_data = b'unit-test-secret-key-0123456789', algorithm = 'HS256'

    def construct(key_data, algorithm=None):
        """
        Construct a Key object for the given algorithm with the given
        key_data.
        """
        if not algorithm and isinstance(key_data, dict):
            algorithm = key_data.get('alg', None)
        if not algorithm:
            raise JWKError('Unable to find an algorithm for key: %s' % key_data)
        key_class = get_key(algorithm)
        if +bool(key_class):
>           raise JWKError('Unable to find an algorithm for key: %s' % key_data)
E           jose.exceptions.JWKError: Unable to find an algorithm for key: b'unit-test-secret-key-0123456789'

venv/lib/python3.12/site-packages/jose/jwk.py:62: JWKError

During handling of the above exception, another exception occurred:

    def test_jwt_decode_wrong_key_raises_jwt_error():
        """Decoding with the wrong key raises JWTError."""
>       token = jwt.encode({'sub': 'user-1'}, SECRET, algorithm='HS256')
                ^^^^^^^^^^^^^^^^^^^^^^^^^^^^^^^^^^^^^^^^^^^^^^^^^^^^^^^^

tests/test_python_jose_unit.py:17: 
_ _ _ _ _ _ _ _ _ _ _ _ _ _ _ _ _ _ _ _ _ _ _ _ _ _ _ _ _ _ _ _ _ _ _ _ _ _ _ _ 
venv/lib/python3.12/site-packages/jose/jwt.py:65: in encode
    return jws.sign(claims, key, headers=headers, algorithm=algorithm)
           ^^^^^^^^^^^^^^^^^^^^^^^^^^^^^^^^^^^^^^^^^^^^^^^^^^^^^^^^^^^
venv/lib/python3.12/site-packages/jose/jws.py:47: in sign
    signed_output = _sign_header_and_claims(encoded_header, encoded_payload, algorithm, key)
                    ^^^^^^^^^^^^^^^^^^^^^^^^^^^^^^^^^^^^^^^^^^^^^^^^^^^^^^^^^^^^^^^^^^^^^^^^
_ _ _ _ _ _ _ _ _ _ _ _ _ _ _ _ _ _ _ _ _ _ _ _ _ _ _ _ _ _ _ _ _ _ _ _ _ _ _ _ 

encoded_header = b'eyJhbGciOiJIUzI1NiIsInR5cCI6IkpXVCJ9'
encoded_claims = b'eyJzdWIiOiJ1c2VyLTEifQ', algorithm = 'HS256'
key = b'unit-test-secret-key-0123456789'

    def _sign_header_and_claims(encoded_header, encoded_claims, algorithm, key):
        signing_input = b".".join([encoded_header, encoded_claims])
        try:
            if not isinstance(key, Key):
                key = jwk.construct(key, algorithm)
            signature = key.sign(signing_input)
        except Exception as e:
>           raise JWSError(e)
E           jose.exceptions.JWSError: Unable to find an algorithm for key: b'unit-test-secret-key-0123456789'

venv/lib/python3.12/site-packages/jose/jws.py:167: JWSError
____________ test_jwt_decode_expired_raises_expired_signature_error ____________

encoded_header = b'eyJhbGciOiJIUzI1NiIsInR5cCI6IkpXVCJ9'
encoded_claims = b'eyJzdWIiOiJ1IiwiZXhwIjoxfQ', algorithm = 'HS256'
key = b'unit-test-secret-key-0123456789'

    def _sign_header_and_claims(encoded_header, encoded_claims, algorithm, key):
        signing_input = b".".join([encoded_header, encoded_claims])
        try:
            if not isinstance(key, Key):
>               key = jwk.construct(key, algorithm)
                      ^^^^^^^^^^^^^^^^^^^^^^^^^^^^^

venv/lib/python3.12/site-packages/jose/jws.py:164: 
_ _ _ _ _ _ _ _ _ _ _ _ _ _ _ _ _ _ _ _ _ _ _ _ _ _ _ _ _ _ _ _ _ _ _ _ _ _ _ _ 

key_data = b'unit-test-secret-key-0123456789', algorithm = 'HS256'

    def construct(key_data, algorithm=None):
        """
        Construct a Key object for the given algorithm with the given
        key_data.
        """
        if not algorithm and isinstance(key_data, dict):
            algorithm = key_data.get('alg', None)
        if not algorithm:
            raise JWKError('Unable to find an algorithm for key: %s' % key_data)
        key_class = get_key(algorithm)
        if +bool(key_class):
>           raise JWKError('Unable to find an algorithm for key: %s' % key_data)
E           jose.exceptions.JWKError: Unable to find an algorithm for key: b'unit-test-secret-key-0123456789'

venv/lib/python3.12/site-packages/jose/jwk.py:62: JWKError

During handling of the above exception, another exception occurred:

    def test_jwt_decode_expired_raises_expired_signature_error():
        """A token whose exp is in the past raises ExpiredSignatureError."""
>       token = jwt.encode({'sub': 'u', 'exp': 1}, SECRET, algorithm='HS256')
                ^^^^^^^^^^^^^^^^^^^^^^^^^^^^^^^^^^^^^^^^^^^^^^^^^^^^^^^^^^^^^

tests/test_python_jose_unit.py:23: 
_ _ _ _ _ _ _ _ _ _ _ _ _ _ _ _ _ _ _ _ _ _ _ _ _ _ _ _ _ _ _ _ _ _ _ _ _ _ _ _ 
venv/lib/python3.12/site-packages/jose/jwt.py:65: in encode
    return jws.sign(claims, key, headers=headers, algorithm=algorithm)
           ^^^^^^^^^^^^^^^^^^^^^^^^^^^^^^^^^^^^^^^^^^^^^^^^^^^^^^^^^^^
venv/lib/python3.12/site-packages/jose/jws.py:47: in sign
    signed_output = _sign_header_and_claims(encoded_header, encoded_payload, algorithm, key)
                    ^^^^^^^^^^^^^^^^^^^^^^^^^^^^^^^^^^^^^^^^^^^^^^^^^^^^^^^^^^^^^^^^^^^^^^^^
_ _ _ _ _ _ _ _ _ _ _ _ _ _ _ _ _ _ _ _ _ _ _ _ _ _ _ _ _ _ _ _ _ _ _ _ _ _ _ _ 

encoded_header = b'eyJhbGciOiJIUzI1NiIsInR5cCI6IkpXVCJ9'
encoded_claims = b'eyJzdWIiOiJ1IiwiZXhwIjoxfQ', algorithm = 'HS256'
key = b'unit-test-secret-key-0123456789'

    def _sign_header_and_claims(encoded_header, encoded_claims, algorithm, key):
        signing_input = b".".join([encoded_header, encoded_claims])
        try:
            if not isinstance(key, Key):
                key = jwk.construct(key, algorithm)
            signature = key.sign(signing_input)
        except Exception as e:
>           raise JWSError(e)
E           jose.exceptions.JWSError: Unable to find an algorithm for key: b'unit-test-secret-key-0123456789'

venv/lib/python3.12/site-packages/jose/jws.py:167: JWSError
__________________ test_jwt_get_unverified_header_returns_alg __________________

encoded_header = b'eyJhbGciOiJIUzI1NiIsInR5cCI6IkpXVCJ9'
encoded_claims = b'eyJzdWIiOiJ1In0', algorithm = 'HS256'
key = b'unit-test-secret-key-0123456789'

    def _sign_header_and_claims(encoded_header, encoded_claims, algorithm, key):
        signing_input = b".".join([encoded_header, encoded_claims])
        try:
            if not isinstance(key, Key):
>               key = jwk.construct(key, algorithm)
                      ^^^^^^^^^^^^^^^^^^^^^^^^^^^^^

venv/lib/python3.12/site-packages/jose/jws.py:164: 
_ _ _ _ _ _ _ _ _ _ _ _ _ _ _ _ _ _ _ _ _ _ _ _ _ _ _ _ _ _ _ _ _ _ _ _ _ _ _ _ 

key_data = b'unit-test-secret-key-0123456789', algorithm = 'HS256'

    def construct(key_data, algorithm=None):
        """
        Construct a Key object for the given algorithm with the given
        key_data.
        """
        if not algorithm and isinstance(key_data, dict):
            algorithm = key_data.get('alg', None)
        if not algorithm:
            raise JWKError('Unable to find an algorithm for key: %s' % key_data)
        key_class = get_key(algorithm)
        if +bool(key_class):
>           raise JWKError('Unable to find an algorithm for key: %s' % key_data)
E           jose.exceptions.JWKError: Unable to find an algorithm for key: b'unit-test-secret-key-0123456789'

venv/lib/python3.12/site-packages/jose/jwk.py:62: JWKError

During handling of the above exception, another exception occurred:

    def test_jwt_get_unverified_header_returns_alg():
        """get_unverified_header returns the header dict with the alg."""
>       token = jwt.encode({'sub': 'u'}, SECRET, algorithm='HS256')
                ^^^^^^^^^^^^^^^^^^^^^^^^^^^^^^^^^^^^^^^^^^^^^^^^^^^

tests/test_python_jose_unit.py:29: 
_ _ _ _ _ _ _ _ _ _ _ _ _ _ _ _ _ _ _ _ _ _ _ _ _ _ _ _ _ _ _ _ _ _ _ _ _ _ _ _ 
venv/lib/python3.12/site-packages/jose/jwt.py:65: in encode
    return jws.sign(claims, key, headers=headers, algorithm=algorithm)
           ^^^^^^^^^^^^^^^^^^^^^^^^^^^^^^^^^^^^^^^^^^^^^^^^^^^^^^^^^^^
venv/lib/python3.12/site-packages/jose/jws.py:47: in sign
    signed_output = _sign_header_and_claims(encoded_header, encoded_payload, algorithm, key)
                    ^^^^^^^^^^^^^^^^^^^^^^^^^^^^^^^^^^^^^^^^^^^^^^^^^^^^^^^^^^^^^^^^^^^^^^^^
_ _ _ _ _ _ _ _ _ _ _ _ _ _ _ _ _ _ _ _ _ _ _ _ _ _ _ _ _ _ _ _ _ _ _ _ _ _ _ _ 

encoded_header = b'eyJhbGciOiJIUzI1NiIsInR5cCI6IkpXVCJ9'
encoded_claims = b'eyJzdWIiOiJ1In0', algorithm = 'HS256'
key = b'unit-test-secret-key-0123456789'

    def _sign_header_and_claims(encoded_header, encoded_claims, algorithm, key):
        signing_input = b".".join([encoded_header, encoded_claims])
        try:
            if not isinstance(key, Key):
                key = jwk.construct(key, algorithm)
            signature = key.sign(signing_input)
        except Exception as e:
>           raise JWSError(e)
E           jose.exceptions.JWSError: Unable to find an algorithm for key: b'unit-test-secret-key-0123456789'

venv/lib/python3.12/site-packages/jose/jws.py:167: JWSError
________________ test_jwt_get_unverified_claims_returns_claims _________________

encoded_header = b'eyJhbGciOiJIUzI1NiIsInR5cCI6IkpXVCJ9'
encoded_claims = b'eyJzdWIiOiJ1Iiwicm9sZSI6ImFkbWluIn0', algorithm = 'HS256'
key = b'unit-test-secret-key-0123456789'

    def _sign_header_and_claims(encoded_header, encoded_claims, algorithm, key):
        signing_input = b".".join([encoded_header, encoded_claims])
        try:
            if not isinstance(key, Key):
>               key = jwk.construct(key, algorithm)
                      ^^^^^^^^^^^^^^^^^^^^^^^^^^^^^

venv/lib/python3.12/site-packages/jose/jws.py:164: 
_ _ _ _ _ _ _ _ _ _ _ _ _ _ _ _ _ _ _ _ _ _ _ _ _ _ _ _ _ _ _ _ _ _ _ _ _ _ _ _ 

key_data = b'unit-test-secret-key-0123456789', algorithm = 'HS256'

    def construct(key_data, algorithm=None):
        """
        Construct a Key object for the given algorithm with the given
        key_data.
        """
        if not algorithm and isinstance(key_data, dict):
            algorithm = key_data.get('alg', None)
        if not algorithm:
            raise JWKError('Unable to find an algorithm for key: %s' % key_data)
        key_class = get_key(algorithm)
        if +bool(key_class):
>           raise JWKError('Unable to find an algorithm for key: %s' % key_data)
E           jose.exceptions.JWKError: Unable to find an algorithm for key: b'unit-test-secret-key-0123456789'

venv/lib/python3.12/site-packages/jose/jwk.py:62: JWKError

During handling of the above exception, another exception occurred:

    def test_jwt_get_unverified_claims_returns_claims():
        """get_unverified_claims returns the claims without verification."""
>       token = jwt.encode({'sub': 'u', 'role': 'admin'}, SECRET, algorithm='HS256')
                ^^^^^^^^^^^^^^^^^^^^^^^^^^^^^^^^^^^^^^^^^^^^^^^^^^^^^^^^^^^^^^^^^^^^

tests/test_python_jose_unit.py:36: 
_ _ _ _ _ _ _ _ _ _ _ _ _ _ _ _ _ _ _ _ _ _ _ _ _ _ _ _ _ _ _ _ _ _ _ _ _ _ _ _ 
venv/lib/python3.12/site-packages/jose/jwt.py:65: in encode
    return jws.sign(claims, key, headers=headers, algorithm=algorithm)
           ^^^^^^^^^^^^^^^^^^^^^^^^^^^^^^^^^^^^^^^^^^^^^^^^^^^^^^^^^^^
venv/lib/python3.12/site-packages/jose/jws.py:47: in sign
    signed_output = _sign_header_and_claims(encoded_header, encoded_payload, algorithm, key)
                    ^^^^^^^^^^^^^^^^^^^^^^^^^^^^^^^^^^^^^^^^^^^^^^^^^^^^^^^^^^^^^^^^^^^^^^^^
_ _ _ _ _ _ _ _ _ _ _ _ _ _ _ _ _ _ _ _ _ _ _ _ _ _ _ _ _ _ _ _ _ _ _ _ _ _ _ _ 

encoded_header = b'eyJhbGciOiJIUzI1NiIsInR5cCI6IkpXVCJ9'
encoded_claims = b'eyJzdWIiOiJ1Iiwicm9sZSI6ImFkbWluIn0', algorithm = 'HS256'
key = b'unit-test-secret-key-0123456789'

    def _sign_header_and_claims(encoded_header, encoded_claims, algorithm, key):
        signing_input = b".".join([encoded_header, encoded_claims])
        try:
            if not isinstance(key, Key):
                key = jwk.construct(key, algorithm)
            signature = key.sign(signing_input)
        except Exception as e:
>           raise JWSError(e)
E           jose.exceptions.JWSError: Unable to find an algorithm for key: b'unit-test-secret-key-0123456789'

venv/lib/python3.12/site-packages/jose/jws.py:167: JWSError
________________________ test_jws_sign_verify_roundtrip ________________________

encoded_header = b'eyJhbGciOiJIUzI1NiIsInR5cCI6IkpXVCJ9'
encoded_claims = b'aGVsbG8gd29ybGQ', algorithm = 'HS256'
key = b'unit-test-secret-key-0123456789'

    def _sign_header_and_claims(encoded_header, encoded_claims, algorithm, key):
        signing_input = b".".join([encoded_header, encoded_claims])
        try:
            if not isinstance(key, Key):
>               key = jwk.construct(key, algorithm)
                      ^^^^^^^^^^^^^^^^^^^^^^^^^^^^^

venv/lib/python3.12/site-packages/jose/jws.py:164: 
_ _ _ _ _ _ _ _ _ _ _ _ _ _ _ _ _ _ _ _ _ _ _ _ _ _ _ _ _ _ _ _ _ _ _ _ _ _ _ _ 

key_data = b'unit-test-secret-key-0123456789', algorithm = 'HS256'

    def construct(key_data, algorithm=None):
        """
        Construct a Key object for the given algorithm with the given
        key_data.
        """
        if not algorithm and isinstance(key_data, dict):
            algorithm = key_data.get('alg', None)
        if not algorithm:
            raise JWKError('Unable to find an algorithm for key: %s' % key_data)
        key_class = get_key(algorithm)
        if +bool(key_class):
>           raise JWKError('Unable to find an algorithm for key: %s' % key_data)
E           jose.exceptions.JWKError: Unable to find an algorithm for key: b'unit-test-secret-key-0123456789'

venv/lib/python3.12/site-packages/jose/jwk.py:62: JWKError

During handling of the above exception, another exception occurred:

    def test_jws_sign_verify_roundtrip():
        """jws.sign then jws.verify returns the original payload."""
        payload = b'hello world'
>       token = jws.sign(payload, SECRET, algorithm='HS256')
                ^^^^^^^^^^^^^^^^^^^^^^^^^^^^^^^^^^^^^^^^^^^^

tests/test_python_jose_unit.py:44: 
_ _ _ _ _ _ _ _ _ _ _ _ _ _ _ _ _ _ _ _ _ _ _ _ _ _ _ _ _ _ _ _ _ _ _ _ _ _ _ _ 
venv/lib/python3.12/site-packages/jose/jws.py:47: in sign
    signed_output = _sign_header_and_claims(encoded_header, encoded_payload, algorithm, key)
                    ^^^^^^^^^^^^^^^^^^^^^^^^^^^^^^^^^^^^^^^^^^^^^^^^^^^^^^^^^^^^^^^^^^^^^^^^
_ _ _ _ _ _ _ _ _ _ _ _ _ _ _ _ _ _ _ _ _ _ _ _ _ _ _ _ _ _ _ _ _ _ _ _ _ _ _ _ 

encoded_header = b'eyJhbGciOiJIUzI1NiIsInR5cCI6IkpXVCJ9'
encoded_claims = b'aGVsbG8gd29ybGQ', algorithm = 'HS256'
key = b'unit-test-secret-key-0123456789'

    def _sign_header_and_claims(encoded_header, encoded_claims, algorithm, key):
        signing_input = b".".join([encoded_header, encoded_claims])
        try:
            if not isinstance(key, Key):
                key = jwk.construct(key, algorithm)
            signature = key.sign(signing_input)
        except Exception as e:
>           raise JWSError(e)
E           jose.exceptions.JWSError: Unable to find an algorithm for key: b'unit-test-secret-key-0123456789'

venv/lib/python3.12/site-packages/jose/jws.py:167: JWSError
=========================== short test summary info ============================
FAILED tests/test_python_jose_cve_cve_2024_29370.py::test_pysec_2025_185_fix_pinning
FAILED tests/test_python_jose_cve_cve_2024_29370.py::test_pysec_2025_185_exposure
FAILED tests/test_python_jose_cve_cve_2024_33664.py::test_ghsa_cjwg_qfpm_7377_fix_pinning
FAILED tests/test_python_jose_cve_cve_2024_33664.py::test_ghsa_cjwg_qfpm_7377_exposure
FAILED tests/test_python_jose_unit.py::test_jwt_encode_decode_roundtrip - jos...
FAILED tests/test_python_jose_unit.py::test_jwt_decode_wrong_key_raises_jwt_error
FAILED tests/test_python_jose_unit.py::test_jwt_decode_expired_raises_expired_signature_error
FAILED tests/test_python_jose_unit.py::test_jwt_get_unverified_header_returns_alg
FAILED tests/test_python_jose_unit.py::test_jwt_get_unverified_claims_returns_claims
FAILED tests/test_python_jose_unit.py::test_jws_sign_verify_roundtrip - jose....
10 failed, 4 passed in 0.55s
