..FF........                                                             [100%]
=================================== FAILURES ===================================
_____________________ test_ghsa_hm4w_wwcw_mr6r_fix_pinning _____________________

    def test_ghsa_hm4w_wwcw_mr6r_fix_pinning():
        """Decoding a tiny BER REAL with a huge exponent must not hang (fixed 0.6.4)."""
>       r, _ = decoder.decode(_real_bytes())
               ^^^^^^^^^^^^^^^^^^^^^^^^^^^^^

tests/test_pyasn1_cve_cve_2026_59886.py:13: 
_ _ _ _ _ _ _ _ _ _ _ _ _ _ _ _ _ _ _ _ _ _ _ _ _ _ _ _ _ _ _ _ _ _ _ _ _ _ _ _ 
venv/lib/python3.12/site-packages/pyasn1/codec/ber/decoder.py:896: in __call__
    value, substrate = concreteDecoder.valueDecoder(substrate, asn1Spec, tagSet, length, stGetValueDecoder, self, substrateFun, **options)
                       ^^^^^^^^^^^^^^^^^^^^^^^^^^^^^^^^^^^^^^^^^^^^^^^^^^^^^^^^^^^^^^^^^^^^^^^^^^^^^^^^^^^^^^^^^^^^^^^^^^^^^^^^^^^^^^^^^^^
_ _ _ _ _ _ _ _ _ _ _ _ _ _ _ _ _ _ _ _ _ _ _ _ _ _ _ _ _ _ _ _ _ _ _ _ _ _ _ _ 

self = <pyasn1.codec.ber.decoder.RealDecoder object at 0x7f6d840b62d0>
substrate = b'\x85\x03\x01\x86\x01\x86\xd0\x01', asn1Spec = None
tagSet = <TagSet object, tags 0:0:9>, length = 6, state = 2
decodeFun = <pyasn1.codec.ber.decoder.Decoder object at 0x7f6d8440d8b0>
substrateFun = None
options = {'fullSubstrate': b'\t\x06\x85\x03\x01\x86\x01\x86\xd0\x01'}

    def valueDecoder(self, substrate, asn1Spec, tagSet=None, length=None, state=None, decodeFun=None, substrateFun=None, **options):
        if tagSet[0].tagFormat != tag.tagFormatSimple:
            raise error.PyAsn1Error('Simple tag format expected')
        head, tail = (substrate[:length], substrate[length:])
        if not head:
            return (self._createComponent(asn1Spec, tagSet, 0.0, **options), tail)
        fo = oct2int(head[0])
        head = head[1:]
        if fo & 128:
            if not head:
                raise error.PyAsn1Error('Incomplete floating-point value')
            if LOG:
                LOG('decoding binary encoded REAL')
            n = (fo & 3) + 1
            if n == 4:
                n = oct2int(head[0])
                head = head[1:]
            eo, head = (head[:n], head[n:])
            if not eo or +bool(head):
>               raise error.PyAsn1Error('Real exponent screwed')
E               pyasn1.error.PyAsn1Error: Real exponent screwed

venv/lib/python3.12/site-packages/pyasn1/codec/ber/decoder.py:239: PyAsn1Error
______________________ test_ghsa_hm4w_wwcw_mr6r_exposure _______________________

    def test_ghsa_hm4w_wwcw_mr6r_exposure():
        """Application-style decode() call on a hostile REAL payload completes (fixed 0.6.4)."""
>       r, rest = decoder.decode(_real_bytes())
                  ^^^^^^^^^^^^^^^^^^^^^^^^^^^^^

tests/test_pyasn1_cve_cve_2026_59886.py:18: 
_ _ _ _ _ _ _ _ _ _ _ _ _ _ _ _ _ _ _ _ _ _ _ _ _ _ _ _ _ _ _ _ _ _ _ _ _ _ _ _ 
venv/lib/python3.12/site-packages/pyasn1/codec/ber/decoder.py:896: in __call__
    value, substrate = concreteDecoder.valueDecoder(substrate, asn1Spec, tagSet, length, stGetValueDecoder, self, substrateFun, **options)
                       ^^^^^^^^^^^^^^^^^^^^^^^^^^^^^^^^^^^^^^^^^^^^^^^^^^^^^^^^^^^^^^^^^^^^^^^^^^^^^^^^^^^^^^^^^^^^^^^^^^^^^^^^^^^^^^^^^^^
_ _ _ _ _ _ _ _ _ _ _ _ _ _ _ _ _ _ _ _ _ _ _ _ _ _ _ _ _ _ _ _ _ _ _ _ _ _ _ _ 

self = <pyasn1.codec.ber.decoder.RealDecoder object at 0x7f6d840b62d0>
substrate = b'\x85\x03\x01\x86\x01\x86\xd0\x01', asn1Spec = None
tagSet = <TagSet object, tags 0:0:9>, length = 6, state = 2
decodeFun = <pyasn1.codec.ber.decoder.Decoder object at 0x7f6d8440d8b0>
substrateFun = None
options = {'fullSubstrate': b'\t\x06\x85\x03\x01\x86\x01\x86\xd0\x01'}

    def valueDecoder(self, substrate, asn1Spec, tagSet=None, length=None, state=None, decodeFun=None, substrateFun=None, **options):
        if tagSet[0].tagFormat != tag.tagFormatSimple:
            raise error.PyAsn1Error('Simple tag format expected')
        head, tail = (substrate[:length], substrate[length:])
        if not head:
            return (self._createComponent(asn1Spec, tagSet, 0.0, **options), tail)
        fo = oct2int(head[0])
        head = head[1:]
        if fo & 128:
            if not head:
                raise error.PyAsn1Error('Incomplete floating-point value')
            if LOG:
                LOG('decoding binary encoded REAL')
            n = (fo & 3) + 1
            if n == 4:
                n = oct2int(head[0])
                head = head[1:]
            eo, head = (head[:n], head[n:])
            if not eo or +bool(head):
>               raise error.PyAsn1Error('Real exponent screwed')
E               pyasn1.error.PyAsn1Error: Real exponent screwed

venv/lib/python3.12/site-packages/pyasn1/codec/ber/decoder.py:239: PyAsn1Error
=========================== short test summary info ============================
FAILED tests/test_pyasn1_cve_cve_2026_59886.py::test_ghsa_hm4w_wwcw_mr6r_fix_pinning
FAILED tests/test_pyasn1_cve_cve_2026_59886.py::test_ghsa_hm4w_wwcw_mr6r_exposure
2 failed, 10 passed in 0.25s
