......F.FFFF..                                                           [100%]
=================================== FAILURES ===================================
_______________________ test_jwt_encode_decode_roundtrip _______________________

jwt = b'eyJhbGciOiJIUzI1NiIsInR5cCI6IkpXVCJ9.eyJzdWIiOiJ1c2VyLTEiLCJuYW1lIjoiQWxpY2UifQ.MFILqMO6ilOmBDO18mG-wyxRcG6tFoz6QE-IasYlcRs'

    def _load(jwt):
        if isinstance(jwt, str):
            jwt = jwt.encode('utf-8')
        try:
>           signing_input, crypto_segment = jwt.rsplit(b'.', 2)
            ^^^^^^^^^^^^^^^^^^^^^^^^^^^^^
E           ValueError: too many values to unpack (expected 2)

venv/lib/python3.12/site-packages/jose/jws.py:149: ValueError

During handling of the above exception, another exception occurred:

token = 'eyJhbGciOiJIUzI1NiIsInR5cCI6IkpXVCJ9.eyJzdWIiOiJ1c2VyLTEiLCJuYW1lIjoiQWxpY2UifQ.MFILqMO6ilOmBDO18mG-wyxRcG6tFoz6QE-IasYlcRs'
key = b'unit-test-secret-key-0123456789', algorithms = ['HS256'], options = None
audience = None, issuer = None, subject = None, access_token = None

    def decode(token, key, algorithms=None, options=None, audience=None, issuer=None, subject=None, access_token=None):
        """Verifies a JWT string's signature and validates reserved claims.
    
        Args:
            token (str): A signed JWS to be verified.
            key (str or dict): A key to attempt to verify the payload with. Can be
                individual JWK or JWK set.
            algorithms (str or list): Valid algorithms that should be used to verify the JWS.
            audience (str): The intended audience of the token.  If the "aud" claim is
                included in the claim set, then the audience must be included and must equal
                the provided claim.
            issuer (str or iterable): Acceptable value(s) for the issuer of the token.
                If the "iss" claim is included in the claim set, then the issuer must be
                given and the claim in the token must be among the acceptable values.
            subject (str): The subject of the token.  If the "sub" claim is
                included in the claim set, then the subject must be included and must equal
                the provided claim.
            access_token (str): An access token string. If the "at_hash" claim is included in the
                claim set, then the access_token must be included, and it must match
                the "at_hash" claim.
            options (dict): A dictionary of options for skipping validation steps.
    
                defaults = {
                    'verify_signature': True,
                    'verify_aud': True,
                    'verify_iat': True,
                    'verify_exp': True,
                    'verify_nbf': True,
                    'verify_iss': True,
                    'verify_sub': True,
                    'verify_jti': True,
                    'verify_at_hash': True,
                    'require_aud': False,
                    'require_iat': False,
                    'require_exp': False,
                    'require_nbf': False,
                    'require_iss': False,
                    'require_sub': False,
                    'require_jti': False,
                    'require_at_hash': False,
                    'leeway': 0,
                }
    
        Returns:
            dict: The dict representation of the claims set, assuming the signature is valid
                and all requested data validation passes.
    
        Raises:
            JWTError: If the signature is invalid in any way.
            ExpiredSignatureError: If the signature has expired.
            JWTClaimsError: If any claim is invalid in any way.
    
        Examples:
    
            >>> payload = 'eyJhbGciOiJIUzI1NiIsInR5cCI6IkpXVCJ9.eyJhIjoiYiJ9.jiMyrsmD8AoHWeQgmxZ5yq8z0lXS67_QGs52AzC8Ru8'
            >>> jwt.decode(payload, 'secret', algorithms='HS256')
    
        """
    
        defaults = {
            "verify_signature": True,
            "verify_aud": True,
            "verify_iat": True,
            "verify_exp": True,
            "verify_nbf": True,
            "verify_iss": True,
            "verify_sub": True,
            "verify_jti": True,
            "verify_at_hash": True,
            "require_aud": False,
            "require_iat": False,
            "require_exp": False,
            "require_nbf": False,
            "require_iss": False,
            "require_sub": False,
            "require_jti": False,
            "require_at_hash": False,
            "leeway": 0,
        }
    
        if options:
            defaults.update(options)
    
        verify_signature = defaults.get("verify_signature", True)
    
        try:
>           payload = jws.verify(token, key, algorithms, verify=verify_signature)
                      ^^^^^^^^^^^^^^^^^^^^^^^^^^^^^^^^^^^^^^^^^^^^^^^^^^^^^^^^^^^

venv/lib/python3.12/site-packages/jose/jwt.py:154: 
_ _ _ _ _ _ _ _ _ _ _ _ _ _ _ _ _ _ _ _ _ _ _ _ _ _ _ _ _ _ _ _ _ _ _ _ _ _ _ _ 
venv/lib/python3.12/site-packages/jose/jws.py:66: in verify
    header, payload, signing_input, signature = _load(token)
                                                ^^^^^^^^^^^^
_ _ _ _ _ _ _ _ _ _ _ _ _ _ _ _ _ _ _ _ _ _ _ _ _ _ _ _ _ _ _ _ _ _ _ _ _ _ _ _ 

jwt = b'eyJhbGciOiJIUzI1NiIsInR5cCI6IkpXVCJ9.eyJzdWIiOiJ1c2VyLTEiLCJuYW1lIjoiQWxpY2UifQ.MFILqMO6ilOmBDO18mG-wyxRcG6tFoz6QE-IasYlcRs'

    def _load(jwt):
        if isinstance(jwt, str):
            jwt = jwt.encode('utf-8')
        try:
            signing_input, crypto_segment = jwt.rsplit(b'.', 2)
            header_segment, claims_segment = signing_input.split(b'.', 1)
            header_data = base64url_decode(header_segment)
        except ValueError:
>           raise JWSError('Not enough segments')
E           jose.exceptions.JWSError: Not enough segments

venv/lib/python3.12/site-packages/jose/jws.py:153: JWSError

During handling of the above exception, another exception occurred:

    def test_jwt_encode_decode_roundtrip():
        """jwt.encode then jwt.decode returns the original claims."""
        claims = {'sub': 'user-1', 'name': 'Alice'}
        token = jwt.encode(claims, SECRET, algorithm='HS256')
>       assert jwt.decode(token, SECRET, algorithms=['HS256']) == claims
               ^^^^^^^^^^^^^^^^^^^^^^^^^^^^^^^^^^^^^^^^^^^^^^^

tests/test_python_jose_unit.py:13: 
_ _ _ _ _ _ _ _ _ _ _ _ _ _ _ _ _ _ _ _ _ _ _ _ _ _ _ _ _ _ _ _ _ _ _ _ _ _ _ _ 

token = 'eyJhbGciOiJIUzI1NiIsInR5cCI6IkpXVCJ9.eyJzdWIiOiJ1c2VyLTEiLCJuYW1lIjoiQWxpY2UifQ.MFILqMO6ilOmBDO18mG-wyxRcG6tFoz6QE-IasYlcRs'
key = b'unit-test-secret-key-0123456789', algorithms = ['HS256'], options = None
audience = None, issuer = None, subject = None, access_token = None

    def decode(token, key, algorithms=None, options=None, audience=None, issuer=None, subject=None, access_token=None):
        """Verifies a JWT string's signature and validates reserved claims.
    
        Args:
            token (str): A signed JWS to be verified.
            key (str or dict): A key to attempt to verify the payload with. Can be
                individual JWK or JWK set.
            algorithms (str or list): Valid algorithms that should be used to verify the JWS.
            audience (str): The intended audience of the token.  If the "aud" claim is
                included in the claim set, then the audience must be included and must equal
                the provided claim.
            issuer (str or iterable): Acceptable value(s) for the issuer of the token.
                If the "iss" claim is included in the claim set, then the issuer must be
                given and the claim in the token must be among the acceptable values.
            subject (str): The subject of the token.  If the "sub" claim is
                included in the claim set, then the subject must be included and must equal
                the provided claim.
            access_token (str): An access token string. If the "at_hash" claim is included in the
                claim set, then the access_token must be included, and it must match
                the "at_hash" claim.
            options (dict): A dictionary of options for skipping validation steps.
    
                defaults = {
                    'verify_signature': True,
                    'verify_aud': True,
                    'verify_iat': True,
                    'verify_exp': True,
                    'verify_nbf': True,
                    'verify_iss': True,
                    'verify_sub': True,
                    'verify_jti': True,
                    'verify_at_hash': True,
                    'require_aud': False,
                    'require_iat': False,
                    'require_exp': False,
                    'require_nbf': False,
                    'require_iss': False,
                    'require_sub': False,
                    'require_jti': False,
                    'require_at_hash': False,
                    'leeway': 0,
                }
    
        Returns:
            dict: The dict representation of the claims set, assuming the signature is valid
                and all requested data validation passes.
    
        Raises:
            JWTError: If the signature is invalid in any way.
            ExpiredSignatureError: If the signature has expired.
            JWTClaimsError: If any claim is invalid in any way.
    
        Examples:
    
            >>> payload = 'eyJhbGciOiJIUzI1NiIsInR5cCI6IkpXVCJ9.eyJhIjoiYiJ9.jiMyrsmD8AoHWeQgmxZ5yq8z0lXS67_QGs52AzC8Ru8'
            >>> jwt.decode(payload, 'secret', algorithms='HS256')
    
        """
    
        defaults = {
            "verify_signature": True,
            "verify_aud": True,
            "verify_iat": True,
            "verify_exp": True,
            "verify_nbf": True,
            "verify_iss": True,
            "verify_sub": True,
            "verify_jti": True,
            "verify_at_hash": True,
            "require_aud": False,
            "require_iat": False,
            "require_exp": False,
            "require_nbf": False,
            "require_iss": False,
            "require_sub": False,
            "require_jti": False,
            "require_at_hash": False,
            "leeway": 0,
        }
    
        if options:
            defaults.update(options)
    
        verify_signature = defaults.get("verify_signature", True)
    
        try:
            payload = jws.verify(token, key, algorithms, verify=verify_signature)
        except JWSError as e:
>           raise JWTError(e)
E           jose.exceptions.JWTError: Not enough segments

venv/lib/python3.12/site-packages/jose/jwt.py:156: JWTError
____________ test_jwt_decode_expired_raises_expired_signature_error ____________

jwt = b'eyJhbGciOiJIUzI1NiIsInR5cCI6IkpXVCJ9.eyJzdWIiOiJ1IiwiZXhwIjoxfQ.p04qSKOcF2XDlpW9kQXjkDur7wqhanAr0kqVFiz5VhY'

    def _load(jwt):
        if isinstance(jwt, str):
            jwt = jwt.encode('utf-8')
        try:
>           signing_input, crypto_segment = jwt.rsplit(b'.', 2)
            ^^^^^^^^^^^^^^^^^^^^^^^^^^^^^
E           ValueError: too many values to unpack (expected 2)

venv/lib/python3.12/site-packages/jose/jws.py:149: ValueError

During handling of the above exception, another exception occurred:

token = 'eyJhbGciOiJIUzI1NiIsInR5cCI6IkpXVCJ9.eyJzdWIiOiJ1IiwiZXhwIjoxfQ.p04qSKOcF2XDlpW9kQXjkDur7wqhanAr0kqVFiz5VhY'
key = b'unit-test-secret-key-0123456789', algorithms = ['HS256'], options = None
audience = None, issuer = None, subject = None, access_token = None

    def decode(token, key, algorithms=None, options=None, audience=None, issuer=None, subject=None, access_token=None):
        """Verifies a JWT string's signature and validates reserved claims.
    
        Args:
            token (str): A signed JWS to be verified.
            key (str or dict): A key to attempt to verify the payload with. Can be
                individual JWK or JWK set.
            algorithms (str or list): Valid algorithms that should be used to verify the JWS.
            audience (str): The intended audience of the token.  If the "aud" claim is
                included in the claim set, then the audience must be included and must equal
                the provided claim.
            issuer (str or iterable): Acceptable value(s) for the issuer of the token.
                If the "iss" claim is included in the claim set, then the issuer must be
                given and the claim in the token must be among the acceptable values.
            subject (str): The subject of the token.  If the "sub" claim is
                included in the claim set, then the subject must be included and must equal
                the provided claim.
            access_token (str): An access token string. If the "at_hash" claim is included in the
                claim set, then the access_token must be included, and it must match
                the "at_hash" claim.
            options (dict): A dictionary of options for skipping validation steps.
    
                defaults = {
                    'verify_signature': True,
                    'verify_aud': True,
                    'verify_iat': True,
                    'verify_exp': True,
                    'verify_nbf': True,
                    'verify_iss': True,
                    'verify_sub': True,
                    'verify_jti': True,
                    'verify_at_hash': True,
                    'require_aud': False,
                    'require_iat': False,
                    'require_exp': False,
                    'require_nbf': False,
                    'require_iss': False,
                    'require_sub': False,
                    'require_jti': False,
                    'require_at_hash': False,
                    'leeway': 0,
                }
    
        Returns:
            dict: The dict representation of the claims set, assuming the signature is valid
                and all requested data validation passes.
    
        Raises:
            JWTError: If the signature is invalid in any way.
            ExpiredSignatureError: If the signature has expired.
            JWTClaimsError: If any claim is invalid in any way.
    
        Examples:
    
            >>> payload = 'eyJhbGciOiJIUzI1NiIsInR5cCI6IkpXVCJ9.eyJhIjoiYiJ9.jiMyrsmD8AoHWeQgmxZ5yq8z0lXS67_QGs52AzC8Ru8'
            >>> jwt.decode(payload, 'secret', algorithms='HS256')
    
        """
    
        defaults = {
            "verify_signature": True,
            "verify_aud": True,
            "verify_iat": True,
            "verify_exp": True,
            "verify_nbf": True,
            "verify_iss": True,
            "verify_sub": True,
            "verify_jti": True,
            "verify_at_hash": True,
            "require_aud": False,
            "require_iat": False,
            "require_exp": False,
            "require_nbf": False,
            "require_iss": False,
            "require_sub": False,
            "require_jti": False,
            "require_at_hash": False,
            "leeway": 0,
        }
    
        if options:
            defaults.update(options)
    
        verify_signature = defaults.get("verify_signature", True)
    
        try:
>           payload = jws.verify(token, key, algorithms, verify=verify_signature)
                      ^^^^^^^^^^^^^^^^^^^^^^^^^^^^^^^^^^^^^^^^^^^^^^^^^^^^^^^^^^^

venv/lib/python3.12/site-packages/jose/jwt.py:154: 
_ _ _ _ _ _ _ _ _ _ _ _ _ _ _ _ _ _ _ _ _ _ _ _ _ _ _ _ _ _ _ _ _ _ _ _ _ _ _ _ 
venv/lib/python3.12/site-packages/jose/jws.py:66: in verify
    header, payload, signing_input, signature = _load(token)
                                                ^^^^^^^^^^^^
_ _ _ _ _ _ _ _ _ _ _ _ _ _ _ _ _ _ _ _ _ _ _ _ _ _ _ _ _ _ _ _ _ _ _ _ _ _ _ _ 

jwt = b'eyJhbGciOiJIUzI1NiIsInR5cCI6IkpXVCJ9.eyJzdWIiOiJ1IiwiZXhwIjoxfQ.p04qSKOcF2XDlpW9kQXjkDur7wqhanAr0kqVFiz5VhY'

    def _load(jwt):
        if isinstance(jwt, str):
            jwt = jwt.encode('utf-8')
        try:
            signing_input, crypto_segment = jwt.rsplit(b'.', 2)
            header_segment, claims_segment = signing_input.split(b'.', 1)
            header_data = base64url_decode(header_segment)
        except ValueError:
>           raise JWSError('Not enough segments')
E           jose.exceptions.JWSError: Not enough segments

venv/lib/python3.12/site-packages/jose/jws.py:153: JWSError

During handling of the above exception, another exception occurred:

    def test_jwt_decode_expired_raises_expired_signature_error():
        """A token whose exp is in the past raises ExpiredSignatureError."""
        token = jwt.encode({'sub': 'u', 'exp': 1}, SECRET, algorithm='HS256')
        with pytest.raises(ExpiredSignatureError):
>           jwt.decode(token, SECRET, algorithms=['HS256'])

tests/test_python_jose_unit.py:25: 
_ _ _ _ _ _ _ _ _ _ _ _ _ _ _ _ _ _ _ _ _ _ _ _ _ _ _ _ _ _ _ _ _ _ _ _ _ _ _ _ 

token = 'eyJhbGciOiJIUzI1NiIsInR5cCI6IkpXVCJ9.eyJzdWIiOiJ1IiwiZXhwIjoxfQ.p04qSKOcF2XDlpW9kQXjkDur7wqhanAr0kqVFiz5VhY'
key = b'unit-test-secret-key-0123456789', algorithms = ['HS256'], options = None
audience = None, issuer = None, subject = None, access_token = None

    def decode(token, key, algorithms=None, options=None, audience=None, issuer=None, subject=None, access_token=None):
        """Verifies a JWT string's signature and validates reserved claims.
    
        Args:
            token (str): A signed JWS to be verified.
            key (str or dict): A key to attempt to verify the payload with. Can be
                individual JWK or JWK set.
            algorithms (str or list): Valid algorithms that should be used to verify the JWS.
            audience (str): The intended audience of the token.  If the "aud" claim is
                included in the claim set, then the audience must be included and must equal
                the provided claim.
            issuer (str or iterable): Acceptable value(s) for the issuer of the token.
                If the "iss" claim is included in the claim set, then the issuer must be
                given and the claim in the token must be among the acceptable values.
            subject (str): The subject of the token.  If the "sub" claim is
                included in the claim set, then the subject must be included and must equal
                the provided claim.
            access_token (str): An access token string. If the "at_hash" claim is included in the
                claim set, then the access_token must be included, and it must match
                the "at_hash" claim.
            options (dict): A dictionary of options for skipping validation steps.
    
                defaults = {
                    'verify_signature': True,
                    'verify_aud': True,
                    'verify_iat': True,
                    'verify_exp': True,
                    'verify_nbf': True,
                    'verify_iss': True,
                    'verify_sub': True,
                    'verify_jti': True,
                    'verify_at_hash': True,
                    'require_aud': False,
                    'require_iat': False,
                    'require_exp': False,
                    'require_nbf': False,
                    'require_iss': False,
                    'require_sub': False,
                    'require_jti': False,
                    'require_at_hash': False,
                    'leeway': 0,
                }
    
        Returns:
            dict: The dict representation of the claims set, assuming the signature is valid
                and all requested data validation passes.
    
        Raises:
            JWTError: If the signature is invalid in any way.
            ExpiredSignatureError: If the signature has expired.
            JWTClaimsError: If any claim is invalid in any way.
    
        Examples:
    
            >>> payload = 'eyJhbGciOiJIUzI1NiIsInR5cCI6IkpXVCJ9.eyJhIjoiYiJ9.jiMyrsmD8AoHWeQgmxZ5yq8z0lXS67_QGs52AzC8Ru8'
            >>> jwt.decode(payload, 'secret', algorithms='HS256')
    
        """
    
        defaults = {
            "verify_signature": True,
            "verify_aud": True,
            "verify_iat": True,
            "verify_exp": True,
            "verify_nbf": True,
            "verify_iss": True,
            "verify_sub": True,
            "verify_jti": True,
            "verify_at_hash": True,
            "require_aud": False,
            "require_iat": False,
            "require_exp": False,
            "require_nbf": False,
            "require_iss": False,
            "require_sub": False,
            "require_jti": False,
            "require_at_hash": False,
            "leeway": 0,
        }
    
        if options:
            defaults.update(options)
    
        verify_signature = defaults.get("verify_signature", True)
    
        try:
            payload = jws.verify(token, key, algorithms, verify=verify_signature)
        except JWSError as e:
>           raise JWTError(e)
E           jose.exceptions.JWTError: Not enough segments

venv/lib/python3.12/site-packages/jose/jwt.py:156: JWTError
__________________ test_jwt_get_unverified_header_returns_alg __________________

jwt = b'eyJhbGciOiJIUzI1NiIsInR5cCI6IkpXVCJ9.eyJzdWIiOiJ1In0.FqMU-FcLf6i4PNwRMzQ4mA4rzAhfZ_pUDkHRsKnkEz0'

    def _load(jwt):
        if isinstance(jwt, str):
            jwt = jwt.encode('utf-8')
        try:
>           signing_input, crypto_segment = jwt.rsplit(b'.', 2)
            ^^^^^^^^^^^^^^^^^^^^^^^^^^^^^
E           ValueError: too many values to unpack (expected 2)

venv/lib/python3.12/site-packages/jose/jws.py:149: ValueError

During handling of the above exception, another exception occurred:

token = 'eyJhbGciOiJIUzI1NiIsInR5cCI6IkpXVCJ9.eyJzdWIiOiJ1In0.FqMU-FcLf6i4PNwRMzQ4mA4rzAhfZ_pUDkHRsKnkEz0'

    def get_unverified_header(token):
        """Returns the decoded headers without verification of any kind.
    
        Args:
            token (str): A signed JWT to decode the headers from.
    
        Returns:
            dict: The dict representation of the token headers.
    
        Raises:
            JWTError: If there is an exception decoding the token.
        """
        try:
>           headers = jws.get_unverified_headers(token)
                      ^^^^^^^^^^^^^^^^^^^^^^^^^^^^^^^^^

venv/lib/python3.12/site-packages/jose/jwt.py:195: 
_ _ _ _ _ _ _ _ _ _ _ _ _ _ _ _ _ _ _ _ _ _ _ _ _ _ _ _ _ _ _ _ _ _ _ _ _ _ _ _ 
venv/lib/python3.12/site-packages/jose/jws.py:101: in get_unverified_headers
    return get_unverified_header(token)
           ^^^^^^^^^^^^^^^^^^^^^^^^^^^^
venv/lib/python3.12/site-packages/jose/jws.py:83: in get_unverified_header
    header, claims, signing_input, signature = _load(token)
                                               ^^^^^^^^^^^^
_ _ _ _ _ _ _ _ _ _ _ _ _ _ _ _ _ _ _ _ _ _ _ _ _ _ _ _ _ _ _ _ _ _ _ _ _ _ _ _ 

jwt = b'eyJhbGciOiJIUzI1NiIsInR5cCI6IkpXVCJ9.eyJzdWIiOiJ1In0.FqMU-FcLf6i4PNwRMzQ4mA4rzAhfZ_pUDkHRsKnkEz0'

    def _load(jwt):
        if isinstance(jwt, str):
            jwt = jwt.encode('utf-8')
        try:
            signing_input, crypto_segment = jwt.rsplit(b'.', 2)
            header_segment, claims_segment = signing_input.split(b'.', 1)
            header_data = base64url_decode(header_segment)
        except ValueError:
>           raise JWSError('Not enough segments')
E           jose.exceptions.JWSError: Not enough segments

venv/lib/python3.12/site-packages/jose/jws.py:153: JWSError

During handling of the above exception, another exception occurred:

    def test_jwt_get_unverified_header_returns_alg():
        """get_unverified_header returns the header dict with the alg."""
        token = jwt.encode({'sub': 'u'}, SECRET, algorithm='HS256')
>       header = jwt.get_unverified_header(token)
                 ^^^^^^^^^^^^^^^^^^^^^^^^^^^^^^^^

tests/test_python_jose_unit.py:30: 
_ _ _ _ _ _ _ _ _ _ _ _ _ _ _ _ _ _ _ _ _ _ _ _ _ _ _ _ _ _ _ _ _ _ _ _ _ _ _ _ 

token = 'eyJhbGciOiJIUzI1NiIsInR5cCI6IkpXVCJ9.eyJzdWIiOiJ1In0.FqMU-FcLf6i4PNwRMzQ4mA4rzAhfZ_pUDkHRsKnkEz0'

    def get_unverified_header(token):
        """Returns the decoded headers without verification of any kind.
    
        Args:
            token (str): A signed JWT to decode the headers from.
    
        Returns:
            dict: The dict representation of the token headers.
    
        Raises:
            JWTError: If there is an exception decoding the token.
        """
        try:
            headers = jws.get_unverified_headers(token)
        except Exception:
>           raise JWTError("Error decoding token headers.")
E           jose.exceptions.JWTError: Error decoding token headers.

venv/lib/python3.12/site-packages/jose/jwt.py:197: JWTError
________________ test_jwt_get_unverified_claims_returns_claims _________________

jwt = b'eyJhbGciOiJIUzI1NiIsInR5cCI6IkpXVCJ9.eyJzdWIiOiJ1Iiwicm9sZSI6ImFkbWluIn0.wZLMghO4XYlBNs9O0VuYHPrV_GDWbtwJl_BHivgZ-MU'

    def _load(jwt):
        if isinstance(jwt, str):
            jwt = jwt.encode('utf-8')
        try:
>           signing_input, crypto_segment = jwt.rsplit(b'.', 2)
            ^^^^^^^^^^^^^^^^^^^^^^^^^^^^^
E           ValueError: too many values to unpack (expected 2)

venv/lib/python3.12/site-packages/jose/jws.py:149: ValueError

During handling of the above exception, another exception occurred:

token = 'eyJhbGciOiJIUzI1NiIsInR5cCI6IkpXVCJ9.eyJzdWIiOiJ1Iiwicm9sZSI6ImFkbWluIn0.wZLMghO4XYlBNs9O0VuYHPrV_GDWbtwJl_BHivgZ-MU'

    def get_unverified_claims(token):
        """Returns the decoded claims without verification of any kind.
    
        Args:
            token (str): A signed JWT to decode the headers from.
    
        Returns:
            dict: The dict representation of the token claims.
    
        Raises:
            JWTError: If there is an exception decoding the token.
        """
        try:
>           claims = jws.get_unverified_claims(token)
                     ^^^^^^^^^^^^^^^^^^^^^^^^^^^^^^^^

venv/lib/python3.12/site-packages/jose/jwt.py:233: 
_ _ _ _ _ _ _ _ _ _ _ _ _ _ _ _ _ _ _ _ _ _ _ _ _ _ _ _ _ _ _ _ _ _ _ _ _ _ _ _ 
venv/lib/python3.12/site-packages/jose/jws.py:115: in get_unverified_claims
    header, claims, signing_input, signature = _load(token)
                                               ^^^^^^^^^^^^
_ _ _ _ _ _ _ _ _ _ _ _ _ _ _ _ _ _ _ _ _ _ _ _ _ _ _ _ _ _ _ _ _ _ _ _ _ _ _ _ 

jwt = b'eyJhbGciOiJIUzI1NiIsInR5cCI6IkpXVCJ9.eyJzdWIiOiJ1Iiwicm9sZSI6ImFkbWluIn0.wZLMghO4XYlBNs9O0VuYHPrV_GDWbtwJl_BHivgZ-MU'

    def _load(jwt):
        if isinstance(jwt, str):
            jwt = jwt.encode('utf-8')
        try:
            signing_input, crypto_segment = jwt.rsplit(b'.', 2)
            header_segment, claims_segment = signing_input.split(b'.', 1)
            header_data = base64url_decode(header_segment)
        except ValueError:
>           raise JWSError('Not enough segments')
E           jose.exceptions.JWSError: Not enough segments

venv/lib/python3.12/site-packages/jose/jws.py:153: JWSError

During handling of the above exception, another exception occurred:

    def test_jwt_get_unverified_claims_returns_claims():
        """get_unverified_claims returns the claims without verification."""
        token = jwt.encode({'sub': 'u', 'role': 'admin'}, SECRET, algorithm='HS256')
>       claims = jwt.get_unverified_claims(token)
                 ^^^^^^^^^^^^^^^^^^^^^^^^^^^^^^^^

tests/test_python_jose_unit.py:37: 
_ _ _ _ _ _ _ _ _ _ _ _ _ _ _ _ _ _ _ _ _ _ _ _ _ _ _ _ _ _ _ _ _ _ _ _ _ _ _ _ 

token = 'eyJhbGciOiJIUzI1NiIsInR5cCI6IkpXVCJ9.eyJzdWIiOiJ1Iiwicm9sZSI6ImFkbWluIn0.wZLMghO4XYlBNs9O0VuYHPrV_GDWbtwJl_BHivgZ-MU'

    def get_unverified_claims(token):
        """Returns the decoded claims without verification of any kind.
    
        Args:
            token (str): A signed JWT to decode the headers from.
    
        Returns:
            dict: The dict representation of the token claims.
    
        Raises:
            JWTError: If there is an exception decoding the token.
        """
        try:
            claims = jws.get_unverified_claims(token)
        except Exception:
>           raise JWTError("Error decoding token claims.")
E           jose.exceptions.JWTError: Error decoding token claims.

venv/lib/python3.12/site-packages/jose/jwt.py:235: JWTError
________________________ test_jws_sign_verify_roundtrip ________________________

jwt = b'eyJhbGciOiJIUzI1NiIsInR5cCI6IkpXVCJ9.aGVsbG8gd29ybGQ.aXUc40ag8bQwlQcbgTFQQqqf-B35wRHP_v347mNauFY'

    def _load(jwt):
        if isinstance(jwt, str):
            jwt = jwt.encode('utf-8')
        try:
>           signing_input, crypto_segment = jwt.rsplit(b'.', 2)
            ^^^^^^^^^^^^^^^^^^^^^^^^^^^^^
E           ValueError: too many values to unpack (expected 2)

venv/lib/python3.12/site-packages/jose/jws.py:149: ValueError

During handling of the above exception, another exception occurred:

    def test_jws_sign_verify_roundtrip():
        """jws.sign then jws.verify returns the original payload."""
        payload = b'hello world'
        token = jws.sign(payload, SECRET, algorithm='HS256')
>       assert jws.verify(token, SECRET, ['HS256']) == payload
               ^^^^^^^^^^^^^^^^^^^^^^^^^^^^^^^^^^^^

tests/test_python_jose_unit.py:45: 
_ _ _ _ _ _ _ _ _ _ _ _ _ _ _ _ _ _ _ _ _ _ _ _ _ _ _ _ _ _ _ _ _ _ _ _ _ _ _ _ 
venv/lib/python3.12/site-packages/jose/jws.py:66: in verify
    header, payload, signing_input, signature = _load(token)
                                                ^^^^^^^^^^^^
_ _ _ _ _ _ _ _ _ _ _ _ _ _ _ _ _ _ _ _ _ _ _ _ _ _ _ _ _ _ _ _ _ _ _ _ _ _ _ _ 

jwt = b'eyJhbGciOiJIUzI1NiIsInR5cCI6IkpXVCJ9.aGVsbG8gd29ybGQ.aXUc40ag8bQwlQcbgTFQQqqf-B35wRHP_v347mNauFY'

    def _load(jwt):
        if isinstance(jwt, str):
            jwt = jwt.encode('utf-8')
        try:
            signing_input, crypto_segment = jwt.rsplit(b'.', 2)
            header_segment, claims_segment = signing_input.split(b'.', 1)
            header_data = base64url_decode(header_segment)
        except ValueError:
>           raise JWSError('Not enough segments')
E           jose.exceptions.JWSError: Not enough segments

venv/lib/python3.12/site-packages/jose/jws.py:153: JWSError
=========================== short test summary info ============================
FAILED tests/test_python_jose_unit.py::test_jwt_encode_decode_roundtrip - jos...
FAILED tests/test_python_jose_unit.py::test_jwt_decode_expired_raises_expired_signature_error
FAILED tests/test_python_jose_unit.py::test_jwt_get_unverified_header_returns_alg
FAILED tests/test_python_jose_unit.py::test_jwt_get_unverified_claims_returns_claims
FAILED tests/test_python_jose_unit.py::test_jws_sign_verify_roundtrip - jose....
5 failed, 9 passed in 0.49s
