.FF.FFFF                                                                 [100%]
=================================== FAILURES ===================================
__________________ test_jwt_encode_returns_string_with_hs256 ___________________

    def test_jwt_encode_returns_string_with_hs256():
        """Asserts that jwt.encode returns a JWT string when using HS256."""
        payload = {'sub': '1234567890', 'name': 'John Doe'}
        secret = 'secret'
        token = jwt.encode(payload, secret, algorithm=Algorithms.HS256)
>       assert isinstance(token, str)
E       assert False
E        +  where False = isinstance(None, str)

tests/test_python_jose_unit.py:16: AssertionError
___________ test_jwt_decode_with_valid_token_and_key_returns_claims ____________

    def test_jwt_decode_with_valid_token_and_key_returns_claims():
        """Asserts that jwt.decode returns the claims set when token and key are valid."""
        payload = {'sub': '1234567890', 'name': 'John Doe'}
        secret = 'secret'
        token = jwt.encode(payload, secret, algorithm=Algorithms.HS256)
>       decoded = jwt.decode(token, secret, algorithms=[Algorithms.HS256])
                  ^^^^^^^^^^^^^^^^^^^^^^^^^^^^^^^^^^^^^^^^^^^^^^^^^^^^^^^^

tests/test_python_jose_unit.py:24: 
_ _ _ _ _ _ _ _ _ _ _ _ _ _ _ _ _ _ _ _ _ _ _ _ _ _ _ _ _ _ _ _ _ _ _ _ _ _ _ _ 
venv/lib/python3.12/site-packages/jose/jwt.py:154: in decode
    payload = jws.verify(token, key, algorithms, verify=verify_signature)
              ^^^^^^^^^^^^^^^^^^^^^^^^^^^^^^^^^^^^^^^^^^^^^^^^^^^^^^^^^^^
venv/lib/python3.12/site-packages/jose/jws.py:66: in verify
    header, payload, signing_input, signature = _load(token)
                                                ^^^^^^^^^^^^
_ _ _ _ _ _ _ _ _ _ _ _ _ _ _ _ _ _ _ _ _ _ _ _ _ _ _ _ _ _ _ _ _ _ _ _ _ _ _ _ 

jwt = None

    def _load(jwt):
        if isinstance(jwt, str):
            jwt = jwt.encode('utf-8')
        try:
>           signing_input, crypto_segment = jwt.rsplit(b'.', 1)
                                            ^^^^^^^^^^
E           AttributeError: 'NoneType' object has no attribute 'rsplit'

venv/lib/python3.12/site-packages/jose/jws.py:149: AttributeError
_______ test_jwt_decode_with_expired_token_raises_ExpiredSignatureError ________

    def test_jwt_decode_with_expired_token_raises_ExpiredSignatureError():
        """Asserts that jwt.decode raises ExpiredSignatureError when exp claim is in the past."""
        payload = {'sub': '1234567890', 'exp': int(time.time()) - 100}
        secret = 'secret'
        token = jwt.encode(payload, secret, algorithm=Algorithms.HS256)
        with pytest.raises(jwt.ExpiredSignatureError):
>           jwt.decode(token, secret, algorithms=[Algorithms.HS256])

tests/test_python_jose_unit.py:39: 
_ _ _ _ _ _ _ _ _ _ _ _ _ _ _ _ _ _ _ _ _ _ _ _ _ _ _ _ _ _ _ _ _ _ _ _ _ _ _ _ 
venv/lib/python3.12/site-packages/jose/jwt.py:154: in decode
    payload = jws.verify(token, key, algorithms, verify=verify_signature)
              ^^^^^^^^^^^^^^^^^^^^^^^^^^^^^^^^^^^^^^^^^^^^^^^^^^^^^^^^^^^
venv/lib/python3.12/site-packages/jose/jws.py:66: in verify
    header, payload, signing_input, signature = _load(token)
                                                ^^^^^^^^^^^^
_ _ _ _ _ _ _ _ _ _ _ _ _ _ _ _ _ _ _ _ _ _ _ _ _ _ _ _ _ _ _ _ _ _ _ _ _ _ _ _ 

jwt = None

    def _load(jwt):
        if isinstance(jwt, str):
            jwt = jwt.encode('utf-8')
        try:
>           signing_input, crypto_segment = jwt.rsplit(b'.', 1)
                                            ^^^^^^^^^^
E           AttributeError: 'NoneType' object has no attribute 'rsplit'

venv/lib/python3.12/site-packages/jose/jws.py:149: AttributeError
_____________ test_jwt_get_unverified_header_returns_headers_dict ______________

token = None

    def get_unverified_header(token):
        """Returns the decoded headers without verification of any kind.
    
        Args:
            token (str): A signed JWT to decode the headers from.
    
        Returns:
            dict: The dict representation of the token headers.
    
        Raises:
            JWTError: If there is an exception decoding the token.
        """
        try:
>           headers = jws.get_unverified_headers(token)
                      ^^^^^^^^^^^^^^^^^^^^^^^^^^^^^^^^^

venv/lib/python3.12/site-packages/jose/jwt.py:195: 
_ _ _ _ _ _ _ _ _ _ _ _ _ _ _ _ _ _ _ _ _ _ _ _ _ _ _ _ _ _ _ _ _ _ _ _ _ _ _ _ 
venv/lib/python3.12/site-packages/jose/jws.py:101: in get_unverified_headers
    return get_unverified_header(token)
           ^^^^^^^^^^^^^^^^^^^^^^^^^^^^
venv/lib/python3.12/site-packages/jose/jws.py:83: in get_unverified_header
    header, claims, signing_input, signature = _load(token)
                                               ^^^^^^^^^^^^
_ _ _ _ _ _ _ _ _ _ _ _ _ _ _ _ _ _ _ _ _ _ _ _ _ _ _ _ _ _ _ _ _ _ _ _ _ _ _ _ 

jwt = None

    def _load(jwt):
        if isinstance(jwt, str):
            jwt = jwt.encode('utf-8')
        try:
>           signing_input, crypto_segment = jwt.rsplit(b'.', 1)
                                            ^^^^^^^^^^
E           AttributeError: 'NoneType' object has no attribute 'rsplit'

venv/lib/python3.12/site-packages/jose/jws.py:149: AttributeError

During handling of the above exception, another exception occurred:

    def test_jwt_get_unverified_header_returns_headers_dict():
        """Asserts that get_unverified_header returns the header part of the token."""
        payload = {'sub': '1234567890'}
        secret = 'secret'
        token = jwt.encode(payload, secret, algorithm=Algorithms.HS256, headers={'kid': 'abc123'})
>       header = jwt.get_unverified_header(token)
                 ^^^^^^^^^^^^^^^^^^^^^^^^^^^^^^^^

tests/test_python_jose_unit.py:46: 
_ _ _ _ _ _ _ _ _ _ _ _ _ _ _ _ _ _ _ _ _ _ _ _ _ _ _ _ _ _ _ _ _ _ _ _ _ _ _ _ 

token = None

    def get_unverified_header(token):
        """Returns the decoded headers without verification of any kind.
    
        Args:
            token (str): A signed JWT to decode the headers from.
    
        Returns:
            dict: The dict representation of the token headers.
    
        Raises:
            JWTError: If there is an exception decoding the token.
        """
        try:
            headers = jws.get_unverified_headers(token)
        except Exception:
>           raise JWTError("Error decoding token headers.")
E           jose.exceptions.JWTError: Error decoding token headers.

venv/lib/python3.12/site-packages/jose/jwt.py:197: JWTError
_____________ test_jwt_get_unverified_claims_returns_payload_dict ______________

token = None

    def get_unverified_claims(token):
        """Returns the decoded claims without verification of any kind.
    
        Args:
            token (str): A signed JWT to decode the headers from.
    
        Returns:
            dict: The dict representation of the token claims.
    
        Raises:
            JWTError: If there is an exception decoding the token.
        """
        try:
>           claims = jws.get_unverified_claims(token)
                     ^^^^^^^^^^^^^^^^^^^^^^^^^^^^^^^^

venv/lib/python3.12/site-packages/jose/jwt.py:233: 
_ _ _ _ _ _ _ _ _ _ _ _ _ _ _ _ _ _ _ _ _ _ _ _ _ _ _ _ _ _ _ _ _ _ _ _ _ _ _ _ 
venv/lib/python3.12/site-packages/jose/jws.py:115: in get_unverified_claims
    header, claims, signing_input, signature = _load(token)
                                               ^^^^^^^^^^^^
_ _ _ _ _ _ _ _ _ _ _ _ _ _ _ _ _ _ _ _ _ _ _ _ _ _ _ _ _ _ _ _ _ _ _ _ _ _ _ _ 

jwt = None

    def _load(jwt):
        if isinstance(jwt, str):
            jwt = jwt.encode('utf-8')
        try:
>           signing_input, crypto_segment = jwt.rsplit(b'.', 1)
                                            ^^^^^^^^^^
E           AttributeError: 'NoneType' object has no attribute 'rsplit'

venv/lib/python3.12/site-packages/jose/jws.py:149: AttributeError

During handling of the above exception, another exception occurred:

    def test_jwt_get_unverified_claims_returns_payload_dict():
        """Asserts that get_unverified_claims returns the claims without verification."""
        payload = {'sub': '1234567890', 'admin': True}
        secret = 'secret'
        token = jwt.encode(payload, secret, algorithm=Algorithms.HS256)
>       claims = jwt.get_unverified_claims(token)
                 ^^^^^^^^^^^^^^^^^^^^^^^^^^^^^^^^

tests/test_python_jose_unit.py:56: 
_ _ _ _ _ _ _ _ _ _ _ _ _ _ _ _ _ _ _ _ _ _ _ _ _ _ _ _ _ _ _ _ _ _ _ _ _ _ _ _ 

token = None

    def get_unverified_claims(token):
        """Returns the decoded claims without verification of any kind.
    
        Args:
            token (str): A signed JWT to decode the headers from.
    
        Returns:
            dict: The dict representation of the token claims.
    
        Raises:
            JWTError: If there is an exception decoding the token.
        """
        try:
            claims = jws.get_unverified_claims(token)
        except Exception:
>           raise JWTError("Error decoding token claims.")
E           jose.exceptions.JWTError: Error decoding token claims.

venv/lib/python3.12/site-packages/jose/jwt.py:235: JWTError
________________ test_jwt_decode_with_audience_checks_aud_claim ________________

    def test_jwt_decode_with_audience_checks_aud_claim():
        """Asserts that jwt.decode validates the aud claim when audience is provided."""
        payload = {'sub': '123', 'aud': 'test-audience'}
        secret = 'secret'
        token = jwt.encode(payload, secret, algorithm=Algorithms.HS256)
>       jwt.decode(token, secret, algorithms=[Algorithms.HS256], audience='test-audience')

tests/test_python_jose_unit.py:64: 
_ _ _ _ _ _ _ _ _ _ _ _ _ _ _ _ _ _ _ _ _ _ _ _ _ _ _ _ _ _ _ _ _ _ _ _ _ _ _ _ 
venv/lib/python3.12/site-packages/jose/jwt.py:154: in decode
    payload = jws.verify(token, key, algorithms, verify=verify_signature)
              ^^^^^^^^^^^^^^^^^^^^^^^^^^^^^^^^^^^^^^^^^^^^^^^^^^^^^^^^^^^
venv/lib/python3.12/site-packages/jose/jws.py:66: in verify
    header, payload, signing_input, signature = _load(token)
                                                ^^^^^^^^^^^^
_ _ _ _ _ _ _ _ _ _ _ _ _ _ _ _ _ _ _ _ _ _ _ _ _ _ _ _ _ _ _ _ _ _ _ _ _ _ _ _ 

jwt = None

    def _load(jwt):
        if isinstance(jwt, str):
            jwt = jwt.encode('utf-8')
        try:
>           signing_input, crypto_segment = jwt.rsplit(b'.', 1)
                                            ^^^^^^^^^^
E           AttributeError: 'NoneType' object has no attribute 'rsplit'

venv/lib/python3.12/site-packages/jose/jws.py:149: AttributeError
=========================== short test summary info ============================
FAILED tests/test_python_jose_unit.py::test_jwt_encode_returns_string_with_hs256
FAILED tests/test_python_jose_unit.py::test_jwt_decode_with_valid_token_and_key_returns_claims
FAILED tests/test_python_jose_unit.py::test_jwt_decode_with_expired_token_raises_ExpiredSignatureError
FAILED tests/test_python_jose_unit.py::test_jwt_get_unverified_header_returns_headers_dict
FAILED tests/test_python_jose_unit.py::test_jwt_get_unverified_claims_returns_payload_dict
FAILED tests/test_python_jose_unit.py::test_jwt_decode_with_audience_checks_aud_claim
6 failed, 2 passed in 0.36s
