....F....                                                                [100%]
=================================== FAILURES ===================================
_______________________ test_jwt_encode_decode_roundtrip _______________________

    def test_jwt_encode_decode_roundtrip():
        """jwt.encode then jwt.decode with HS256 returns the original claims."""
        key = b'unit-test-secret-key'
        claims = {'sub': '1234567890', 'name': 'Alice', 'iat': 1700000000}
        token = jwt.encode(claims, key, algorithm=Algorithms.HS256)
        assert isinstance(token, str)
>       decoded = jwt.decode(token, key, algorithms=[Algorithms.HS256])
                  ^^^^^^^^^^^^^^^^^^^^^^^^^^^^^^^^^^^^^^^^^^^^^^^^^^^^^

tests/test_python_jose_unit.py:14: 
_ _ _ _ _ _ _ _ _ _ _ _ _ _ _ _ _ _ _ _ _ _ _ _ _ _ _ _ _ _ _ _ _ _ _ _ _ _ _ _ 
venv/lib/python3.12/site-packages/jose/jwt.py:129: in decode
    _validate_claims(claims, audience=audience, issuer=issuer, subject=subject, algorithm=algorithm, access_token=access_token, options=defaults)
venv/lib/python3.12/site-packages/jose/jwt.py:404: in _validate_claims
    _validate_iss(claims, issuer=issuer)
_ _ _ _ _ _ _ _ _ _ _ _ _ _ _ _ _ _ _ _ _ _ _ _ _ _ _ _ _ _ _ _ _ _ _ _ _ _ _ _ 

claims = {'sub': '1234567890', 'name': 'Alice', 'iat': 1700000000}
issuer = None

    def _validate_iss(claims, issuer=None):
        """Validates that the 'iss' claim is valid.
    
        The "iss" (issuer) claim identifies the principal that issued the
        JWT.  The processing of this claim is generally application specific.
        The "iss" value is a case-sensitive string containing a StringOrURI
        value.  Use of this claim is OPTIONAL.
    
        Args:
            claims (dict): The claims dictionary to validate.
            issuer (str or iterable): Acceptable value(s) for the issuer that
                                      signed the token.
        """
        if issuer is None:
            if isinstance(issuer, str):
                issuer = (issuer,)
>           if claims.get('iss') not in issuer:
               ^^^^^^^^^^^^^^^^^^^^^^^^^^^^^^^
E           TypeError: argument of type 'NoneType' is not iterable

venv/lib/python3.12/site-packages/jose/jwt.py:306: TypeError
=========================== short test summary info ============================
FAILED tests/test_python_jose_unit.py::test_jwt_encode_decode_roundtrip - Typ...
1 failed, 8 passed in 0.22s
